  Γû▓ Next.js 14.2.35
  - Environments: .env

   Creating an optimized production build ...
node.exe : Failed to compile.
At line:1 char:1
+ & "C:\Program Files\nodejs/node.exe" "C:\Program Files\nodejs/node_mo ...
+ ~~~~~~~~~~~~~~~~~~~~~~~~~~~~~~~~~~~~~~~~~~~~~~~~~~~~~~~~~~~~~~~~~~~~~
    + CategoryInfo          : NotSpecified: (Failed to compile.:String) [], Re 
   moteException
    + FullyQualifiedErrorId : NativeCommandError
 

./components/onboarding/seller/BankVerificationStep.tsx
Error: 
  [31mx[0m the name `Field` is defined multiple times
     ,-[[36;1;4mC:\FREELANCING\Custom 
Tolerance\components\onboarding\seller\BankVerificationStep.tsx[0m:1:1]
 [2m  1[0m | "use client";
 [2m  2[0m | 
 [2m  3[0m | import { Field, TextInput } from 
"@/components/onboarding/OnboardingV3Wizard";
     : [31;1m         ^^|^^[0m
     :            [31;1m`-- [31;1mprevious definition of `Field` here[0m[0m
 [2m  4[0m | import { DocumentUploadField } from "./DocumentUploadField";
 [2m  5[0m | import { SELLER_DOCUMENT_TYPE_KEYS } from 
"@/lib/marketplace/seller-onboarding-validation";
 [2m  6[0m | import type { StepProps } from "./types";
 [2m  7[0m | 
 [2m  8[0m | function Agreement({ label, checked, onChange }: { label: 
string; checked: boolean; onChange: (value: boolean) => void }) {
 [2m  9[0m |   return (
 [2m 10[0m |     <label className="flex min-h-10 items-center gap-3 
rounded-md border border-slate-200 px-3 py-2 text-sm font-medium 
text-slate-700">
 [2m 11[0m |       <input type="checkbox" checked={checked} onChange={(e) => 
onChange(e.target.checked)} />
 [2m 12[0m |       {label}
 [2m 13[0m |     </label>
 [2m 14[0m |   );
 [2m 15[0m | }
 [2m 16[0m | 
 [2m 17[0m | export function BankVerificationStep({ form, errors, documents, 
onFieldChange, onDocumentChange }: StepProps) {
 [2m 18[0m |   const isExporter = String(form.sellerType || "") === 
"Exporter";
 [2m 19[0m | 
 [2m 20[0m |   return (
 [2m 21[0m |     <div className="mt-6 space-y-8">
 [2m 22[0m |       <p className="text-sm text-slate-600">Complete KYC 
requirements needed for marketplace activation.</p>
 [2m 23[0m | 
 [2m 24[0m |       {/* Bank Details */}
 [2m 25[0m |       <div className="rounded-lg border border-slate-200 
bg-slate-50/50 p-5">
 [2m 26[0m |         <h3 className="mb-4 text-sm font-bold uppercase 
tracking-wide text-slate-500">Bank Details</h3>
 [2m 27[0m |         <div className="grid gap-4 lg:grid-cols-3">
 [2m 28[0m |           <Field label="Bank name" required 
error={errors.bankName}>
 [2m 29[0m |             <TextInput
 [2m 30[0m |               value={String(form.bankName || "")}
 [2m 31[0m |               onChange={(e) => onFieldChange("bankName", 
e.target.value)}
 [2m 32[0m |               error={Boolean(errors.bankName)}
 [2m 33[0m |             />
 [2m 34[0m |           </Field>
 [2m 35[0m |           <Field label="Account holder name" required 
error={errors.accountHolderName}>
 [2m 36[0m |             <TextInput
 [2m 37[0m |               value={String(form.accountHolderName || "")}
 [2m 38[0m |               onChange={(e) => 
onFieldChange("accountHolderName", e.target.value)}
 [2m 39[0m |               error={Boolean(errors.accountHolderName)}
 [2m 40[0m |             />
 [2m 41[0m |           </Field>
 [2m 42[0m |           <Field label="Account number" required 
error={errors.accountNumber}>
 [2m 43[0m |             <TextInput
 [2m 44[0m |               value={String(form.accountNumber || "")}
 [2m 45[0m |               onChange={(e) => onFieldChange("accountNumber", 
e.target.value)}
 [2m 46[0m |               error={Boolean(errors.accountNumber)}
 [2m 47[0m |             />
 [2m 48[0m |           </Field>
 [2m 49[0m |           <Field label="Confirm account number" required 
error={errors.confirmAccountNumber}>
 [2m 50[0m |             <TextInput
 [2m 51[0m |               value={String(form.confirmAccountNumber || "")}
 [2m 52[0m |               onChange={(e) => 
onFieldChange("confirmAccountNumber", e.target.value)}
 [2m 53[0m |               error={Boolean(errors.confirmAccountNumber)}
 [2m 54[0m |             />
 [2m 55[0m |           </Field>
 [2m 56[0m |           <Field label="IFSC code" required 
error={errors.ifscCode}>
 [2m 57[0m |             <TextInput
 [2m 58[0m |               value={String(form.ifscCode || "")}
 [2m 59[0m |               onChange={(e) => onFieldChange("ifscCode", 
e.target.value.toUpperCase())}
 [2m 60[0m |               error={Boolean(errors.ifscCode)}
 [2m 61[0m |             />
 [2m 62[0m |           </Field>
 [2m 63[0m |           <Field label="Branch name" required 
error={errors.branchName}>
 [2m 64[0m |             <TextInput
 [2m 65[0m |               value={String(form.branchName || "")}
 [2m 66[0m |               onChange={(e) => onFieldChange("branchName", 
e.target.value)}
 [2m 67[0m |               error={Boolean(errors.branchName)}
 [2m 68[0m |             />
 [2m 69[0m |           </Field>
 [2m 70[0m |         </div>
 [2m 71[0m |       </div>
 [2m 72[0m | 
 [2m 73[0m |       {/* KYC Documents ΓÇö Document Center */}
 [2m 74[0m |       <div className="rounded-lg border border-slate-200 
bg-slate-50/50 p-5">
 [2m 75[0m |         <h3 className="mb-4 text-sm font-bold uppercase 
tracking-wide text-slate-500">KYC Documents</h3>
 [2m 76[0m |         <div className="grid gap-4 lg:grid-cols-3">
 [2m 77[0m |           <DocumentUploadField
 [2m 78[0m |             label="Cancelled Cheque"
 [2m 79[0m |             required
 [2m 80[0m |             
documentType={SELLER_DOCUMENT_TYPE_KEYS.cancelledCheque}
 [2m 81[0m |             accept=".pdf,.jpg,.jpeg,.png"
 [2m 82[0m |             maxSizeMB={10}
 [2m 83[0m |             
asset={documents[SELLER_DOCUMENT_TYPE_KEYS.cancelledCheque]}
 [2m 84[0m |             error={errors.cancelledChequeDocumentId}
 [2m 85[0m |             onChange={(asset) => 
onDocumentChange(SELLER_DOCUMENT_TYPE_KEYS.cancelledCheque, asset)}
 [2m 86[0m |           />
 [2m 87[0m |           <DocumentUploadField
 [2m 88[0m |             label="GST Certificate"
 [2m 89[0m |             required
 [2m 90[0m |             
documentType={SELLER_DOCUMENT_TYPE_KEYS.gstCertificate}
 [2m 91[0m |             accept=".pdf"
 [2m 92[0m |             maxSizeMB={10}
 [2m 93[0m |             
asset={documents[SELLER_DOCUMENT_TYPE_KEYS.gstCertificate]}
 [2m 94[0m |             error={errors.gstCertificateDocumentId}
 [2m 95[0m |             onChange={(asset) => 
onDocumentChange(SELLER_DOCUMENT_TYPE_KEYS.gstCertificate, asset)}
 [2m 96[0m |           />
 [2m 97[0m |           <DocumentUploadField
 [2m 98[0m |             label="PAN Card"
 [2m 99[0m |             required
 [2m100[0m |             documentType={SELLER_DOCUMENT_TYPE_KEYS.panCard}
 [2m101[0m |             accept=".pdf,.jpg,.jpeg,.png"
 [2m102[0m |             maxSizeMB={10}
 [2m103[0m |             asset={documents[SELLER_DOCUMENT_TYPE_KEYS.panCard]}
 [2m104[0m |             error={errors.panCardDocumentId}
 [2m105[0m |             onChange={(asset) => 
onDocumentChange(SELLER_DOCUMENT_TYPE_KEYS.panCard, asset)}
 [2m106[0m |           />
 [2m107[0m |           <DocumentUploadField
 [2m108[0m |             label="Factory License"
 [2m109[0m |             required
 [2m110[0m |             
documentType={SELLER_DOCUMENT_TYPE_KEYS.factoryLicense}
 [2m111[0m |             accept=".pdf"
 [2m112[0m |             maxSizeMB={10}
 [2m113[0m |             
asset={documents[SELLER_DOCUMENT_TYPE_KEYS.factoryLicense]}
 [2m114[0m |             error={errors.factoryLicenseDocumentId}
 [2m115[0m |             onChange={(asset) => 
onDocumentChange(SELLER_DOCUMENT_TYPE_KEYS.factoryLicense, asset)}
 [2m116[0m |           />
 [2m117[0m |           {isExporter ? (
 [2m118[0m |             <>
 [2m119[0m |               <Field label="IEC number" required 
error={errors.iecNumber}>
 [2m120[0m |                 <TextInput
 [2m121[0m |                   value={String(form.iecNumber || "")}
 [2m122[0m |                   onChange={(e) => onFieldChange("iecNumber", 
e.target.value)}
 [2m123[0m |                   error={Boolean(errors.iecNumber)}
 [2m124[0m |                 />
 [2m125[0m |               </Field>
 [2m126[0m |               <DocumentUploadField
 [2m127[0m |                 label="IEC Certificate"
 [2m128[0m |                 required
 [2m129[0m |                 
documentType={SELLER_DOCUMENT_TYPE_KEYS.iecCertificate}
 [2m130[0m |                 accept=".pdf"
 [2m131[0m |                 maxSizeMB={10}
 [2m132[0m |                 
asset={documents[SELLER_DOCUMENT_TYPE_KEYS.iecCertificate]}
 [2m133[0m |                 error={errors.iecCertificateDocumentId}
 [2m134[0m |                 onChange={(asset) => 
onDocumentChange(SELLER_DOCUMENT_TYPE_KEYS.iecCertificate, asset)}
 [2m135[0m |               />
 [2m136[0m |             </>
 [2m137[0m |           ) : null}
 [2m138[0m |           <DocumentUploadField
 [2m139[0m |             label="DUNS Certificate"
 [2m140[0m |             
documentType={SELLER_DOCUMENT_TYPE_KEYS.dunsCertificate}
 [2m141[0m |             accept=".pdf"
 [2m142[0m |             maxSizeMB={10}
 [2m143[0m |             
asset={documents[SELLER_DOCUMENT_TYPE_KEYS.dunsCertificate]}
 [2m144[0m |             error={errors.dunsCertificateDocumentId}
 [2m145[0m |             onChange={(asset) => 
onDocumentChange(SELLER_DOCUMENT_TYPE_KEYS.dunsCertificate, asset)}
 [2m146[0m |           />
 [2m147[0m |           <DocumentUploadField
 [2m148[0m |             label="Udyam Certificate"
 [2m149[0m |             
documentType={SELLER_DOCUMENT_TYPE_KEYS.udyamCertificate}
 [2m150[0m |             accept=".pdf"
 [2m151[0m |             maxSizeMB={10}
 [2m152[0m |             
asset={documents[SELLER_DOCUMENT_TYPE_KEYS.udyamCertificate]}
 [2m153[0m |             error={errors.udyamCertificateDocumentId}
 [2m154[0m |             onChange={(asset) => 
onDocumentChange(SELLER_DOCUMENT_TYPE_KEYS.udyamCertificate, asset)}
 [2m155[0m |           />
 [2m156[0m |         </div>
 [2m157[0m |         {isExporter ? null : (
 [2m158[0m |           <div className="mt-4 grid gap-4 lg:grid-cols-3">
 [2m159[0m |             <Field label="DUNS Number" 
error={errors.dunsNumber}>
 [2m160[0m |               <TextInput value={String(form.dunsNumber || "")} 
onChange={(e) => onFieldChange("dunsNumber", e.target.value)} />
 [2m161[0m |             </Field>
 [2m162[0m |             <Field label="Udyam Number" 
error={errors.msmeNumber}>
 [2m163[0m |               <TextInput value={String(form.msmeNumber || "")} 
onChange={(e) => onFieldChange("msmeNumber", e.target.value)} />
 [2m164[0m |             </Field>
 [2m165[0m |           </div>
 [2m166[0m |         )}
 [2m167[0m |       </div>
 [2m168[0m | 
 [2m169[0m |       {/* PAN Number */}
 [2m170[0m |       <div className="grid gap-4 lg:grid-cols-3">
 [2m171[0m |         <Field label="PAN number" required 
error={errors.panNumber}>
 [2m172[0m |           <TextInput
 [2m173[0m |             value={String(form.panNumber || "")}
 [2m174[0m |             onChange={(e) => onFieldChange("panNumber", 
e.target.value.toUpperCase())}
 [2m175[0m |             error={Boolean(errors.panNumber)}
 [2m176[0m |           />
 [2m177[0m |         </Field>
 [2m178[0m |       </div>
 [2m179[0m | 
 [2m180[0m |       {/* Agreements */}
 [2m181[0m |       <div className="grid gap-3 lg:grid-cols-2">
 [2m182[0m |         <Agreement label="Seller Agreement" 
checked={Boolean(form.sellerAgreement)} onChange={(value) => 
onFieldChange("sellerAgreement", value)} />
 [2m183[0m |         <Agreement label="Terms and Conditions" 
checked={Boolean(form.termsAccepted)} onChange={(value) => 
onFieldChange("termsAccepted", value)} />
 [2m184[0m |         <Agreement label="Privacy Policy" 
checked={Boolean(form.privacyAccepted)} onChange={(value) => 
onFieldChange("privacyAccepted", value)} />
 [2m185[0m |         <Agreement label="KYC Consent" 
checked={Boolean(form.kycConsent)} onChange={(value) => 
onFieldChange("kycConsent", value)} />
 [2m186[0m |       </div>
 [2m187[0m |     </div>
 [2m188[0m |   );
 [2m189[0m | }
 [2m190[0m | "use client";
 [2m191[0m | 
 [2m192[0m | import { Field, TextInput } from 
"@/components/onboarding/OnboardingV3Wizard";
     : [33;1m         ^^|^^[0m
     :            [33;1m`-- [33;1m`Field` redefined here[0m[0m
 [2m193[0m | import { DocumentUploadField } from "./DocumentUploadField";
 [2m194[0m | import { SELLER_DOCUMENT_TYPE_KEYS } from 
"@/lib/marketplace/seller-onboarding-validation";
 [2m194[0m | import type { StepProps } from "./types";
     `----

  [31mx[0m the name `TextInput` is defined multiple times
     ,-[[36;1;4mC:\FREELANCING\Custom 
Tolerance\components\onboarding\seller\BankVerificationStep.tsx[0m:1:1]
 [2m  1[0m | "use client";
 [2m  2[0m | 
 [2m  3[0m | import { Field, TextInput } from 
"@/components/onboarding/OnboardingV3Wizard";
     : [31;1m                ^^^^|^^^^[0m
     :                     [31;1m`-- [31;1mprevious definition of 
`TextInput` here[0m[0m
 [2m  4[0m | import { DocumentUploadField } from "./DocumentUploadField";
 [2m  5[0m | import { SELLER_DOCUMENT_TYPE_KEYS } from 
"@/lib/marketplace/seller-onboarding-validation";
 [2m  6[0m | import type { StepProps } from "./types";
 [2m  7[0m | 
 [2m  8[0m | function Agreement({ label, checked, onChange }: { label: 
string; checked: boolean; onChange: (value: boolean) => void }) {
 [2m  9[0m |   return (
 [2m 10[0m |     <label className="flex min-h-10 items-center gap-3 
rounded-md border border-slate-200 px-3 py-2 text-sm font-medium 
text-slate-700">
 [2m 11[0m |       <input type="checkbox" checked={checked} onChange={(e) => 
onChange(e.target.checked)} />
 [2m 12[0m |       {label}
 [2m 13[0m |     </label>
 [2m 14[0m |   );
 [2m 15[0m | }
 [2m 16[0m | 
 [2m 17[0m | export function BankVerificationStep({ form, errors, documents, 
onFieldChange, onDocumentChange }: StepProps) {
 [2m 18[0m |   const isExporter = String(form.sellerType || "") === 
"Exporter";
 [2m 19[0m | 
 [2m 20[0m |   return (
 [2m 21[0m |     <div className="mt-6 space-y-8">
 [2m 22[0m |       <p className="text-sm text-slate-600">Complete KYC 
requirements needed for marketplace activation.</p>
 [2m 23[0m | 
 [2m 24[0m |       {/* Bank Details */}
 [2m 25[0m |       <div className="rounded-lg border border-slate-200 
bg-slate-50/50 p-5">
 [2m 26[0m |         <h3 className="mb-4 text-sm font-bold uppercase 
tracking-wide text-slate-500">Bank Details</h3>
 [2m 27[0m |         <div className="grid gap-4 lg:grid-cols-3">
 [2m 28[0m |           <Field label="Bank name" required 
error={errors.bankName}>
 [2m 29[0m |             <TextInput
 [2m 30[0m |               value={String(form.bankName || "")}
 [2m 31[0m |               onChange={(e) => onFieldChange("bankName", 
e.target.value)}
 [2m 32[0m |               error={Boolean(errors.bankName)}
 [2m 33[0m |             />
 [2m 34[0m |           </Field>
 [2m 35[0m |           <Field label="Account holder name" required 
error={errors.accountHolderName}>
 [2m 36[0m |             <TextInput
 [2m 37[0m |               value={String(form.accountHolderName || "")}
 [2m 38[0m |               onChange={(e) => 
onFieldChange("accountHolderName", e.target.value)}
 [2m 39[0m |               error={Boolean(errors.accountHolderName)}
 [2m 40[0m |             />
 [2m 41[0m |           </Field>
 [2m 42[0m |           <Field label="Account number" required 
error={errors.accountNumber}>
 [2m 43[0m |             <TextInput
 [2m 44[0m |               value={String(form.accountNumber || "")}
 [2m 45[0m |               onChange={(e) => onFieldChange("accountNumber", 
e.target.value)}
 [2m 46[0m |               error={Boolean(errors.accountNumber)}
 [2m 47[0m |             />
 [2m 48[0m |           </Field>
 [2m 49[0m |           <Field label="Confirm account number" required 
error={errors.confirmAccountNumber}>
 [2m 50[0m |             <TextInput
 [2m 51[0m |               value={String(form.confirmAccountNumber || "")}
 [2m 52[0m |               onChange={(e) => 
onFieldChange("confirmAccountNumber", e.target.value)}
 [2m 53[0m |               error={Boolean(errors.confirmAccountNumber)}
 [2m 54[0m |             />
 [2m 55[0m |           </Field>
 [2m 56[0m |           <Field label="IFSC code" required 
error={errors.ifscCode}>
 [2m 57[0m |             <TextInput
 [2m 58[0m |               value={String(form.ifscCode || "")}
 [2m 59[0m |               onChange={(e) => onFieldChange("ifscCode", 
e.target.value.toUpperCase())}
 [2m 60[0m |               error={Boolean(errors.ifscCode)}
 [2m 61[0m |             />
 [2m 62[0m |           </Field>
 [2m 63[0m |           <Field label="Branch name" required 
error={errors.branchName}>
 [2m 64[0m |             <TextInput
 [2m 65[0m |               value={String(form.branchName || "")}
 [2m 66[0m |               onChange={(e) => onFieldChange("branchName", 
e.target.value)}
 [2m 67[0m |               error={Boolean(errors.branchName)}
 [2m 68[0m |             />
 [2m 69[0m |           </Field>
 [2m 70[0m |         </div>
 [2m 71[0m |       </div>
 [2m 72[0m | 
 [2m 73[0m |       {/* KYC Documents ΓÇö Document Center */}
 [2m 74[0m |       <div className="rounded-lg border border-slate-200 
bg-slate-50/50 p-5">
 [2m 75[0m |         <h3 className="mb-4 text-sm font-bold uppercase 
tracking-wide text-slate-500">KYC Documents</h3>
 [2m 76[0m |         <div className="grid gap-4 lg:grid-cols-3">
 [2m 77[0m |           <DocumentUploadField
 [2m 78[0m |             label="Cancelled Cheque"
 [2m 79[0m |             required
 [2m 80[0m |             
documentType={SELLER_DOCUMENT_TYPE_KEYS.cancelledCheque}
 [2m 81[0m |             accept=".pdf,.jpg,.jpeg,.png"
 [2m 82[0m |             maxSizeMB={10}
 [2m 83[0m |             
asset={documents[SELLER_DOCUMENT_TYPE_KEYS.cancelledCheque]}
 [2m 84[0m |             error={errors.cancelledChequeDocumentId}
 [2m 85[0m |             onChange={(asset) => 
onDocumentChange(SELLER_DOCUMENT_TYPE_KEYS.cancelledCheque, asset)}
 [2m 86[0m |           />
 [2m 87[0m |           <DocumentUploadField
 [2m 88[0m |             label="GST Certificate"
 [2m 89[0m |             required
 [2m 90[0m |             
documentType={SELLER_DOCUMENT_TYPE_KEYS.gstCertificate}
 [2m 91[0m |             accept=".pdf"
 [2m 92[0m |             maxSizeMB={10}
 [2m 93[0m |             
asset={documents[SELLER_DOCUMENT_TYPE_KEYS.gstCertificate]}
 [2m 94[0m |             error={errors.gstCertificateDocumentId}
 [2m 95[0m |             onChange={(asset) => 
onDocumentChange(SELLER_DOCUMENT_TYPE_KEYS.gstCertificate, asset)}
 [2m 96[0m |           />
 [2m 97[0m |           <DocumentUploadField
 [2m 98[0m |             label="PAN Card"
 [2m 99[0m |             required
 [2m100[0m |             documentType={SELLER_DOCUMENT_TYPE_KEYS.panCard}
 [2m101[0m |             accept=".pdf,.jpg,.jpeg,.png"
 [2m102[0m |             maxSizeMB={10}
 [2m103[0m |             asset={documents[SELLER_DOCUMENT_TYPE_KEYS.panCard]}
 [2m104[0m |             error={errors.panCardDocumentId}
 [2m105[0m |             onChange={(asset) => 
onDocumentChange(SELLER_DOCUMENT_TYPE_KEYS.panCard, asset)}
 [2m106[0m |           />
 [2m107[0m |           <DocumentUploadField
 [2m108[0m |             label="Factory License"
 [2m109[0m |             required
 [2m110[0m |             
documentType={SELLER_DOCUMENT_TYPE_KEYS.factoryLicense}
 [2m111[0m |             accept=".pdf"
 [2m112[0m |             maxSizeMB={10}
 [2m113[0m |             
asset={documents[SELLER_DOCUMENT_TYPE_KEYS.factoryLicense]}
 [2m114[0m |             error={errors.factoryLicenseDocumentId}
 [2m115[0m |             onChange={(asset) => 
onDocumentChange(SELLER_DOCUMENT_TYPE_KEYS.factoryLicense, asset)}
 [2m116[0m |           />
 [2m117[0m |           {isExporter ? (
 [2m118[0m |             <>
 [2m119[0m |               <Field label="IEC number" required 
error={errors.iecNumber}>
 [2m120[0m |                 <TextInput
 [2m121[0m |                   value={String(form.iecNumber || "")}
 [2m122[0m |                   onChange={(e) => onFieldChange("iecNumber", 
e.target.value)}
 [2m123[0m |                   error={Boolean(errors.iecNumber)}
 [2m124[0m |                 />
 [2m125[0m |               </Field>
 [2m126[0m |               <DocumentUploadField
 [2m127[0m |                 label="IEC Certificate"
 [2m128[0m |                 required
 [2m129[0m |                 
documentType={SELLER_DOCUMENT_TYPE_KEYS.iecCertificate}
 [2m130[0m |                 accept=".pdf"
 [2m131[0m |                 maxSizeMB={10}
 [2m132[0m |                 
asset={documents[SELLER_DOCUMENT_TYPE_KEYS.iecCertificate]}
 [2m133[0m |                 error={errors.iecCertificateDocumentId}
 [2m134[0m |                 onChange={(asset) => 
onDocumentChange(SELLER_DOCUMENT_TYPE_KEYS.iecCertificate, asset)}
 [2m135[0m |               />
 [2m136[0m |             </>
 [2m137[0m |           ) : null}
 [2m138[0m |           <DocumentUploadField
 [2m139[0m |             label="DUNS Certificate"
 [2m140[0m |             
documentType={SELLER_DOCUMENT_TYPE_KEYS.dunsCertificate}
 [2m141[0m |             accept=".pdf"
 [2m142[0m |             maxSizeMB={10}
 [2m143[0m |             
asset={documents[SELLER_DOCUMENT_TYPE_KEYS.dunsCertificate]}
 [2m144[0m |             error={errors.dunsCertificateDocumentId}
 [2m145[0m |             onChange={(asset) => 
onDocumentChange(SELLER_DOCUMENT_TYPE_KEYS.dunsCertificate, asset)}
 [2m146[0m |           />
 [2m147[0m |           <DocumentUploadField
 [2m148[0m |             label="Udyam Certificate"
 [2m149[0m |             
documentType={SELLER_DOCUMENT_TYPE_KEYS.udyamCertificate}
 [2m150[0m |             accept=".pdf"
 [2m151[0m |             maxSizeMB={10}
 [2m152[0m |             
asset={documents[SELLER_DOCUMENT_TYPE_KEYS.udyamCertificate]}
 [2m153[0m |             error={errors.udyamCertificateDocumentId}
 [2m154[0m |             onChange={(asset) => 
onDocumentChange(SELLER_DOCUMENT_TYPE_KEYS.udyamCertificate, asset)}
 [2m155[0m |           />
 [2m156[0m |         </div>
 [2m157[0m |         {isExporter ? null : (
 [2m158[0m |           <div className="mt-4 grid gap-4 lg:grid-cols-3">
 [2m159[0m |             <Field label="DUNS Number" 
error={errors.dunsNumber}>
 [2m160[0m |               <TextInput value={String(form.dunsNumber || "")} 
onChange={(e) => onFieldChange("dunsNumber", e.target.value)} />
 [2m161[0m |             </Field>
 [2m162[0m |             <Field label="Udyam Number" 
error={errors.msmeNumber}>
 [2m163[0m |               <TextInput value={String(form.msmeNumber || "")} 
onChange={(e) => onFieldChange("msmeNumber", e.target.value)} />
 [2m164[0m |             </Field>
 [2m165[0m |           </div>
 [2m166[0m |         )}
 [2m167[0m |       </div>
 [2m168[0m | 
 [2m169[0m |       {/* PAN Number */}
 [2m170[0m |       <div className="grid gap-4 lg:grid-cols-3">
 [2m171[0m |         <Field label="PAN number" required 
error={errors.panNumber}>
 [2m172[0m |           <TextInput
 [2m173[0m |             value={String(form.panNumber || "")}
 [2m174[0m |             onChange={(e) => onFieldChange("panNumber", 
e.target.value.toUpperCase())}
 [2m175[0m |             error={Boolean(errors.panNumber)}
 [2m176[0m |           />
 [2m177[0m |         </Field>
 [2m178[0m |       </div>
 [2m179[0m | 
 [2m180[0m |       {/* Agreements */}
 [2m181[0m |       <div className="grid gap-3 lg:grid-cols-2">
 [2m182[0m |         <Agreement label="Seller Agreement" 
checked={Boolean(form.sellerAgreement)} onChange={(value) => 
onFieldChange("sellerAgreement", value)} />
 [2m183[0m |         <Agreement label="Terms and Conditions" 
checked={Boolean(form.termsAccepted)} onChange={(value) => 
onFieldChange("termsAccepted", value)} />
 [2m184[0m |         <Agreement label="Privacy Policy" 
checked={Boolean(form.privacyAccepted)} onChange={(value) => 
onFieldChange("privacyAccepted", value)} />
 [2m185[0m |         <Agreement label="KYC Consent" 
checked={Boolean(form.kycConsent)} onChange={(value) => 
onFieldChange("kycConsent", value)} />
 [2m186[0m |       </div>
 [2m187[0m |     </div>
 [2m188[0m |   );
 [2m189[0m | }
 [2m190[0m | "use client";
 [2m191[0m | 
 [2m192[0m | import { Field, TextInput } from 
"@/components/onboarding/OnboardingV3Wizard";
     : [33;1m                ^^^^|^^^^[0m
     :                     [33;1m`-- [33;1m`TextInput` redefined here[0m[0m
 [2m193[0m | import { DocumentUploadField } from "./DocumentUploadField";
 [2m194[0m | import { SELLER_DOCUMENT_TYPE_KEYS } from 
"@/lib/marketplace/seller-onboarding-validation";
 [2m194[0m | import type { StepProps } from "./types";
     `----

  [31mx[0m the name `DocumentUploadField` is defined multiple times
     ,-[[36;1;4mC:\FREELANCING\Custom 
Tolerance\components\onboarding\seller\BankVerificationStep.tsx[0m:1:1]
 [2m  1[0m | "use client";
 [2m  2[0m | 
 [2m  3[0m | import { Field, TextInput } from 
"@/components/onboarding/OnboardingV3Wizard";
 [2m  4[0m | import { DocumentUploadField } from "./DocumentUploadField";
     : [31;1m         ^^^^^^^^^|^^^^^^^^^[0m
     :                   [31;1m`-- [31;1mprevious definition of 
`DocumentUploadField` here[0m[0m
 [2m  5[0m | import { SELLER_DOCUMENT_TYPE_KEYS } from 
"@/lib/marketplace/seller-onboarding-validation";
 [2m  6[0m | import type { StepProps } from "./types";
 [2m  7[0m | 
 [2m  8[0m | function Agreement({ label, checked, onChange }: { label: 
string; checked: boolean; onChange: (value: boolean) => void }) {
 [2m  9[0m |   return (
 [2m 10[0m |     <label className="flex min-h-10 items-center gap-3 
rounded-md border border-slate-200 px-3 py-2 text-sm font-medium 
text-slate-700">
 [2m 11[0m |       <input type="checkbox" checked={checked} onChange={(e) => 
onChange(e.target.checked)} />
 [2m 12[0m |       {label}
 [2m 13[0m |     </label>
 [2m 14[0m |   );
 [2m 15[0m | }
 [2m 16[0m | 
 [2m 17[0m | export function BankVerificationStep({ form, errors, documents, 
onFieldChange, onDocumentChange }: StepProps) {
 [2m 18[0m |   const isExporter = String(form.sellerType || "") === 
"Exporter";
 [2m 19[0m | 
 [2m 20[0m |   return (
 [2m 21[0m |     <div className="mt-6 space-y-8">
 [2m 22[0m |       <p className="text-sm text-slate-600">Complete KYC 
requirements needed for marketplace activation.</p>
 [2m 23[0m | 
 [2m 24[0m |       {/* Bank Details */}
 [2m 25[0m |       <div className="rounded-lg border border-slate-200 
bg-slate-50/50 p-5">
 [2m 26[0m |         <h3 className="mb-4 text-sm font-bold uppercase 
tracking-wide text-slate-500">Bank Details</h3>
 [2m 27[0m |         <div className="grid gap-4 lg:grid-cols-3">
 [2m 28[0m |           <Field label="Bank name" required 
error={errors.bankName}>
 [2m 29[0m |             <TextInput
 [2m 30[0m |               value={String(form.bankName || "")}
 [2m 31[0m |               onChange={(e) => onFieldChange("bankName", 
e.target.value)}
 [2m 32[0m |               error={Boolean(errors.bankName)}
 [2m 33[0m |             />
 [2m 34[0m |           </Field>
 [2m 35[0m |           <Field label="Account holder name" required 
error={errors.accountHolderName}>
 [2m 36[0m |             <TextInput
 [2m 37[0m |               value={String(form.accountHolderName || "")}
 [2m 38[0m |               onChange={(e) => 
onFieldChange("accountHolderName", e.target.value)}
 [2m 39[0m |               error={Boolean(errors.accountHolderName)}
 [2m 40[0m |             />
 [2m 41[0m |           </Field>
 [2m 42[0m |           <Field label="Account number" required 
error={errors.accountNumber}>
 [2m 43[0m |             <TextInput
 [2m 44[0m |               value={String(form.accountNumber || "")}
 [2m 45[0m |               onChange={(e) => onFieldChange("accountNumber", 
e.target.value)}
 [2m 46[0m |               error={Boolean(errors.accountNumber)}
 [2m 47[0m |             />
 [2m 48[0m |           </Field>
 [2m 49[0m |           <Field label="Confirm account number" required 
error={errors.confirmAccountNumber}>
 [2m 50[0m |             <TextInput
 [2m 51[0m |               value={String(form.confirmAccountNumber || "")}
 [2m 52[0m |               onChange={(e) => 
onFieldChange("confirmAccountNumber", e.target.value)}
 [2m 53[0m |               error={Boolean(errors.confirmAccountNumber)}
 [2m 54[0m |             />
 [2m 55[0m |           </Field>
 [2m 56[0m |           <Field label="IFSC code" required 
error={errors.ifscCode}>
 [2m 57[0m |             <TextInput
 [2m 58[0m |               value={String(form.ifscCode || "")}
 [2m 59[0m |               onChange={(e) => onFieldChange("ifscCode", 
e.target.value.toUpperCase())}
 [2m 60[0m |               error={Boolean(errors.ifscCode)}
 [2m 61[0m |             />
 [2m 62[0m |           </Field>
 [2m 63[0m |           <Field label="Branch name" required 
error={errors.branchName}>
 [2m 64[0m |             <TextInput
 [2m 65[0m |               value={String(form.branchName || "")}
 [2m 66[0m |               onChange={(e) => onFieldChange("branchName", 
e.target.value)}
 [2m 67[0m |               error={Boolean(errors.branchName)}
 [2m 68[0m |             />
 [2m 69[0m |           </Field>
 [2m 70[0m |         </div>
 [2m 71[0m |       </div>
 [2m 72[0m | 
 [2m 73[0m |       {/* KYC Documents ΓÇö Document Center */}
 [2m 74[0m |       <div className="rounded-lg border border-slate-200 
bg-slate-50/50 p-5">
 [2m 75[0m |         <h3 className="mb-4 text-sm font-bold uppercase 
tracking-wide text-slate-500">KYC Documents</h3>
 [2m 76[0m |         <div className="grid gap-4 lg:grid-cols-3">
 [2m 77[0m |           <DocumentUploadField
 [2m 78[0m |             label="Cancelled Cheque"
 [2m 79[0m |             required
 [2m 80[0m |             
documentType={SELLER_DOCUMENT_TYPE_KEYS.cancelledCheque}
 [2m 81[0m |             accept=".pdf,.jpg,.jpeg,.png"
 [2m 82[0m |             maxSizeMB={10}
 [2m 83[0m |             
asset={documents[SELLER_DOCUMENT_TYPE_KEYS.cancelledCheque]}
 [2m 84[0m |             error={errors.cancelledChequeDocumentId}
 [2m 85[0m |             onChange={(asset) => 
onDocumentChange(SELLER_DOCUMENT_TYPE_KEYS.cancelledCheque, asset)}
 [2m 86[0m |           />
 [2m 87[0m |           <DocumentUploadField
 [2m 88[0m |             label="GST Certificate"
 [2m 89[0m |             required
 [2m 90[0m |             
documentType={SELLER_DOCUMENT_TYPE_KEYS.gstCertificate}
 [2m 91[0m |             accept=".pdf"
 [2m 92[0m |             maxSizeMB={10}
 [2m 93[0m |             
asset={documents[SELLER_DOCUMENT_TYPE_KEYS.gstCertificate]}
 [2m 94[0m |             error={errors.gstCertificateDocumentId}
 [2m 95[0m |             onChange={(asset) => 
onDocumentChange(SELLER_DOCUMENT_TYPE_KEYS.gstCertificate, asset)}
 [2m 96[0m |           />
 [2m 97[0m |           <DocumentUploadField
 [2m 98[0m |             label="PAN Card"
 [2m 99[0m |             required
 [2m100[0m |             documentType={SELLER_DOCUMENT_TYPE_KEYS.panCard}
 [2m101[0m |             accept=".pdf,.jpg,.jpeg,.png"
 [2m102[0m |             maxSizeMB={10}
 [2m103[0m |             asset={documents[SELLER_DOCUMENT_TYPE_KEYS.panCard]}
 [2m104[0m |             error={errors.panCardDocumentId}
 [2m105[0m |             onChange={(asset) => 
onDocumentChange(SELLER_DOCUMENT_TYPE_KEYS.panCard, asset)}
 [2m106[0m |           />
 [2m107[0m |           <DocumentUploadField
 [2m108[0m |             label="Factory License"
 [2m109[0m |             required
 [2m110[0m |             
documentType={SELLER_DOCUMENT_TYPE_KEYS.factoryLicense}
 [2m111[0m |             accept=".pdf"
 [2m112[0m |             maxSizeMB={10}
 [2m113[0m |             
asset={documents[SELLER_DOCUMENT_TYPE_KEYS.factoryLicense]}
 [2m114[0m |             error={errors.factoryLicenseDocumentId}
 [2m115[0m |             onChange={(asset) => 
onDocumentChange(SELLER_DOCUMENT_TYPE_KEYS.factoryLicense, asset)}
 [2m116[0m |           />
 [2m117[0m |           {isExporter ? (
 [2m118[0m |             <>
 [2m119[0m |               <Field label="IEC number" required 
error={errors.iecNumber}>
 [2m120[0m |                 <TextInput
 [2m121[0m |                   value={String(form.iecNumber || "")}
 [2m122[0m |                   onChange={(e) => onFieldChange("iecNumber", 
e.target.value)}
 [2m123[0m |                   error={Boolean(errors.iecNumber)}
 [2m124[0m |                 />
 [2m125[0m |               </Field>
 [2m126[0m |               <DocumentUploadField
 [2m127[0m |                 label="IEC Certificate"
 [2m128[0m |                 required
 [2m129[0m |                 
documentType={SELLER_DOCUMENT_TYPE_KEYS.iecCertificate}
 [2m130[0m |                 accept=".pdf"
 [2m131[0m |                 maxSizeMB={10}
 [2m132[0m |                 
asset={documents[SELLER_DOCUMENT_TYPE_KEYS.iecCertificate]}
 [2m133[0m |                 error={errors.iecCertificateDocumentId}
 [2m134[0m |                 onChange={(asset) => 
onDocumentChange(SELLER_DOCUMENT_TYPE_KEYS.iecCertificate, asset)}
 [2m135[0m |               />
 [2m136[0m |             </>
 [2m137[0m |           ) : null}
 [2m138[0m |           <DocumentUploadField
 [2m139[0m |             label="DUNS Certificate"
 [2m140[0m |             
documentType={SELLER_DOCUMENT_TYPE_KEYS.dunsCertificate}
 [2m141[0m |             accept=".pdf"
 [2m142[0m |             maxSizeMB={10}
 [2m143[0m |             
asset={documents[SELLER_DOCUMENT_TYPE_KEYS.dunsCertificate]}
 [2m144[0m |             error={errors.dunsCertificateDocumentId}
 [2m145[0m |             onChange={(asset) => 
onDocumentChange(SELLER_DOCUMENT_TYPE_KEYS.dunsCertificate, asset)}
 [2m146[0m |           />
 [2m147[0m |           <DocumentUploadField
 [2m148[0m |             label="Udyam Certificate"
 [2m149[0m |             
documentType={SELLER_DOCUMENT_TYPE_KEYS.udyamCertificate}
 [2m150[0m |             accept=".pdf"
 [2m151[0m |             maxSizeMB={10}
 [2m152[0m |             
asset={documents[SELLER_DOCUMENT_TYPE_KEYS.udyamCertificate]}
 [2m153[0m |             error={errors.udyamCertificateDocumentId}
 [2m154[0m |             onChange={(asset) => 
onDocumentChange(SELLER_DOCUMENT_TYPE_KEYS.udyamCertificate, asset)}
 [2m155[0m |           />
 [2m156[0m |         </div>
 [2m157[0m |         {isExporter ? null : (
 [2m158[0m |           <div className="mt-4 grid gap-4 lg:grid-cols-3">
 [2m159[0m |             <Field label="DUNS Number" 
error={errors.dunsNumber}>
 [2m160[0m |               <TextInput value={String(form.dunsNumber || "")} 
onChange={(e) => onFieldChange("dunsNumber", e.target.value)} />
 [2m161[0m |             </Field>
 [2m162[0m |             <Field label="Udyam Number" 
error={errors.msmeNumber}>
 [2m163[0m |               <TextInput value={String(form.msmeNumber || "")} 
onChange={(e) => onFieldChange("msmeNumber", e.target.value)} />
 [2m164[0m |             </Field>
 [2m165[0m |           </div>
 [2m166[0m |         )}
 [2m167[0m |       </div>
 [2m168[0m | 
 [2m169[0m |       {/* PAN Number */}
 [2m170[0m |       <div className="grid gap-4 lg:grid-cols-3">
 [2m171[0m |         <Field label="PAN number" required 
error={errors.panNumber}>
 [2m172[0m |           <TextInput
 [2m173[0m |             value={String(form.panNumber || "")}
 [2m174[0m |             onChange={(e) => onFieldChange("panNumber", 
e.target.value.toUpperCase())}
 [2m175[0m |             error={Boolean(errors.panNumber)}
 [2m176[0m |           />
 [2m177[0m |         </Field>
 [2m178[0m |       </div>
 [2m179[0m | 
 [2m180[0m |       {/* Agreements */}
 [2m181[0m |       <div className="grid gap-3 lg:grid-cols-2">
 [2m182[0m |         <Agreement label="Seller Agreement" 
checked={Boolean(form.sellerAgreement)} onChange={(value) => 
onFieldChange("sellerAgreement", value)} />
 [2m183[0m |         <Agreement label="Terms and Conditions" 
checked={Boolean(form.termsAccepted)} onChange={(value) => 
onFieldChange("termsAccepted", value)} />
 [2m184[0m |         <Agreement label="Privacy Policy" 
checked={Boolean(form.privacyAccepted)} onChange={(value) => 
onFieldChange("privacyAccepted", value)} />
 [2m185[0m |         <Agreement label="KYC Consent" 
checked={Boolean(form.kycConsent)} onChange={(value) => 
onFieldChange("kycConsent", value)} />
 [2m186[0m |       </div>
 [2m187[0m |     </div>
 [2m188[0m |   );
 [2m189[0m | }
 [2m190[0m | "use client";
 [2m191[0m | 
 [2m192[0m | import { Field, TextInput } from 
"@/components/onboarding/OnboardingV3Wizard";
 [2m193[0m | import { DocumentUploadField } from "./DocumentUploadField";
     : [33;1m         ^^^^^^^^^|^^^^^^^^^[0m
     :                   [33;1m`-- [33;1m`DocumentUploadField` redefined 
here[0m[0m
 [2m194[0m | import { SELLER_DOCUMENT_TYPE_KEYS } from 
"@/lib/marketplace/seller-onboarding-validation";
 [2m195[0m | import type { StepProps } from "./types";
 [2m195[0m | 
     `----

  [31mx[0m the name `SELLER_DOCUMENT_TYPE_KEYS` is defined multiple times
     ,-[[36;1;4mC:\FREELANCING\Custom 
Tolerance\components\onboarding\seller\BankVerificationStep.tsx[0m:2:1]
 [2m  2[0m | 
 [2m  3[0m | import { Field, TextInput } from 
"@/components/onboarding/OnboardingV3Wizard";
 [2m  4[0m | import { DocumentUploadField } from "./DocumentUploadField";
 [2m  5[0m | import { SELLER_DOCUMENT_TYPE_KEYS } from 
"@/lib/marketplace/seller-onboarding-validation";
     : [31;1m         ^^^^^^^^^^^^|^^^^^^^^^^^^[0m
     :                      [31;1m`-- [31;1mprevious definition of 
`SELLER_DOCUMENT_TYPE_KEYS` here[0m[0m
 [2m  6[0m | import type { StepProps } from "./types";
 [2m  7[0m | 
 [2m  8[0m | function Agreement({ label, checked, onChange }: { label: 
string; checked: boolean; onChange: (value: boolean) => void }) {
 [2m  9[0m |   return (
 [2m 10[0m |     <label className="flex min-h-10 items-center gap-3 
rounded-md border border-slate-200 px-3 py-2 text-sm font-medium 
text-slate-700">
 [2m 11[0m |       <input type="checkbox" checked={checked} onChange={(e) => 
onChange(e.target.checked)} />
 [2m 12[0m |       {label}
 [2m 13[0m |     </label>
 [2m 14[0m |   );
 [2m 15[0m | }
 [2m 16[0m | 
 [2m 17[0m | export function BankVerificationStep({ form, errors, documents, 
onFieldChange, onDocumentChange }: StepProps) {
 [2m 18[0m |   const isExporter = String(form.sellerType || "") === 
"Exporter";
 [2m 19[0m | 
 [2m 20[0m |   return (
 [2m 21[0m |     <div className="mt-6 space-y-8">
 [2m 22[0m |       <p className="text-sm text-slate-600">Complete KYC 
requirements needed for marketplace activation.</p>
 [2m 23[0m | 
 [2m 24[0m |       {/* Bank Details */}
 [2m 25[0m |       <div className="rounded-lg border border-slate-200 
bg-slate-50/50 p-5">
 [2m 26[0m |         <h3 className="mb-4 text-sm font-bold uppercase 
tracking-wide text-slate-500">Bank Details</h3>
 [2m 27[0m |         <div className="grid gap-4 lg:grid-cols-3">
 [2m 28[0m |           <Field label="Bank name" required 
error={errors.bankName}>
 [2m 29[0m |             <TextInput
 [2m 30[0m |               value={String(form.bankName || "")}
 [2m 31[0m |               onChange={(e) => onFieldChange("bankName", 
e.target.value)}
 [2m 32[0m |               error={Boolean(errors.bankName)}
 [2m 33[0m |             />
 [2m 34[0m |           </Field>
 [2m 35[0m |           <Field label="Account holder name" required 
error={errors.accountHolderName}>
 [2m 36[0m |             <TextInput
 [2m 37[0m |               value={String(form.accountHolderName || "")}
 [2m 38[0m |               onChange={(e) => 
onFieldChange("accountHolderName", e.target.value)}
 [2m 39[0m |               error={Boolean(errors.accountHolderName)}
 [2m 40[0m |             />
 [2m 41[0m |           </Field>
 [2m 42[0m |           <Field label="Account number" required 
error={errors.accountNumber}>
 [2m 43[0m |             <TextInput
 [2m 44[0m |               value={String(form.accountNumber || "")}
 [2m 45[0m |               onChange={(e) => onFieldChange("accountNumber", 
e.target.value)}
 [2m 46[0m |               error={Boolean(errors.accountNumber)}
 [2m 47[0m |             />
 [2m 48[0m |           </Field>
 [2m 49[0m |           <Field label="Confirm account number" required 
error={errors.confirmAccountNumber}>
 [2m 50[0m |             <TextInput
 [2m 51[0m |               value={String(form.confirmAccountNumber || "")}
 [2m 52[0m |               onChange={(e) => 
onFieldChange("confirmAccountNumber", e.target.value)}
 [2m 53[0m |               error={Boolean(errors.confirmAccountNumber)}
 [2m 54[0m |             />
 [2m 55[0m |           </Field>
 [2m 56[0m |           <Field label="IFSC code" required 
error={errors.ifscCode}>
 [2m 57[0m |             <TextInput
 [2m 58[0m |               value={String(form.ifscCode || "")}
 [2m 59[0m |               onChange={(e) => onFieldChange("ifscCode", 
e.target.value.toUpperCase())}
 [2m 60[0m |               error={Boolean(errors.ifscCode)}
 [2m 61[0m |             />
 [2m 62[0m |           </Field>
 [2m 63[0m |           <Field label="Branch name" required 
error={errors.branchName}>
 [2m 64[0m |             <TextInput
 [2m 65[0m |               value={String(form.branchName || "")}
 [2m 66[0m |               onChange={(e) => onFieldChange("branchName", 
e.target.value)}
 [2m 67[0m |               error={Boolean(errors.branchName)}
 [2m 68[0m |             />
 [2m 69[0m |           </Field>
 [2m 70[0m |         </div>
 [2m 71[0m |       </div>
 [2m 72[0m | 
 [2m 73[0m |       {/* KYC Documents ΓÇö Document Center */}
 [2m 74[0m |       <div className="rounded-lg border border-slate-200 
bg-slate-50/50 p-5">
 [2m 75[0m |         <h3 className="mb-4 text-sm font-bold uppercase 
tracking-wide text-slate-500">KYC Documents</h3>
 [2m 76[0m |         <div className="grid gap-4 lg:grid-cols-3">
 [2m 77[0m |           <DocumentUploadField
 [2m 78[0m |             label="Cancelled Cheque"
 [2m 79[0m |             required
 [2m 80[0m |             
documentType={SELLER_DOCUMENT_TYPE_KEYS.cancelledCheque}
 [2m 81[0m |             accept=".pdf,.jpg,.jpeg,.png"
 [2m 82[0m |             maxSizeMB={10}
 [2m 83[0m |             
asset={documents[SELLER_DOCUMENT_TYPE_KEYS.cancelledCheque]}
 [2m 84[0m |             error={errors.cancelledChequeDocumentId}
 [2m 85[0m |             onChange={(asset) => 
onDocumentChange(SELLER_DOCUMENT_TYPE_KEYS.cancelledCheque, asset)}
 [2m 86[0m |           />
 [2m 87[0m |           <DocumentUploadField
 [2m 88[0m |             label="GST Certificate"
 [2m 89[0m |             required
 [2m 90[0m |             
documentType={SELLER_DOCUMENT_TYPE_KEYS.gstCertificate}
 [2m 91[0m |             accept=".pdf"
 [2m 92[0m |             maxSizeMB={10}
 [2m 93[0m |             
asset={documents[SELLER_DOCUMENT_TYPE_KEYS.gstCertificate]}
 [2m 94[0m |             error={errors.gstCertificateDocumentId}
 [2m 95[0m |             onChange={(asset) => 
onDocumentChange(SELLER_DOCUMENT_TYPE_KEYS.gstCertificate, asset)}
 [2m 96[0m |           />
 [2m 97[0m |           <DocumentUploadField
 [2m 98[0m |             label="PAN Card"
 [2m 99[0m |             required
 [2m100[0m |             documentType={SELLER_DOCUMENT_TYPE_KEYS.panCard}
 [2m101[0m |             accept=".pdf,.jpg,.jpeg,.png"
 [2m102[0m |             maxSizeMB={10}
 [2m103[0m |             asset={documents[SELLER_DOCUMENT_TYPE_KEYS.panCard]}
 [2m104[0m |             error={errors.panCardDocumentId}
 [2m105[0m |             onChange={(asset) => 
onDocumentChange(SELLER_DOCUMENT_TYPE_KEYS.panCard, asset)}
 [2m106[0m |           />
 [2m107[0m |           <DocumentUploadField
 [2m108[0m |             label="Factory License"
 [2m109[0m |             required
 [2m110[0m |             
documentType={SELLER_DOCUMENT_TYPE_KEYS.factoryLicense}
 [2m111[0m |             accept=".pdf"
 [2m112[0m |             maxSizeMB={10}
 [2m113[0m |             
asset={documents[SELLER_DOCUMENT_TYPE_KEYS.factoryLicense]}
 [2m114[0m |             error={errors.factoryLicenseDocumentId}
 [2m115[0m |             onChange={(asset) => 
onDocumentChange(SELLER_DOCUMENT_TYPE_KEYS.factoryLicense, asset)}
 [2m116[0m |           />
 [2m117[0m |           {isExporter ? (
 [2m118[0m |             <>
 [2m119[0m |               <Field label="IEC number" required 
error={errors.iecNumber}>
 [2m120[0m |                 <TextInput
 [2m121[0m |                   value={String(form.iecNumber || "")}
 [2m122[0m |                   onChange={(e) => onFieldChange("iecNumber", 
e.target.value)}
 [2m123[0m |                   error={Boolean(errors.iecNumber)}
 [2m124[0m |                 />
 [2m125[0m |               </Field>
 [2m126[0m |               <DocumentUploadField
 [2m127[0m |                 label="IEC Certificate"
 [2m128[0m |                 required
 [2m129[0m |                 
documentType={SELLER_DOCUMENT_TYPE_KEYS.iecCertificate}
 [2m130[0m |                 accept=".pdf"
 [2m131[0m |                 maxSizeMB={10}
 [2m132[0m |                 
asset={documents[SELLER_DOCUMENT_TYPE_KEYS.iecCertificate]}
 [2m133[0m |                 error={errors.iecCertificateDocumentId}
 [2m134[0m |                 onChange={(asset) => 
onDocumentChange(SELLER_DOCUMENT_TYPE_KEYS.iecCertificate, asset)}
 [2m135[0m |               />
 [2m136[0m |             </>
 [2m137[0m |           ) : null}
 [2m138[0m |           <DocumentUploadField
 [2m139[0m |             label="DUNS Certificate"
 [2m140[0m |             
documentType={SELLER_DOCUMENT_TYPE_KEYS.dunsCertificate}
 [2m141[0m |             accept=".pdf"
 [2m142[0m |             maxSizeMB={10}
 [2m143[0m |             
asset={documents[SELLER_DOCUMENT_TYPE_KEYS.dunsCertificate]}
 [2m144[0m |             error={errors.dunsCertificateDocumentId}
 [2m145[0m |             onChange={(asset) => 
onDocumentChange(SELLER_DOCUMENT_TYPE_KEYS.dunsCertificate, asset)}
 [2m146[0m |           />
 [2m147[0m |           <DocumentUploadField
 [2m148[0m |             label="Udyam Certificate"
 [2m149[0m |             
documentType={SELLER_DOCUMENT_TYPE_KEYS.udyamCertificate}
 [2m150[0m |             accept=".pdf"
 [2m151[0m |             maxSizeMB={10}
 [2m152[0m |             
asset={documents[SELLER_DOCUMENT_TYPE_KEYS.udyamCertificate]}
 [2m153[0m |             error={errors.udyamCertificateDocumentId}
 [2m154[0m |             onChange={(asset) => 
onDocumentChange(SELLER_DOCUMENT_TYPE_KEYS.udyamCertificate, asset)}
 [2m155[0m |           />
 [2m156[0m |         </div>
 [2m157[0m |         {isExporter ? null : (
 [2m158[0m |           <div className="mt-4 grid gap-4 lg:grid-cols-3">
 [2m159[0m |             <Field label="DUNS Number" 
error={errors.dunsNumber}>
 [2m160[0m |               <TextInput value={String(form.dunsNumber || "")} 
onChange={(e) => onFieldChange("dunsNumber", e.target.value)} />
 [2m161[0m |             </Field>
 [2m162[0m |             <Field label="Udyam Number" 
error={errors.msmeNumber}>
 [2m163[0m |               <TextInput value={String(form.msmeNumber || "")} 
onChange={(e) => onFieldChange("msmeNumber", e.target.value)} />
 [2m164[0m |             </Field>
 [2m165[0m |           </div>
 [2m166[0m |         )}
 [2m167[0m |       </div>
 [2m168[0m | 
 [2m169[0m |       {/* PAN Number */}
 [2m170[0m |       <div className="grid gap-4 lg:grid-cols-3">
 [2m171[0m |         <Field label="PAN number" required 
error={errors.panNumber}>
 [2m172[0m |           <TextInput
 [2m173[0m |             value={String(form.panNumber || "")}
 [2m174[0m |             onChange={(e) => onFieldChange("panNumber", 
e.target.value.toUpperCase())}
 [2m175[0m |             error={Boolean(errors.panNumber)}
 [2m176[0m |           />
 [2m177[0m |         </Field>
 [2m178[0m |       </div>
 [2m179[0m | 
 [2m180[0m |       {/* Agreements */}
 [2m181[0m |       <div className="grid gap-3 lg:grid-cols-2">
 [2m182[0m |         <Agreement label="Seller Agreement" 
checked={Boolean(form.sellerAgreement)} onChange={(value) => 
onFieldChange("sellerAgreement", value)} />
 [2m183[0m |         <Agreement label="Terms and Conditions" 
checked={Boolean(form.termsAccepted)} onChange={(value) => 
onFieldChange("termsAccepted", value)} />
 [2m184[0m |         <Agreement label="Privacy Policy" 
checked={Boolean(form.privacyAccepted)} onChange={(value) => 
onFieldChange("privacyAccepted", value)} />
 [2m185[0m |         <Agreement label="KYC Consent" 
checked={Boolean(form.kycConsent)} onChange={(value) => 
onFieldChange("kycConsent", value)} />
 [2m186[0m |       </div>
 [2m187[0m |     </div>
 [2m188[0m |   );
 [2m189[0m | }
 [2m190[0m | "use client";
 [2m191[0m | 
 [2m192[0m | import { Field, TextInput } from 
"@/components/onboarding/OnboardingV3Wizard";
 [2m193[0m | import { DocumentUploadField } from "./DocumentUploadField";
 [2m194[0m | import { SELLER_DOCUMENT_TYPE_KEYS } from 
"@/lib/marketplace/seller-onboarding-validation";
     : [33;1m         ^^^^^^^^^^^^|^^^^^^^^^^^^[0m
     :                      [33;1m`-- [33;1m`SELLER_DOCUMENT_TYPE_KEYS` 
redefined here[0m[0m
 [2m195[0m | import type { StepProps } from "./types";
 [2m196[0m | 
 [2m196[0m | function Agreement({ label, checked, onChange }: { label: 
string; checked: boolean; onChange: (value: boolean) => void }) {
     `----

  [31mx[0m the name `Agreement` is defined multiple times
     ,-[[36;1;4mC:\FREELANCING\Custom 
Tolerance\components\onboarding\seller\BankVerificationStep.tsx[0m:5:1]
 [2m  5[0m | import { SELLER_DOCUMENT_TYPE_KEYS } from 
"@/lib/marketplace/seller-onboarding-validation";
 [2m  6[0m | import type { StepProps } from "./types";
 [2m  7[0m | 
 [2m  8[0m | function Agreement({ label, checked, onChange }: { label: 
string; checked: boolean; onChange: (value: boolean) => void }) {
     : [31;1m         ^^^^|^^^^[0m
     :              [31;1m`-- [31;1mprevious definition of `Agreement` 
here[0m[0m
 [2m  9[0m |   return (
 [2m 10[0m |     <label className="flex min-h-10 items-center gap-3 
rounded-md border border-slate-200 px-3 py-2 text-sm font-medium 
text-slate-700">
 [2m 11[0m |       <input type="checkbox" checked={checked} onChange={(e) => 
onChange(e.target.checked)} />
 [2m 12[0m |       {label}
 [2m 13[0m |     </label>
 [2m 14[0m |   );
 [2m 15[0m | }
 [2m 16[0m | 
 [2m 17[0m | export function BankVerificationStep({ form, errors, documents, 
onFieldChange, onDocumentChange }: StepProps) {
 [2m 18[0m |   const isExporter = String(form.sellerType || "") === 
"Exporter";
 [2m 19[0m | 
 [2m 20[0m |   return (
 [2m 21[0m |     <div className="mt-6 space-y-8">
 [2m 22[0m |       <p className="text-sm text-slate-600">Complete KYC 
requirements needed for marketplace activation.</p>
 [2m 23[0m | 
 [2m 24[0m |       {/* Bank Details */}
 [2m 25[0m |       <div className="rounded-lg border border-slate-200 
bg-slate-50/50 p-5">
 [2m 26[0m |         <h3 className="mb-4 text-sm font-bold uppercase 
tracking-wide text-slate-500">Bank Details</h3>
 [2m 27[0m |         <div className="grid gap-4 lg:grid-cols-3">
 [2m 28[0m |           <Field label="Bank name" required 
error={errors.bankName}>
 [2m 29[0m |             <TextInput
 [2m 30[0m |               value={String(form.bankName || "")}
 [2m 31[0m |               onChange={(e) => onFieldChange("bankName", 
e.target.value)}
 [2m 32[0m |               error={Boolean(errors.bankName)}
 [2m 33[0m |             />
 [2m 34[0m |           </Field>
 [2m 35[0m |           <Field label="Account holder name" required 
error={errors.accountHolderName}>
 [2m 36[0m |             <TextInput
 [2m 37[0m |               value={String(form.accountHolderName || "")}
 [2m 38[0m |               onChange={(e) => 
onFieldChange("accountHolderName", e.target.value)}
 [2m 39[0m |               error={Boolean(errors.accountHolderName)}
 [2m 40[0m |             />
 [2m 41[0m |           </Field>
 [2m 42[0m |           <Field label="Account number" required 
error={errors.accountNumber}>
 [2m 43[0m |             <TextInput
 [2m 44[0m |               value={String(form.accountNumber || "")}
 [2m 45[0m |               onChange={(e) => onFieldChange("accountNumber", 
e.target.value)}
 [2m 46[0m |               error={Boolean(errors.accountNumber)}
 [2m 47[0m |             />
 [2m 48[0m |           </Field>
 [2m 49[0m |           <Field label="Confirm account number" required 
error={errors.confirmAccountNumber}>
 [2m 50[0m |             <TextInput
 [2m 51[0m |               value={String(form.confirmAccountNumber || "")}
 [2m 52[0m |               onChange={(e) => 
onFieldChange("confirmAccountNumber", e.target.value)}
 [2m 53[0m |               error={Boolean(errors.confirmAccountNumber)}
 [2m 54[0m |             />
 [2m 55[0m |           </Field>
 [2m 56[0m |           <Field label="IFSC code" required 
error={errors.ifscCode}>
 [2m 57[0m |             <TextInput
 [2m 58[0m |               value={String(form.ifscCode || "")}
 [2m 59[0m |               onChange={(e) => onFieldChange("ifscCode", 
e.target.value.toUpperCase())}
 [2m 60[0m |               error={Boolean(errors.ifscCode)}
 [2m 61[0m |             />
 [2m 62[0m |           </Field>
 [2m 63[0m |           <Field label="Branch name" required 
error={errors.branchName}>
 [2m 64[0m |             <TextInput
 [2m 65[0m |               value={String(form.branchName || "")}
 [2m 66[0m |               onChange={(e) => onFieldChange("branchName", 
e.target.value)}
 [2m 67[0m |               error={Boolean(errors.branchName)}
 [2m 68[0m |             />
 [2m 69[0m |           </Field>
 [2m 70[0m |         </div>
 [2m 71[0m |       </div>
 [2m 72[0m | 
 [2m 73[0m |       {/* KYC Documents ΓÇö Document Center */}
 [2m 74[0m |       <div className="rounded-lg border border-slate-200 
bg-slate-50/50 p-5">
 [2m 75[0m |         <h3 className="mb-4 text-sm font-bold uppercase 
tracking-wide text-slate-500">KYC Documents</h3>
 [2m 76[0m |         <div className="grid gap-4 lg:grid-cols-3">
 [2m 77[0m |           <DocumentUploadField
 [2m 78[0m |             label="Cancelled Cheque"
 [2m 79[0m |             required
 [2m 80[0m |             
documentType={SELLER_DOCUMENT_TYPE_KEYS.cancelledCheque}
 [2m 81[0m |             accept=".pdf,.jpg,.jpeg,.png"
 [2m 82[0m |             maxSizeMB={10}
 [2m 83[0m |             
asset={documents[SELLER_DOCUMENT_TYPE_KEYS.cancelledCheque]}
 [2m 84[0m |             error={errors.cancelledChequeDocumentId}
 [2m 85[0m |             onChange={(asset) => 
onDocumentChange(SELLER_DOCUMENT_TYPE_KEYS.cancelledCheque, asset)}
 [2m 86[0m |           />
 [2m 87[0m |           <DocumentUploadField
 [2m 88[0m |             label="GST Certificate"
 [2m 89[0m |             required
 [2m 90[0m |             
documentType={SELLER_DOCUMENT_TYPE_KEYS.gstCertificate}
 [2m 91[0m |             accept=".pdf"
 [2m 92[0m |             maxSizeMB={10}
 [2m 93[0m |             
asset={documents[SELLER_DOCUMENT_TYPE_KEYS.gstCertificate]}
 [2m 94[0m |             error={errors.gstCertificateDocumentId}
 [2m 95[0m |             onChange={(asset) => 
onDocumentChange(SELLER_DOCUMENT_TYPE_KEYS.gstCertificate, asset)}
 [2m 96[0m |           />
 [2m 97[0m |           <DocumentUploadField
 [2m 98[0m |             label="PAN Card"
 [2m 99[0m |             required
 [2m100[0m |             documentType={SELLER_DOCUMENT_TYPE_KEYS.panCard}
 [2m101[0m |             accept=".pdf,.jpg,.jpeg,.png"
 [2m102[0m |             maxSizeMB={10}
 [2m103[0m |             asset={documents[SELLER_DOCUMENT_TYPE_KEYS.panCard]}
 [2m104[0m |             error={errors.panCardDocumentId}
 [2m105[0m |             onChange={(asset) => 
onDocumentChange(SELLER_DOCUMENT_TYPE_KEYS.panCard, asset)}
 [2m106[0m |           />
 [2m107[0m |           <DocumentUploadField
 [2m108[0m |             label="Factory License"
 [2m109[0m |             required
 [2m110[0m |             
documentType={SELLER_DOCUMENT_TYPE_KEYS.factoryLicense}
 [2m111[0m |             accept=".pdf"
 [2m112[0m |             maxSizeMB={10}
 [2m113[0m |             
asset={documents[SELLER_DOCUMENT_TYPE_KEYS.factoryLicense]}
 [2m114[0m |             error={errors.factoryLicenseDocumentId}
 [2m115[0m |             onChange={(asset) => 
onDocumentChange(SELLER_DOCUMENT_TYPE_KEYS.factoryLicense, asset)}
 [2m116[0m |           />
 [2m117[0m |           {isExporter ? (
 [2m118[0m |             <>
 [2m119[0m |               <Field label="IEC number" required 
error={errors.iecNumber}>
 [2m120[0m |                 <TextInput
 [2m121[0m |                   value={String(form.iecNumber || "")}
 [2m122[0m |                   onChange={(e) => onFieldChange("iecNumber", 
e.target.value)}
 [2m123[0m |                   error={Boolean(errors.iecNumber)}
 [2m124[0m |                 />
 [2m125[0m |               </Field>
 [2m126[0m |               <DocumentUploadField
 [2m127[0m |                 label="IEC Certificate"
 [2m128[0m |                 required
 [2m129[0m |                 
documentType={SELLER_DOCUMENT_TYPE_KEYS.iecCertificate}
 [2m130[0m |                 accept=".pdf"
 [2m131[0m |                 maxSizeMB={10}
 [2m132[0m |                 
asset={documents[SELLER_DOCUMENT_TYPE_KEYS.iecCertificate]}
 [2m133[0m |                 error={errors.iecCertificateDocumentId}
 [2m134[0m |                 onChange={(asset) => 
onDocumentChange(SELLER_DOCUMENT_TYPE_KEYS.iecCertificate, asset)}
 [2m135[0m |               />
 [2m136[0m |             </>
 [2m137[0m |           ) : null}
 [2m138[0m |           <DocumentUploadField
 [2m139[0m |             label="DUNS Certificate"
 [2m140[0m |             
documentType={SELLER_DOCUMENT_TYPE_KEYS.dunsCertificate}
 [2m141[0m |             accept=".pdf"
 [2m142[0m |             maxSizeMB={10}
 [2m143[0m |             
asset={documents[SELLER_DOCUMENT_TYPE_KEYS.dunsCertificate]}
 [2m144[0m |             error={errors.dunsCertificateDocumentId}
 [2m145[0m |             onChange={(asset) => 
onDocumentChange(SELLER_DOCUMENT_TYPE_KEYS.dunsCertificate, asset)}
 [2m146[0m |           />
 [2m147[0m |           <DocumentUploadField
 [2m148[0m |             label="Udyam Certificate"
 [2m149[0m |             
documentType={SELLER_DOCUMENT_TYPE_KEYS.udyamCertificate}
 [2m150[0m |             accept=".pdf"
 [2m151[0m |             maxSizeMB={10}
 [2m152[0m |             
asset={documents[SELLER_DOCUMENT_TYPE_KEYS.udyamCertificate]}
 [2m153[0m |             error={errors.udyamCertificateDocumentId}
 [2m154[0m |             onChange={(asset) => 
onDocumentChange(SELLER_DOCUMENT_TYPE_KEYS.udyamCertificate, asset)}
 [2m155[0m |           />
 [2m156[0m |         </div>
 [2m157[0m |         {isExporter ? null : (
 [2m158[0m |           <div className="mt-4 grid gap-4 lg:grid-cols-3">
 [2m159[0m |             <Field label="DUNS Number" 
error={errors.dunsNumber}>
 [2m160[0m |               <TextInput value={String(form.dunsNumber || "")} 
onChange={(e) => onFieldChange("dunsNumber", e.target.value)} />
 [2m161[0m |             </Field>
 [2m162[0m |             <Field label="Udyam Number" 
error={errors.msmeNumber}>
 [2m163[0m |               <TextInput value={String(form.msmeNumber || "")} 
onChange={(e) => onFieldChange("msmeNumber", e.target.value)} />
 [2m164[0m |             </Field>
 [2m165[0m |           </div>
 [2m166[0m |         )}
 [2m167[0m |       </div>
 [2m168[0m | 
 [2m169[0m |       {/* PAN Number */}
 [2m170[0m |       <div className="grid gap-4 lg:grid-cols-3">
 [2m171[0m |         <Field label="PAN number" required 
error={errors.panNumber}>
 [2m172[0m |           <TextInput
 [2m173[0m |             value={String(form.panNumber || "")}
 [2m174[0m |             onChange={(e) => onFieldChange("panNumber", 
e.target.value.toUpperCase())}
 [2m175[0m |             error={Boolean(errors.panNumber)}
 [2m176[0m |           />
 [2m177[0m |         </Field>
 [2m178[0m |       </div>
 [2m179[0m | 
 [2m180[0m |       {/* Agreements */}
 [2m181[0m |       <div className="grid gap-3 lg:grid-cols-2">
 [2m182[0m |         <Agreement label="Seller Agreement" 
checked={Boolean(form.sellerAgreement)} onChange={(value) => 
onFieldChange("sellerAgreement", value)} />
 [2m183[0m |         <Agreement label="Terms and Conditions" 
checked={Boolean(form.termsAccepted)} onChange={(value) => 
onFieldChange("termsAccepted", value)} />
 [2m184[0m |         <Agreement label="Privacy Policy" 
checked={Boolean(form.privacyAccepted)} onChange={(value) => 
onFieldChange("privacyAccepted", value)} />
 [2m185[0m |         <Agreement label="KYC Consent" 
checked={Boolean(form.kycConsent)} onChange={(value) => 
onFieldChange("kycConsent", value)} />
 [2m186[0m |       </div>
 [2m187[0m |     </div>
 [2m188[0m |   );
 [2m189[0m | }
 [2m190[0m | "use client";
 [2m191[0m | 
 [2m192[0m | import { Field, TextInput } from 
"@/components/onboarding/OnboardingV3Wizard";
 [2m193[0m | import { DocumentUploadField } from "./DocumentUploadField";
 [2m194[0m | import { SELLER_DOCUMENT_TYPE_KEYS } from 
"@/lib/marketplace/seller-onboarding-validation";
 [2m195[0m | import type { StepProps } from "./types";
 [2m196[0m | 
 [2m197[0m | function Agreement({ label, checked, onChange }: { label: 
string; checked: boolean; onChange: (value: boolean) => void }) {
     : [33;1m         ^^^^|^^^^[0m
     :              [33;1m`-- [33;1m`Agreement` redefined here[0m[0m
 [2m198[0m |   return (
 [2m199[0m |     <label className="flex min-h-10 items-center gap-3 
rounded-md border border-slate-200 px-3 py-2 text-sm font-medium 
text-slate-700">
 [2m199[0m |       <input type="checkbox" checked={checked} onChange={(e) => 
onChange(e.target.checked)} />
     `----

  [31mx[0m the name `BankVerificationStep` is defined multiple times
     ,-[[36;1;4mC:\FREELANCING\Custom 
Tolerance\components\onboarding\seller\BankVerificationStep.tsx[0m:14:1]
 [2m 14[0m |   );
 [2m 15[0m | }
 [2m 16[0m | 
 [2m 17[0m | export function BankVerificationStep({ form, errors, documents, 
onFieldChange, onDocumentChange }: StepProps) {
     : [31;1m                ^^^^^^^^^^|^^^^^^^^^[0m
     :                           [31;1m`-- [31;1mprevious definition of 
`BankVerificationStep` here[0m[0m
 [2m 18[0m |   const isExporter = String(form.sellerType || "") === 
"Exporter";
 [2m 19[0m | 
 [2m 20[0m |   return (
 [2m 21[0m |     <div className="mt-6 space-y-8">
 [2m 22[0m |       <p className="text-sm text-slate-600">Complete KYC 
requirements needed for marketplace activation.</p>
 [2m 23[0m | 
 [2m 24[0m |       {/* Bank Details */}
 [2m 25[0m |       <div className="rounded-lg border border-slate-200 
bg-slate-50/50 p-5">
 [2m 26[0m |         <h3 className="mb-4 text-sm font-bold uppercase 
tracking-wide text-slate-500">Bank Details</h3>
 [2m 27[0m |         <div className="grid gap-4 lg:grid-cols-3">
 [2m 28[0m |           <Field label="Bank name" required 
error={errors.bankName}>
 [2m 29[0m |             <TextInput
 [2m 30[0m |               value={String(form.bankName || "")}
 [2m 31[0m |               onChange={(e) => onFieldChange("bankName", 
e.target.value)}
 [2m 32[0m |               error={Boolean(errors.bankName)}
 [2m 33[0m |             />
 [2m 34[0m |           </Field>
 [2m 35[0m |           <Field label="Account holder name" required 
error={errors.accountHolderName}>
 [2m 36[0m |             <TextInput
 [2m 37[0m |               value={String(form.accountHolderName || "")}
 [2m 38[0m |               onChange={(e) => 
onFieldChange("accountHolderName", e.target.value)}
 [2m 39[0m |               error={Boolean(errors.accountHolderName)}
 [2m 40[0m |             />
 [2m 41[0m |           </Field>
 [2m 42[0m |           <Field label="Account number" required 
error={errors.accountNumber}>
 [2m 43[0m |             <TextInput
 [2m 44[0m |               value={String(form.accountNumber || "")}
 [2m 45[0m |               onChange={(e) => onFieldChange("accountNumber", 
e.target.value)}
 [2m 46[0m |               error={Boolean(errors.accountNumber)}
 [2m 47[0m |             />
 [2m 48[0m |           </Field>
 [2m 49[0m |           <Field label="Confirm account number" required 
error={errors.confirmAccountNumber}>
 [2m 50[0m |             <TextInput
 [2m 51[0m |               value={String(form.confirmAccountNumber || "")}
 [2m 52[0m |               onChange={(e) => 
onFieldChange("confirmAccountNumber", e.target.value)}
 [2m 53[0m |               error={Boolean(errors.confirmAccountNumber)}
 [2m 54[0m |             />
 [2m 55[0m |           </Field>
 [2m 56[0m |           <Field label="IFSC code" required 
error={errors.ifscCode}>
 [2m 57[0m |             <TextInput
 [2m 58[0m |               value={String(form.ifscCode || "")}
 [2m 59[0m |               onChange={(e) => onFieldChange("ifscCode", 
e.target.value.toUpperCase())}
 [2m 60[0m |               error={Boolean(errors.ifscCode)}
 [2m 61[0m |             />
 [2m 62[0m |           </Field>
 [2m 63[0m |           <Field label="Branch name" required 
error={errors.branchName}>
 [2m 64[0m |             <TextInput
 [2m 65[0m |               value={String(form.branchName || "")}
 [2m 66[0m |               onChange={(e) => onFieldChange("branchName", 
e.target.value)}
 [2m 67[0m |               error={Boolean(errors.branchName)}
 [2m 68[0m |             />
 [2m 69[0m |           </Field>
 [2m 70[0m |         </div>
 [2m 71[0m |       </div>
 [2m 72[0m | 
 [2m 73[0m |       {/* KYC Documents ΓÇö Document Center */}
 [2m 74[0m |       <div className="rounded-lg border border-slate-200 
bg-slate-50/50 p-5">
 [2m 75[0m |         <h3 className="mb-4 text-sm font-bold uppercase 
tracking-wide text-slate-500">KYC Documents</h3>
 [2m 76[0m |         <div className="grid gap-4 lg:grid-cols-3">
 [2m 77[0m |           <DocumentUploadField
 [2m 78[0m |             label="Cancelled Cheque"
 [2m 79[0m |             required
 [2m 80[0m |             
documentType={SELLER_DOCUMENT_TYPE_KEYS.cancelledCheque}
 [2m 81[0m |             accept=".pdf,.jpg,.jpeg,.png"
 [2m 82[0m |             maxSizeMB={10}
 [2m 83[0m |             
asset={documents[SELLER_DOCUMENT_TYPE_KEYS.cancelledCheque]}
 [2m 84[0m |             error={errors.cancelledChequeDocumentId}
 [2m 85[0m |             onChange={(asset) => 
onDocumentChange(SELLER_DOCUMENT_TYPE_KEYS.cancelledCheque, asset)}
 [2m 86[0m |           />
 [2m 87[0m |           <DocumentUploadField
 [2m 88[0m |             label="GST Certificate"
 [2m 89[0m |             required
 [2m 90[0m |             
documentType={SELLER_DOCUMENT_TYPE_KEYS.gstCertificate}
 [2m 91[0m |             accept=".pdf"
 [2m 92[0m |             maxSizeMB={10}
 [2m 93[0m |             
asset={documents[SELLER_DOCUMENT_TYPE_KEYS.gstCertificate]}
 [2m 94[0m |             error={errors.gstCertificateDocumentId}
 [2m 95[0m |             onChange={(asset) => 
onDocumentChange(SELLER_DOCUMENT_TYPE_KEYS.gstCertificate, asset)}
 [2m 96[0m |           />
 [2m 97[0m |           <DocumentUploadField
 [2m 98[0m |             label="PAN Card"
 [2m 99[0m |             required
 [2m100[0m |             documentType={SELLER_DOCUMENT_TYPE_KEYS.panCard}
 [2m101[0m |             accept=".pdf,.jpg,.jpeg,.png"
 [2m102[0m |             maxSizeMB={10}
 [2m103[0m |             asset={documents[SELLER_DOCUMENT_TYPE_KEYS.panCard]}
 [2m104[0m |             error={errors.panCardDocumentId}
 [2m105[0m |             onChange={(asset) => 
onDocumentChange(SELLER_DOCUMENT_TYPE_KEYS.panCard, asset)}
 [2m106[0m |           />
 [2m107[0m |           <DocumentUploadField
 [2m108[0m |             label="Factory License"
 [2m109[0m |             required
 [2m110[0m |             
documentType={SELLER_DOCUMENT_TYPE_KEYS.factoryLicense}
 [2m111[0m |             accept=".pdf"
 [2m112[0m |             maxSizeMB={10}
 [2m113[0m |             
asset={documents[SELLER_DOCUMENT_TYPE_KEYS.factoryLicense]}
 [2m114[0m |             error={errors.factoryLicenseDocumentId}
 [2m115[0m |             onChange={(asset) => 
onDocumentChange(SELLER_DOCUMENT_TYPE_KEYS.factoryLicense, asset)}
 [2m116[0m |           />
 [2m117[0m |           {isExporter ? (
 [2m118[0m |             <>
 [2m119[0m |               <Field label="IEC number" required 
error={errors.iecNumber}>
 [2m120[0m |                 <TextInput
 [2m121[0m |                   value={String(form.iecNumber || "")}
 [2m122[0m |                   onChange={(e) => onFieldChange("iecNumber", 
e.target.value)}
 [2m123[0m |                   error={Boolean(errors.iecNumber)}
 [2m124[0m |                 />
 [2m125[0m |               </Field>
 [2m126[0m |               <DocumentUploadField
 [2m127[0m |                 label="IEC Certificate"
 [2m128[0m |                 required
 [2m129[0m |                 
documentType={SELLER_DOCUMENT_TYPE_KEYS.iecCertificate}
 [2m130[0m |                 accept=".pdf"
 [2m131[0m |                 maxSizeMB={10}
 [2m132[0m |                 
asset={documents[SELLER_DOCUMENT_TYPE_KEYS.iecCertificate]}
 [2m133[0m |                 error={errors.iecCertificateDocumentId}
 [2m134[0m |                 onChange={(asset) => 
onDocumentChange(SELLER_DOCUMENT_TYPE_KEYS.iecCertificate, asset)}
 [2m135[0m |               />
 [2m136[0m |             </>
 [2m137[0m |           ) : null}
 [2m138[0m |           <DocumentUploadField
 [2m139[0m |             label="DUNS Certificate"
 [2m140[0m |             
documentType={SELLER_DOCUMENT_TYPE_KEYS.dunsCertificate}
 [2m141[0m |             accept=".pdf"
 [2m142[0m |             maxSizeMB={10}
 [2m143[0m |             
asset={documents[SELLER_DOCUMENT_TYPE_KEYS.dunsCertificate]}
 [2m144[0m |             error={errors.dunsCertificateDocumentId}
 [2m145[0m |             onChange={(asset) => 
onDocumentChange(SELLER_DOCUMENT_TYPE_KEYS.dunsCertificate, asset)}
 [2m146[0m |           />
 [2m147[0m |           <DocumentUploadField
 [2m148[0m |             label="Udyam Certificate"
 [2m149[0m |             
documentType={SELLER_DOCUMENT_TYPE_KEYS.udyamCertificate}
 [2m150[0m |             accept=".pdf"
 [2m151[0m |             maxSizeMB={10}
 [2m152[0m |             
asset={documents[SELLER_DOCUMENT_TYPE_KEYS.udyamCertificate]}
 [2m153[0m |             error={errors.udyamCertificateDocumentId}
 [2m154[0m |             onChange={(asset) => 
onDocumentChange(SELLER_DOCUMENT_TYPE_KEYS.udyamCertificate, asset)}
 [2m155[0m |           />
 [2m156[0m |         </div>
 [2m157[0m |         {isExporter ? null : (
 [2m158[0m |           <div className="mt-4 grid gap-4 lg:grid-cols-3">
 [2m159[0m |             <Field label="DUNS Number" 
error={errors.dunsNumber}>
 [2m160[0m |               <TextInput value={String(form.dunsNumber || "")} 
onChange={(e) => onFieldChange("dunsNumber", e.target.value)} />
 [2m161[0m |             </Field>
 [2m162[0m |             <Field label="Udyam Number" 
error={errors.msmeNumber}>
 [2m163[0m |               <TextInput value={String(form.msmeNumber || "")} 
onChange={(e) => onFieldChange("msmeNumber", e.target.value)} />
 [2m164[0m |             </Field>
 [2m165[0m |           </div>
 [2m166[0m |         )}
 [2m167[0m |       </div>
 [2m168[0m | 
 [2m169[0m |       {/* PAN Number */}
 [2m170[0m |       <div className="grid gap-4 lg:grid-cols-3">
 [2m171[0m |         <Field label="PAN number" required 
error={errors.panNumber}>
 [2m172[0m |           <TextInput
 [2m173[0m |             value={String(form.panNumber || "")}
 [2m174[0m |             onChange={(e) => onFieldChange("panNumber", 
e.target.value.toUpperCase())}
 [2m175[0m |             error={Boolean(errors.panNumber)}
 [2m176[0m |           />
 [2m177[0m |         </Field>
 [2m178[0m |       </div>
 [2m179[0m | 
 [2m180[0m |       {/* Agreements */}
 [2m181[0m |       <div className="grid gap-3 lg:grid-cols-2">
 [2m182[0m |         <Agreement label="Seller Agreement" 
checked={Boolean(form.sellerAgreement)} onChange={(value) => 
onFieldChange("sellerAgreement", value)} />
 [2m183[0m |         <Agreement label="Terms and Conditions" 
checked={Boolean(form.termsAccepted)} onChange={(value) => 
onFieldChange("termsAccepted", value)} />
 [2m184[0m |         <Agreement label="Privacy Policy" 
checked={Boolean(form.privacyAccepted)} onChange={(value) => 
onFieldChange("privacyAccepted", value)} />
 [2m185[0m |         <Agreement label="KYC Consent" 
checked={Boolean(form.kycConsent)} onChange={(value) => 
onFieldChange("kycConsent", value)} />
 [2m186[0m |       </div>
 [2m187[0m |     </div>
 [2m188[0m |   );
 [2m189[0m | }
 [2m190[0m | "use client";
 [2m191[0m | 
 [2m192[0m | import { Field, TextInput } from 
"@/components/onboarding/OnboardingV3Wizard";
 [2m193[0m | import { DocumentUploadField } from "./DocumentUploadField";
 [2m194[0m | import { SELLER_DOCUMENT_TYPE_KEYS } from 
"@/lib/marketplace/seller-onboarding-validation";
 [2m195[0m | import type { StepProps } from "./types";
 [2m196[0m | 
 [2m197[0m | function Agreement({ label, checked, onChange }: { label: 
string; checked: boolean; onChange: (value: boolean) => void }) {
 [2m198[0m |   return (
 [2m199[0m |     <label className="flex min-h-10 items-center gap-3 
rounded-md border border-slate-200 px-3 py-2 text-sm font-medium 
text-slate-700">
 [2m200[0m |       <input type="checkbox" checked={checked} onChange={(e) => 
onChange(e.target.checked)} />
 [2m201[0m |       {label}
 [2m202[0m |     </label>
 [2m203[0m |   );
 [2m204[0m | }
 [2m205[0m | 
 [2m206[0m | export function BankVerificationStep({ form, errors, documents, 
onFieldChange, onDocumentChange }: StepProps) {
     : [33;1m                ^^^^^^^^^^|^^^^^^^^^[0m
     :                           [33;1m`-- [33;1m`BankVerificationStep` 
redefined here[0m[0m
 [2m207[0m |   const isExporter = String(form.sellerType || "") === 
"Exporter";
 [2m208[0m | 
 [2m208[0m |   return (
     `----

  [31mx[0m The "use client" directive must be placed before other 
expressions. Move it to the top of the file to resolve this issue.
     ,-[[36;1;4mC:\FREELANCING\Custom 
Tolerance\components\onboarding\seller\BankVerificationStep.tsx[0m:187:1]
 [2m187[0m |     </div>
 [2m188[0m |   );
 [2m189[0m | }
 [2m190[0m | "use client";
     : [31;1m^^^^^^^^^^^^^[0m
 [2m191[0m | 
 [2m192[0m | import { Field, TextInput } from 
"@/components/onboarding/OnboardingV3Wizard";
 [2m192[0m | import { DocumentUploadField } from "./DocumentUploadField";
     `----

Import trace for requested module:
./components/onboarding/seller/BankVerificationStep.tsx
./app/onboarding/seller/page.tsx

./components/onboarding/seller/ProfileCompletionStep.tsx
Error: 
  [31mx[0m the name `Textarea` is defined multiple times
     ,-[[36;1;4mC:\FREELANCING\Custom 
Tolerance\components\onboarding\seller\ProfileCompletionStep.tsx[0m:1:1]
 [2m  1[0m | "use client";
 [2m  2[0m | 
 [2m  3[0m | import { Textarea } from "@/components/ui/textarea";
     : [31;1m         ^^^^|^^^[0m
     :              [31;1m`-- [31;1mprevious definition of `Textarea` 
here[0m[0m
 [2m  4[0m | import { Field, MultiSelectChips } from 
"@/components/onboarding/OnboardingV3Wizard";
 [2m  5[0m | import { QUALITY_SYSTEM_OPTIONS, FACTORY_PHOTO_CATEGORIES, 
FACTORY_PHOTO_LIMITS } from "@/lib/marketplace/onboarding-v3";
 [2m  6[0m | import { ImageUploadGrid } from "./ImageUploadGrid";
 [2m  7[0m | import { VideoUploadField } from "./VideoUploadField";
 [2m  8[0m | import { MachinesEditor } from "./MachinesEditor";
 [2m  9[0m | import { CertificationsEditor } from "./CertificationsEditor";
 [2m 10[0m | import { ExportExperienceEditor } from 
"./ExportExperienceEditor";
 [2m 11[0m | import type { StepProps, MachineRow, CertificationRow, 
ExportRow } from "./types";
 [2m 12[0m | 
 [2m 13[0m | export function ProfileCompletionStep({
 [2m 14[0m |   form,
 [2m 15[0m |   errors,
 [2m 16[0m |   images,
 [2m 17[0m |   video,
 [2m 18[0m |   onFieldChange,
 [2m 19[0m |   onImagesChange,
 [2m 20[0m |   onVideoChange,
 [2m 21[0m |   onVideoUrlChange,
 [2m 22[0m | }: StepProps) {
 [2m 23[0m |   const machines = Array.isArray(form.machines) ? 
(form.machines as MachineRow[]) : [];
 [2m 24[0m |   const certifications = Array.isArray(form.certifications) ? 
(form.certifications as CertificationRow[]) : [];
 [2m 25[0m |   const exportExperience = Array.isArray(form.exportExperience) 
? (form.exportExperience as ExportRow[]) : [];
 [2m 26[0m |   const qualitySystems = Array.isArray(form.qualitySystems) ? 
(form.qualitySystems as string[]) : [];
 [2m 27[0m | 
 [2m 28[0m |   return (
 [2m 29[0m |     <div className="mt-6 space-y-8">
 [2m 30[0m |       <p className="text-sm text-slate-600">
 [2m 31[0m |         Add factory evidence, machines, certifications, export 
history, and quality systems to strengthen your seller profile.
 [2m 32[0m |       </p>
 [2m 33[0m | 
 [2m 34[0m |       {/* Company Description */}
 [2m 35[0m |       <Field label="Company description" 
error={errors.companyDescription}>
 [2m 36[0m |         <Textarea
 [2m 37[0m |           value={String(form.companyDescription || "")}
 [2m 38[0m |           onChange={(e) => onFieldChange("companyDescription", 
e.target.value)}
 [2m 39[0m |           rows={4}
 [2m 40[0m |           className={errors.companyDescription ? 
"border-red-300" : ""}
 [2m 41[0m |         />
 [2m 42[0m |       </Field>
 [2m 43[0m | 
 [2m 44[0m |       {/* Factory Gallery */}
 [2m 45[0m |       <div className="rounded-lg border border-slate-200 
bg-slate-50/50 p-5">
 [2m 46[0m |         <h3 className="mb-1 text-sm font-bold uppercase 
tracking-wide text-slate-500">Factory Gallery</h3>
 [2m 47[0m |         <p className="mb-4 text-xs text-slate-500">
 [2m 48[0m |           Upload photos of your factory, machines, and 
facilities. Buyers trust sellers with real visual evidence.
 [2m 49[0m |         </p>
 [2m 50[0m |         <div className="grid gap-4 lg:grid-cols-2">
 [2m 51[0m |           {FACTORY_PHOTO_CATEGORIES.map((category) => {
 [2m 52[0m |             const limits = FACTORY_PHOTO_LIMITS[category];
 [2m 53[0m |             return (
 [2m 54[0m |               <ImageUploadGrid
 [2m 55[0m |                 key={category}
 [2m 56[0m |                 category={category}
 [2m 57[0m |                 label={`${category} Photos`}
 [2m 58[0m |                 required={limits ? limits.min > 0 : false}
 [2m 59[0m |                 images={images[category] || []}
 [2m 60[0m |                 min={limits?.min ?? 0}
 [2m 61[0m |                 max={limits?.max ?? 5}
 [2m 62[0m |                 error={errors[`factoryPhotos_${category}`] || 
errors.factoryPhotos}
 [2m 63[0m |                 onChange={(value) => onImagesChange(category, 
value)}
 [2m 64[0m |               />
 [2m 65[0m |             );
 [2m 66[0m |           })}
 [2m 67[0m |         </div>
 [2m 68[0m |       </div>
 [2m 69[0m | 
 [2m 70[0m |       {/* Machines */}
 [2m 71[0m |       <div className="rounded-lg border border-slate-200 
bg-slate-50/50 p-5">
 [2m 72[0m |         <MachinesEditor
 [2m 73[0m |           rows={machines}
 [2m 74[0m |           errors={errors}
 [2m 75[0m |           onChange={(value) => onFieldChange("machines", value)}
 [2m 76[0m |         />
 [2m 77[0m |       </div>
 [2m 78[0m | 
 [2m 79[0m |       {/* Certifications */}
 [2m 80[0m |       <div className="rounded-lg border border-slate-200 
bg-slate-50/50 p-5">
 [2m 81[0m |         <CertificationsEditor
 [2m 82[0m |           rows={certifications}
 [2m 83[0m |           errors={errors}
 [2m 84[0m |           onChange={(value) => onFieldChange("certifications", 
value)}
 [2m 85[0m |         />
 [2m 86[0m |       </div>
 [2m 87[0m | 
 [2m 88[0m |       {/* Export Experience */}
 [2m 89[0m |       <div className="rounded-lg border border-slate-200 
bg-slate-50/50 p-5">
 [2m 90[0m |         <ExportExperienceEditor
 [2m 91[0m |           rows={exportExperience}
 [2m 92[0m |           errors={errors}
 [2m 93[0m |           onChange={(value) => 
onFieldChange("exportExperience", value)}
 [2m 94[0m |         />
 [2m 95[0m |       </div>
 [2m 96[0m | 
 [2m 97[0m |       {/* Quality Systems */}
 [2m 98[0m |       <div className="rounded-lg border border-slate-200 
bg-slate-50/50 p-5">
 [2m 99[0m |         <Field label="Quality systems">
 [2m100[0m |           <MultiSelectChips
 [2m101[0m |             options={QUALITY_SYSTEM_OPTIONS}
 [2m102[0m |             value={qualitySystems}
 [2m103[0m |             onChange={(value) => 
onFieldChange("qualitySystems", value)}
 [2m104[0m |           />
 [2m105[0m |         </Field>
 [2m106[0m |       </div>
 [2m107[0m | 
 [2m108[0m |       {/* Factory Tour Video */}
 [2m109[0m |       <div className="rounded-lg border border-slate-200 
bg-slate-50/50 p-5">
 [2m110[0m |         <VideoUploadField
 [2m111[0m |           video={video}
 [2m112[0m |           videoUrl={String(form.factoryTourUrl || "")}
 [2m113[0m |           onVideoChange={onVideoChange}
 [2m114[0m |           onUrlChange={(url) => {
 [2m115[0m |             onVideoUrlChange(url);
 [2m116[0m |             if (!url && video) onVideoChange(null);
 [2m117[0m |           }}
 [2m118[0m |         />
 [2m119[0m |       </div>
 [2m120[0m |     </div>
 [2m121[0m |   );
 [2m122[0m | }"use client";
 [2m123[0m | 
 [2m124[0m | import { Textarea } from "@/components/ui/textarea";
     : [33;1m         ^^^^|^^^[0m
     :              [33;1m`-- [33;1m`Textarea` redefined here[0m[0m
 [2m125[0m | import { Field, MultiSelectChips } from 
"@/components/onboarding/OnboardingV3Wizard";
 [2m126[0m | import { QUALITY_SYSTEM_OPTIONS, FACTORY_PHOTO_CATEGORIES, 
FACTORY_PHOTO_LIMITS } from "@/lib/marketplace/onboarding-v3";
 [2m126[0m | import { ImageUploadGrid } from "./ImageUploadGrid";
     `----

  [31mx[0m the name `Field` is defined multiple times
     ,-[[36;1;4mC:\FREELANCING\Custom 
Tolerance\components\onboarding\seller\ProfileCompletionStep.tsx[0m:1:1]
 [2m  1[0m | "use client";
 [2m  2[0m | 
 [2m  3[0m | import { Textarea } from "@/components/ui/textarea";
 [2m  4[0m | import { Field, MultiSelectChips } from 
"@/components/onboarding/OnboardingV3Wizard";
     : [31;1m         ^^|^^[0m
     :            [31;1m`-- [31;1mprevious definition of `Field` here[0m[0m
 [2m  5[0m | import { QUALITY_SYSTEM_OPTIONS, FACTORY_PHOTO_CATEGORIES, 
FACTORY_PHOTO_LIMITS } from "@/lib/marketplace/onboarding-v3";
 [2m  6[0m | import { ImageUploadGrid } from "./ImageUploadGrid";
 [2m  7[0m | import { VideoUploadField } from "./VideoUploadField";
 [2m  8[0m | import { MachinesEditor } from "./MachinesEditor";
 [2m  9[0m | import { CertificationsEditor } from "./CertificationsEditor";
 [2m 10[0m | import { ExportExperienceEditor } from 
"./ExportExperienceEditor";
 [2m 11[0m | import type { StepProps, MachineRow, CertificationRow, 
ExportRow } from "./types";
 [2m 12[0m | 
 [2m 13[0m | export function ProfileCompletionStep({
 [2m 14[0m |   form,
 [2m 15[0m |   errors,
 [2m 16[0m |   images,
 [2m 17[0m |   video,
 [2m 18[0m |   onFieldChange,
 [2m 19[0m |   onImagesChange,
 [2m 20[0m |   onVideoChange,
 [2m 21[0m |   onVideoUrlChange,
 [2m 22[0m | }: StepProps) {
 [2m 23[0m |   const machines = Array.isArray(form.machines) ? 
(form.machines as MachineRow[]) : [];
 [2m 24[0m |   const certifications = Array.isArray(form.certifications) ? 
(form.certifications as CertificationRow[]) : [];
 [2m 25[0m |   const exportExperience = Array.isArray(form.exportExperience) 
? (form.exportExperience as ExportRow[]) : [];
 [2m 26[0m |   const qualitySystems = Array.isArray(form.qualitySystems) ? 
(form.qualitySystems as string[]) : [];
 [2m 27[0m | 
 [2m 28[0m |   return (
 [2m 29[0m |     <div className="mt-6 space-y-8">
 [2m 30[0m |       <p className="text-sm text-slate-600">
 [2m 31[0m |         Add factory evidence, machines, certifications, export 
history, and quality systems to strengthen your seller profile.
 [2m 32[0m |       </p>
 [2m 33[0m | 
 [2m 34[0m |       {/* Company Description */}
 [2m 35[0m |       <Field label="Company description" 
error={errors.companyDescription}>
 [2m 36[0m |         <Textarea
 [2m 37[0m |           value={String(form.companyDescription || "")}
 [2m 38[0m |           onChange={(e) => onFieldChange("companyDescription", 
e.target.value)}
 [2m 39[0m |           rows={4}
 [2m 40[0m |           className={errors.companyDescription ? 
"border-red-300" : ""}
 [2m 41[0m |         />
 [2m 42[0m |       </Field>
 [2m 43[0m | 
 [2m 44[0m |       {/* Factory Gallery */}
 [2m 45[0m |       <div className="rounded-lg border border-slate-200 
bg-slate-50/50 p-5">
 [2m 46[0m |         <h3 className="mb-1 text-sm font-bold uppercase 
tracking-wide text-slate-500">Factory Gallery</h3>
 [2m 47[0m |         <p className="mb-4 text-xs text-slate-500">
 [2m 48[0m |           Upload photos of your factory, machines, and 
facilities. Buyers trust sellers with real visual evidence.
 [2m 49[0m |         </p>
 [2m 50[0m |         <div className="grid gap-4 lg:grid-cols-2">
 [2m 51[0m |           {FACTORY_PHOTO_CATEGORIES.map((category) => {
 [2m 52[0m |             const limits = FACTORY_PHOTO_LIMITS[category];
 [2m 53[0m |             return (
 [2m 54[0m |               <ImageUploadGrid
 [2m 55[0m |                 key={category}
 [2m 56[0m |                 category={category}
 [2m 57[0m |                 label={`${category} Photos`}
 [2m 58[0m |                 required={limits ? limits.min > 0 : false}
 [2m 59[0m |                 images={images[category] || []}
 [2m 60[0m |                 min={limits?.min ?? 0}
 [2m 61[0m |                 max={limits?.max ?? 5}
 [2m 62[0m |                 error={errors[`factoryPhotos_${category}`] || 
errors.factoryPhotos}
 [2m 63[0m |                 onChange={(value) => onImagesChange(category, 
value)}
 [2m 64[0m |               />
 [2m 65[0m |             );
 [2m 66[0m |           })}
 [2m 67[0m |         </div>
 [2m 68[0m |       </div>
 [2m 69[0m | 
 [2m 70[0m |       {/* Machines */}
 [2m 71[0m |       <div className="rounded-lg border border-slate-200 
bg-slate-50/50 p-5">
 [2m 72[0m |         <MachinesEditor
 [2m 73[0m |           rows={machines}
 [2m 74[0m |           errors={errors}
 [2m 75[0m |           onChange={(value) => onFieldChange("machines", value)}
 [2m 76[0m |         />
 [2m 77[0m |       </div>
 [2m 78[0m | 
 [2m 79[0m |       {/* Certifications */}
 [2m 80[0m |       <div className="rounded-lg border border-slate-200 
bg-slate-50/50 p-5">
 [2m 81[0m |         <CertificationsEditor
 [2m 82[0m |           rows={certifications}
 [2m 83[0m |           errors={errors}
 [2m 84[0m |           onChange={(value) => onFieldChange("certifications", 
value)}
 [2m 85[0m |         />
 [2m 86[0m |       </div>
 [2m 87[0m | 
 [2m 88[0m |       {/* Export Experience */}
 [2m 89[0m |       <div className="rounded-lg border border-slate-200 
bg-slate-50/50 p-5">
 [2m 90[0m |         <ExportExperienceEditor
 [2m 91[0m |           rows={exportExperience}
 [2m 92[0m |           errors={errors}
 [2m 93[0m |           onChange={(value) => 
onFieldChange("exportExperience", value)}
 [2m 94[0m |         />
 [2m 95[0m |       </div>
 [2m 96[0m | 
 [2m 97[0m |       {/* Quality Systems */}
 [2m 98[0m |       <div className="rounded-lg border border-slate-200 
bg-slate-50/50 p-5">
 [2m 99[0m |         <Field label="Quality systems">
 [2m100[0m |           <MultiSelectChips
 [2m101[0m |             options={QUALITY_SYSTEM_OPTIONS}
 [2m102[0m |             value={qualitySystems}
 [2m103[0m |             onChange={(value) => 
onFieldChange("qualitySystems", value)}
 [2m104[0m |           />
 [2m105[0m |         </Field>
 [2m106[0m |       </div>
 [2m107[0m | 
 [2m108[0m |       {/* Factory Tour Video */}
 [2m109[0m |       <div className="rounded-lg border border-slate-200 
bg-slate-50/50 p-5">
 [2m110[0m |         <VideoUploadField
 [2m111[0m |           video={video}
 [2m112[0m |           videoUrl={String(form.factoryTourUrl || "")}
 [2m113[0m |           onVideoChange={onVideoChange}
 [2m114[0m |           onUrlChange={(url) => {
 [2m115[0m |             onVideoUrlChange(url);
 [2m116[0m |             if (!url && video) onVideoChange(null);
 [2m117[0m |           }}
 [2m118[0m |         />
 [2m119[0m |       </div>
 [2m120[0m |     </div>
 [2m121[0m |   );
 [2m122[0m | }"use client";
 [2m123[0m | 
 [2m124[0m | import { Textarea } from "@/components/ui/textarea";
 [2m125[0m | import { Field, MultiSelectChips } from 
"@/components/onboarding/OnboardingV3Wizard";
     : [33;1m         ^^|^^[0m
     :            [33;1m`-- [33;1m`Field` redefined here[0m[0m
 [2m126[0m | import { QUALITY_SYSTEM_OPTIONS, FACTORY_PHOTO_CATEGORIES, 
FACTORY_PHOTO_LIMITS } from "@/lib/marketplace/onboarding-v3";
 [2m127[0m | import { ImageUploadGrid } from "./ImageUploadGrid";
 [2m127[0m | import { VideoUploadField } from "./VideoUploadField";
     `----

  [31mx[0m the name `MultiSelectChips` is defined multiple times
     ,-[[36;1;4mC:\FREELANCING\Custom 
Tolerance\components\onboarding\seller\ProfileCompletionStep.tsx[0m:1:1]
 [2m  1[0m | "use client";
 [2m  2[0m | 
 [2m  3[0m | import { Textarea } from "@/components/ui/textarea";
 [2m  4[0m | import { Field, MultiSelectChips } from 
"@/components/onboarding/OnboardingV3Wizard";
     : [31;1m                ^^^^^^^^|^^^^^^^[0m
     :                         [31;1m`-- [31;1mprevious definition of 
`MultiSelectChips` here[0m[0m
 [2m  5[0m | import { QUALITY_SYSTEM_OPTIONS, FACTORY_PHOTO_CATEGORIES, 
FACTORY_PHOTO_LIMITS } from "@/lib/marketplace/onboarding-v3";
 [2m  6[0m | import { ImageUploadGrid } from "./ImageUploadGrid";
 [2m  7[0m | import { VideoUploadField } from "./VideoUploadField";
 [2m  8[0m | import { MachinesEditor } from "./MachinesEditor";
 [2m  9[0m | import { CertificationsEditor } from "./CertificationsEditor";
 [2m 10[0m | import { ExportExperienceEditor } from 
"./ExportExperienceEditor";
 [2m 11[0m | import type { StepProps, MachineRow, CertificationRow, 
ExportRow } from "./types";
 [2m 12[0m | 
 [2m 13[0m | export function ProfileCompletionStep({
 [2m 14[0m |   form,
 [2m 15[0m |   errors,
 [2m 16[0m |   images,
 [2m 17[0m |   video,
 [2m 18[0m |   onFieldChange,
 [2m 19[0m |   onImagesChange,
 [2m 20[0m |   onVideoChange,
 [2m 21[0m |   onVideoUrlChange,
 [2m 22[0m | }: StepProps) {
 [2m 23[0m |   const machines = Array.isArray(form.machines) ? 
(form.machines as MachineRow[]) : [];
 [2m 24[0m |   const certifications = Array.isArray(form.certifications) ? 
(form.certifications as CertificationRow[]) : [];
 [2m 25[0m |   const exportExperience = Array.isArray(form.exportExperience) 
? (form.exportExperience as ExportRow[]) : [];
 [2m 26[0m |   const qualitySystems = Array.isArray(form.qualitySystems) ? 
(form.qualitySystems as string[]) : [];
 [2m 27[0m | 
 [2m 28[0m |   return (
 [2m 29[0m |     <div className="mt-6 space-y-8">
 [2m 30[0m |       <p className="text-sm text-slate-600">
 [2m 31[0m |         Add factory evidence, machines, certifications, export 
history, and quality systems to strengthen your seller profile.
 [2m 32[0m |       </p>
 [2m 33[0m | 
 [2m 34[0m |       {/* Company Description */}
 [2m 35[0m |       <Field label="Company description" 
error={errors.companyDescription}>
 [2m 36[0m |         <Textarea
 [2m 37[0m |           value={String(form.companyDescription || "")}
 [2m 38[0m |           onChange={(e) => onFieldChange("companyDescription", 
e.target.value)}
 [2m 39[0m |           rows={4}
 [2m 40[0m |           className={errors.companyDescription ? 
"border-red-300" : ""}
 [2m 41[0m |         />
 [2m 42[0m |       </Field>
 [2m 43[0m | 
 [2m 44[0m |       {/* Factory Gallery */}
 [2m 45[0m |       <div className="rounded-lg border border-slate-200 
bg-slate-50/50 p-5">
 [2m 46[0m |         <h3 className="mb-1 text-sm font-bold uppercase 
tracking-wide text-slate-500">Factory Gallery</h3>
 [2m 47[0m |         <p className="mb-4 text-xs text-slate-500">
 [2m 48[0m |           Upload photos of your factory, machines, and 
facilities. Buyers trust sellers with real visual evidence.
 [2m 49[0m |         </p>
 [2m 50[0m |         <div className="grid gap-4 lg:grid-cols-2">
 [2m 51[0m |           {FACTORY_PHOTO_CATEGORIES.map((category) => {
 [2m 52[0m |             const limits = FACTORY_PHOTO_LIMITS[category];
 [2m 53[0m |             return (
 [2m 54[0m |               <ImageUploadGrid
 [2m 55[0m |                 key={category}
 [2m 56[0m |                 category={category}
 [2m 57[0m |                 label={`${category} Photos`}
 [2m 58[0m |                 required={limits ? limits.min > 0 : false}
 [2m 59[0m |                 images={images[category] || []}
 [2m 60[0m |                 min={limits?.min ?? 0}
 [2m 61[0m |                 max={limits?.max ?? 5}
 [2m 62[0m |                 error={errors[`factoryPhotos_${category}`] || 
errors.factoryPhotos}
 [2m 63[0m |                 onChange={(value) => onImagesChange(category, 
value)}
 [2m 64[0m |               />
 [2m 65[0m |             );
 [2m 66[0m |           })}
 [2m 67[0m |         </div>
 [2m 68[0m |       </div>
 [2m 69[0m | 
 [2m 70[0m |       {/* Machines */}
 [2m 71[0m |       <div className="rounded-lg border border-slate-200 
bg-slate-50/50 p-5">
 [2m 72[0m |         <MachinesEditor
 [2m 73[0m |           rows={machines}
 [2m 74[0m |           errors={errors}
 [2m 75[0m |           onChange={(value) => onFieldChange("machines", value)}
 [2m 76[0m |         />
 [2m 77[0m |       </div>
 [2m 78[0m | 
 [2m 79[0m |       {/* Certifications */}
 [2m 80[0m |       <div className="rounded-lg border border-slate-200 
bg-slate-50/50 p-5">
 [2m 81[0m |         <CertificationsEditor
 [2m 82[0m |           rows={certifications}
 [2m 83[0m |           errors={errors}
 [2m 84[0m |           onChange={(value) => onFieldChange("certifications", 
value)}
 [2m 85[0m |         />
 [2m 86[0m |       </div>
 [2m 87[0m | 
 [2m 88[0m |       {/* Export Experience */}
 [2m 89[0m |       <div className="rounded-lg border border-slate-200 
bg-slate-50/50 p-5">
 [2m 90[0m |         <ExportExperienceEditor
 [2m 91[0m |           rows={exportExperience}
 [2m 92[0m |           errors={errors}
 [2m 93[0m |           onChange={(value) => 
onFieldChange("exportExperience", value)}
 [2m 94[0m |         />
 [2m 95[0m |       </div>
 [2m 96[0m | 
 [2m 97[0m |       {/* Quality Systems */}
 [2m 98[0m |       <div className="rounded-lg border border-slate-200 
bg-slate-50/50 p-5">
 [2m 99[0m |         <Field label="Quality systems">
 [2m100[0m |           <MultiSelectChips
 [2m101[0m |             options={QUALITY_SYSTEM_OPTIONS}
 [2m102[0m |             value={qualitySystems}
 [2m103[0m |             onChange={(value) => 
onFieldChange("qualitySystems", value)}
 [2m104[0m |           />
 [2m105[0m |         </Field>
 [2m106[0m |       </div>
 [2m107[0m | 
 [2m108[0m |       {/* Factory Tour Video */}
 [2m109[0m |       <div className="rounded-lg border border-slate-200 
bg-slate-50/50 p-5">
 [2m110[0m |         <VideoUploadField
 [2m111[0m |           video={video}
 [2m112[0m |           videoUrl={String(form.factoryTourUrl || "")}
 [2m113[0m |           onVideoChange={onVideoChange}
 [2m114[0m |           onUrlChange={(url) => {
 [2m115[0m |             onVideoUrlChange(url);
 [2m116[0m |             if (!url && video) onVideoChange(null);
 [2m117[0m |           }}
 [2m118[0m |         />
 [2m119[0m |       </div>
 [2m120[0m |     </div>
 [2m121[0m |   );
 [2m122[0m | }"use client";
 [2m123[0m | 
 [2m124[0m | import { Textarea } from "@/components/ui/textarea";
 [2m125[0m | import { Field, MultiSelectChips } from 
"@/components/onboarding/OnboardingV3Wizard";
     : [33;1m                ^^^^^^^^|^^^^^^^[0m
     :                         [33;1m`-- [33;1m`MultiSelectChips` redefined 
here[0m[0m
 [2m126[0m | import { QUALITY_SYSTEM_OPTIONS, FACTORY_PHOTO_CATEGORIES, 
FACTORY_PHOTO_LIMITS } from "@/lib/marketplace/onboarding-v3";
 [2m127[0m | import { ImageUploadGrid } from "./ImageUploadGrid";
 [2m127[0m | import { VideoUploadField } from "./VideoUploadField";
     `----

  [31mx[0m the name `QUALITY_SYSTEM_OPTIONS` is defined multiple times
     ,-[[36;1;4mC:\FREELANCING\Custom 
Tolerance\components\onboarding\seller\ProfileCompletionStep.tsx[0m:2:1]
 [2m  2[0m | 
 [2m  3[0m | import { Textarea } from "@/components/ui/textarea";
 [2m  4[0m | import { Field, MultiSelectChips } from 
"@/components/onboarding/OnboardingV3Wizard";
 [2m  5[0m | import { QUALITY_SYSTEM_OPTIONS, FACTORY_PHOTO_CATEGORIES, 
FACTORY_PHOTO_LIMITS } from "@/lib/marketplace/onboarding-v3";
     : [31;1m         ^^^^^^^^^^^|^^^^^^^^^^[0m
     :                     [31;1m`-- [31;1mprevious definition of 
`QUALITY_SYSTEM_OPTIONS` here[0m[0m
 [2m  6[0m | import { ImageUploadGrid } from "./ImageUploadGrid";
 [2m  7[0m | import { VideoUploadField } from "./VideoUploadField";
 [2m  8[0m | import { MachinesEditor } from "./MachinesEditor";
 [2m  9[0m | import { CertificationsEditor } from "./CertificationsEditor";
 [2m 10[0m | import { ExportExperienceEditor } from 
"./ExportExperienceEditor";
 [2m 11[0m | import type { StepProps, MachineRow, CertificationRow, 
ExportRow } from "./types";
 [2m 12[0m | 
 [2m 13[0m | export function ProfileCompletionStep({
 [2m 14[0m |   form,
 [2m 15[0m |   errors,
 [2m 16[0m |   images,
 [2m 17[0m |   video,
 [2m 18[0m |   onFieldChange,
 [2m 19[0m |   onImagesChange,
 [2m 20[0m |   onVideoChange,
 [2m 21[0m |   onVideoUrlChange,
 [2m 22[0m | }: StepProps) {
 [2m 23[0m |   const machines = Array.isArray(form.machines) ? 
(form.machines as MachineRow[]) : [];
 [2m 24[0m |   const certifications = Array.isArray(form.certifications) ? 
(form.certifications as CertificationRow[]) : [];
 [2m 25[0m |   const exportExperience = Array.isArray(form.exportExperience) 
? (form.exportExperience as ExportRow[]) : [];
 [2m 26[0m |   const qualitySystems = Array.isArray(form.qualitySystems) ? 
(form.qualitySystems as string[]) : [];
 [2m 27[0m | 
 [2m 28[0m |   return (
 [2m 29[0m |     <div className="mt-6 space-y-8">
 [2m 30[0m |       <p className="text-sm text-slate-600">
 [2m 31[0m |         Add factory evidence, machines, certifications, export 
history, and quality systems to strengthen your seller profile.
 [2m 32[0m |       </p>
 [2m 33[0m | 
 [2m 34[0m |       {/* Company Description */}
 [2m 35[0m |       <Field label="Company description" 
error={errors.companyDescription}>
 [2m 36[0m |         <Textarea
 [2m 37[0m |           value={String(form.companyDescription || "")}
 [2m 38[0m |           onChange={(e) => onFieldChange("companyDescription", 
e.target.value)}
 [2m 39[0m |           rows={4}
 [2m 40[0m |           className={errors.companyDescription ? 
"border-red-300" : ""}
 [2m 41[0m |         />
 [2m 42[0m |       </Field>
 [2m 43[0m | 
 [2m 44[0m |       {/* Factory Gallery */}
 [2m 45[0m |       <div className="rounded-lg border border-slate-200 
bg-slate-50/50 p-5">
 [2m 46[0m |         <h3 className="mb-1 text-sm font-bold uppercase 
tracking-wide text-slate-500">Factory Gallery</h3>
 [2m 47[0m |         <p className="mb-4 text-xs text-slate-500">
 [2m 48[0m |           Upload photos of your factory, machines, and 
facilities. Buyers trust sellers with real visual evidence.
 [2m 49[0m |         </p>
 [2m 50[0m |         <div className="grid gap-4 lg:grid-cols-2">
 [2m 51[0m |           {FACTORY_PHOTO_CATEGORIES.map((category) => {
 [2m 52[0m |             const limits = FACTORY_PHOTO_LIMITS[category];
 [2m 53[0m |             return (
 [2m 54[0m |               <ImageUploadGrid
 [2m 55[0m |                 key={category}
 [2m 56[0m |                 category={category}
 [2m 57[0m |                 label={`${category} Photos`}
 [2m 58[0m |                 required={limits ? limits.min > 0 : false}
 [2m 59[0m |                 images={images[category] || []}
 [2m 60[0m |                 min={limits?.min ?? 0}
 [2m 61[0m |                 max={limits?.max ?? 5}
 [2m 62[0m |                 error={errors[`factoryPhotos_${category}`] || 
errors.factoryPhotos}
 [2m 63[0m |                 onChange={(value) => onImagesChange(category, 
value)}
 [2m 64[0m |               />
 [2m 65[0m |             );
 [2m 66[0m |           })}
 [2m 67[0m |         </div>
 [2m 68[0m |       </div>
 [2m 69[0m | 
 [2m 70[0m |       {/* Machines */}
 [2m 71[0m |       <div className="rounded-lg border border-slate-200 
bg-slate-50/50 p-5">
 [2m 72[0m |         <MachinesEditor
 [2m 73[0m |           rows={machines}
 [2m 74[0m |           errors={errors}
 [2m 75[0m |           onChange={(value) => onFieldChange("machines", value)}
 [2m 76[0m |         />
 [2m 77[0m |       </div>
 [2m 78[0m | 
 [2m 79[0m |       {/* Certifications */}
 [2m 80[0m |       <div className="rounded-lg border border-slate-200 
bg-slate-50/50 p-5">
 [2m 81[0m |         <CertificationsEditor
 [2m 82[0m |           rows={certifications}
 [2m 83[0m |           errors={errors}
 [2m 84[0m |           onChange={(value) => onFieldChange("certifications", 
value)}
 [2m 85[0m |         />
 [2m 86[0m |       </div>
 [2m 87[0m | 
 [2m 88[0m |       {/* Export Experience */}
 [2m 89[0m |       <div className="rounded-lg border border-slate-200 
bg-slate-50/50 p-5">
 [2m 90[0m |         <ExportExperienceEditor
 [2m 91[0m |           rows={exportExperience}
 [2m 92[0m |           errors={errors}
 [2m 93[0m |           onChange={(value) => 
onFieldChange("exportExperience", value)}
 [2m 94[0m |         />
 [2m 95[0m |       </div>
 [2m 96[0m | 
 [2m 97[0m |       {/* Quality Systems */}
 [2m 98[0m |       <div className="rounded-lg border border-slate-200 
bg-slate-50/50 p-5">
 [2m 99[0m |         <Field label="Quality systems">
 [2m100[0m |           <MultiSelectChips
 [2m101[0m |             options={QUALITY_SYSTEM_OPTIONS}
 [2m102[0m |             value={qualitySystems}
 [2m103[0m |             onChange={(value) => 
onFieldChange("qualitySystems", value)}
 [2m104[0m |           />
 [2m105[0m |         </Field>
 [2m106[0m |       </div>
 [2m107[0m | 
 [2m108[0m |       {/* Factory Tour Video */}
 [2m109[0m |       <div className="rounded-lg border border-slate-200 
bg-slate-50/50 p-5">
 [2m110[0m |         <VideoUploadField
 [2m111[0m |           video={video}
 [2m112[0m |           videoUrl={String(form.factoryTourUrl || "")}
 [2m113[0m |           onVideoChange={onVideoChange}
 [2m114[0m |           onUrlChange={(url) => {
 [2m115[0m |             onVideoUrlChange(url);
 [2m116[0m |             if (!url && video) onVideoChange(null);
 [2m117[0m |           }}
 [2m118[0m |         />
 [2m119[0m |       </div>
 [2m120[0m |     </div>
 [2m121[0m |   );
 [2m122[0m | }"use client";
 [2m123[0m | 
 [2m124[0m | import { Textarea } from "@/components/ui/textarea";
 [2m125[0m | import { Field, MultiSelectChips } from 
"@/components/onboarding/OnboardingV3Wizard";
 [2m126[0m | import { QUALITY_SYSTEM_OPTIONS, FACTORY_PHOTO_CATEGORIES, 
FACTORY_PHOTO_LIMITS } from "@/lib/marketplace/onboarding-v3";
     : [33;1m         ^^^^^^^^^^^|^^^^^^^^^^[0m
     :                     [33;1m`-- [33;1m`QUALITY_SYSTEM_OPTIONS` 
redefined here[0m[0m
 [2m127[0m | import { ImageUploadGrid } from "./ImageUploadGrid";
 [2m128[0m | import { VideoUploadField } from "./VideoUploadField";
 [2m128[0m | import { MachinesEditor } from "./MachinesEditor";
     `----

  [31mx[0m the name `FACTORY_PHOTO_CATEGORIES` is defined multiple times
     ,-[[36;1;4mC:\FREELANCING\Custom 
Tolerance\components\onboarding\seller\ProfileCompletionStep.tsx[0m:2:1]
 [2m  2[0m | 
 [2m  3[0m | import { Textarea } from "@/components/ui/textarea";
 [2m  4[0m | import { Field, MultiSelectChips } from 
"@/components/onboarding/OnboardingV3Wizard";
 [2m  5[0m | import { QUALITY_SYSTEM_OPTIONS, FACTORY_PHOTO_CATEGORIES, 
FACTORY_PHOTO_LIMITS } from "@/lib/marketplace/onboarding-v3";
     : [31;1m                                 ^^^^^^^^^^^^|^^^^^^^^^^^[0m
     :                                              [31;1m`-- [31;1mprevious 
definition of `FACTORY_PHOTO_CATEGORIES` here[0m[0m
 [2m  6[0m | import { ImageUploadGrid } from "./ImageUploadGrid";
 [2m  7[0m | import { VideoUploadField } from "./VideoUploadField";
 [2m  8[0m | import { MachinesEditor } from "./MachinesEditor";
 [2m  9[0m | import { CertificationsEditor } from "./CertificationsEditor";
 [2m 10[0m | import { ExportExperienceEditor } from 
"./ExportExperienceEditor";
 [2m 11[0m | import type { StepProps, MachineRow, CertificationRow, 
ExportRow } from "./types";
 [2m 12[0m | 
 [2m 13[0m | export function ProfileCompletionStep({
 [2m 14[0m |   form,
 [2m 15[0m |   errors,
 [2m 16[0m |   images,
 [2m 17[0m |   video,
 [2m 18[0m |   onFieldChange,
 [2m 19[0m |   onImagesChange,
 [2m 20[0m |   onVideoChange,
 [2m 21[0m |   onVideoUrlChange,
 [2m 22[0m | }: StepProps) {
 [2m 23[0m |   const machines = Array.isArray(form.machines) ? 
(form.machines as MachineRow[]) : [];
 [2m 24[0m |   const certifications = Array.isArray(form.certifications) ? 
(form.certifications as CertificationRow[]) : [];
 [2m 25[0m |   const exportExperience = Array.isArray(form.exportExperience) 
? (form.exportExperience as ExportRow[]) : [];
 [2m 26[0m |   const qualitySystems = Array.isArray(form.qualitySystems) ? 
(form.qualitySystems as string[]) : [];
 [2m 27[0m | 
 [2m 28[0m |   return (
 [2m 29[0m |     <div className="mt-6 space-y-8">
 [2m 30[0m |       <p className="text-sm text-slate-600">
 [2m 31[0m |         Add factory evidence, machines, certifications, export 
history, and quality systems to strengthen your seller profile.
 [2m 32[0m |       </p>
 [2m 33[0m | 
 [2m 34[0m |       {/* Company Description */}
 [2m 35[0m |       <Field label="Company description" 
error={errors.companyDescription}>
 [2m 36[0m |         <Textarea
 [2m 37[0m |           value={String(form.companyDescription || "")}
 [2m 38[0m |           onChange={(e) => onFieldChange("companyDescription", 
e.target.value)}
 [2m 39[0m |           rows={4}
 [2m 40[0m |           className={errors.companyDescription ? 
"border-red-300" : ""}
 [2m 41[0m |         />
 [2m 42[0m |       </Field>
 [2m 43[0m | 
 [2m 44[0m |       {/* Factory Gallery */}
 [2m 45[0m |       <div className="rounded-lg border border-slate-200 
bg-slate-50/50 p-5">
 [2m 46[0m |         <h3 className="mb-1 text-sm font-bold uppercase 
tracking-wide text-slate-500">Factory Gallery</h3>
 [2m 47[0m |         <p className="mb-4 text-xs text-slate-500">
 [2m 48[0m |           Upload photos of your factory, machines, and 
facilities. Buyers trust sellers with real visual evidence.
 [2m 49[0m |         </p>
 [2m 50[0m |         <div className="grid gap-4 lg:grid-cols-2">
 [2m 51[0m |           {FACTORY_PHOTO_CATEGORIES.map((category) => {
 [2m 52[0m |             const limits = FACTORY_PHOTO_LIMITS[category];
 [2m 53[0m |             return (
 [2m 54[0m |               <ImageUploadGrid
 [2m 55[0m |                 key={category}
 [2m 56[0m |                 category={category}
 [2m 57[0m |                 label={`${category} Photos`}
 [2m 58[0m |                 required={limits ? limits.min > 0 : false}
 [2m 59[0m |                 images={images[category] || []}
 [2m 60[0m |                 min={limits?.min ?? 0}
 [2m 61[0m |                 max={limits?.max ?? 5}
 [2m 62[0m |                 error={errors[`factoryPhotos_${category}`] || 
errors.factoryPhotos}
 [2m 63[0m |                 onChange={(value) => onImagesChange(category, 
value)}
 [2m 64[0m |               />
 [2m 65[0m |             );
 [2m 66[0m |           })}
 [2m 67[0m |         </div>
 [2m 68[0m |       </div>
 [2m 69[0m | 
 [2m 70[0m |       {/* Machines */}
 [2m 71[0m |       <div className="rounded-lg border border-slate-200 
bg-slate-50/50 p-5">
 [2m 72[0m |         <MachinesEditor
 [2m 73[0m |           rows={machines}
 [2m 74[0m |           errors={errors}
 [2m 75[0m |           onChange={(value) => onFieldChange("machines", value)}
 [2m 76[0m |         />
 [2m 77[0m |       </div>
 [2m 78[0m | 
 [2m 79[0m |       {/* Certifications */}
 [2m 80[0m |       <div className="rounded-lg border border-slate-200 
bg-slate-50/50 p-5">
 [2m 81[0m |         <CertificationsEditor
 [2m 82[0m |           rows={certifications}
 [2m 83[0m |           errors={errors}
 [2m 84[0m |           onChange={(value) => onFieldChange("certifications", 
value)}
 [2m 85[0m |         />
 [2m 86[0m |       </div>
 [2m 87[0m | 
 [2m 88[0m |       {/* Export Experience */}
 [2m 89[0m |       <div className="rounded-lg border border-slate-200 
bg-slate-50/50 p-5">
 [2m 90[0m |         <ExportExperienceEditor
 [2m 91[0m |           rows={exportExperience}
 [2m 92[0m |           errors={errors}
 [2m 93[0m |           onChange={(value) => 
onFieldChange("exportExperience", value)}
 [2m 94[0m |         />
 [2m 95[0m |       </div>
 [2m 96[0m | 
 [2m 97[0m |       {/* Quality Systems */}
 [2m 98[0m |       <div className="rounded-lg border border-slate-200 
bg-slate-50/50 p-5">
 [2m 99[0m |         <Field label="Quality systems">
 [2m100[0m |           <MultiSelectChips
 [2m101[0m |             options={QUALITY_SYSTEM_OPTIONS}
 [2m102[0m |             value={qualitySystems}
 [2m103[0m |             onChange={(value) => 
onFieldChange("qualitySystems", value)}
 [2m104[0m |           />
 [2m105[0m |         </Field>
 [2m106[0m |       </div>
 [2m107[0m | 
 [2m108[0m |       {/* Factory Tour Video */}
 [2m109[0m |       <div className="rounded-lg border border-slate-200 
bg-slate-50/50 p-5">
 [2m110[0m |         <VideoUploadField
 [2m111[0m |           video={video}
 [2m112[0m |           videoUrl={String(form.factoryTourUrl || "")}
 [2m113[0m |           onVideoChange={onVideoChange}
 [2m114[0m |           onUrlChange={(url) => {
 [2m115[0m |             onVideoUrlChange(url);
 [2m116[0m |             if (!url && video) onVideoChange(null);
 [2m117[0m |           }}
 [2m118[0m |         />
 [2m119[0m |       </div>
 [2m120[0m |     </div>
 [2m121[0m |   );
 [2m122[0m | }"use client";
 [2m123[0m | 
 [2m124[0m | import { Textarea } from "@/components/ui/textarea";
 [2m125[0m | import { Field, MultiSelectChips } from 
"@/components/onboarding/OnboardingV3Wizard";
 [2m126[0m | import { QUALITY_SYSTEM_OPTIONS, FACTORY_PHOTO_CATEGORIES, 
FACTORY_PHOTO_LIMITS } from "@/lib/marketplace/onboarding-v3";
     : [33;1m                                 ^^^^^^^^^^^^|^^^^^^^^^^^[0m
     :                                              [33;1m`-- 
[33;1m`FACTORY_PHOTO_CATEGORIES` redefined here[0m[0m
 [2m127[0m | import { ImageUploadGrid } from "./ImageUploadGrid";
 [2m128[0m | import { VideoUploadField } from "./VideoUploadField";
 [2m128[0m | import { MachinesEditor } from "./MachinesEditor";
     `----

  [31mx[0m the name `FACTORY_PHOTO_LIMITS` is defined multiple times
     ,-[[36;1;4mC:\FREELANCING\Custom 
Tolerance\components\onboarding\seller\ProfileCompletionStep.tsx[0m:2:1]
 [2m  2[0m | 
 [2m  3[0m | import { Textarea } from "@/components/ui/textarea";
 [2m  4[0m | import { Field, MultiSelectChips } from 
"@/components/onboarding/OnboardingV3Wizard";
 [2m  5[0m | import { QUALITY_SYSTEM_OPTIONS, FACTORY_PHOTO_CATEGORIES, 
FACTORY_PHOTO_LIMITS } from "@/lib/marketplace/onboarding-v3";
     : [31;1m                                                           
^^^^^^^^^^|^^^^^^^^^[0m
     :                                                                      
[31;1m`-- [31;1mprevious definition of `FACTORY_PHOTO_LIMITS` here[0m[0m
 [2m  6[0m | import { ImageUploadGrid } from "./ImageUploadGrid";
 [2m  7[0m | import { VideoUploadField } from "./VideoUploadField";
 [2m  8[0m | import { MachinesEditor } from "./MachinesEditor";
 [2m  9[0m | import { CertificationsEditor } from "./CertificationsEditor";
 [2m 10[0m | import { ExportExperienceEditor } from 
"./ExportExperienceEditor";
 [2m 11[0m | import type { StepProps, MachineRow, CertificationRow, 
ExportRow } from "./types";
 [2m 12[0m | 
 [2m 13[0m | export function ProfileCompletionStep({
 [2m 14[0m |   form,
 [2m 15[0m |   errors,
 [2m 16[0m |   images,
 [2m 17[0m |   video,
 [2m 18[0m |   onFieldChange,
 [2m 19[0m |   onImagesChange,
 [2m 20[0m |   onVideoChange,
 [2m 21[0m |   onVideoUrlChange,
 [2m 22[0m | }: StepProps) {
 [2m 23[0m |   const machines = Array.isArray(form.machines) ? 
(form.machines as MachineRow[]) : [];
 [2m 24[0m |   const certifications = Array.isArray(form.certifications) ? 
(form.certifications as CertificationRow[]) : [];
 [2m 25[0m |   const exportExperience = Array.isArray(form.exportExperience) 
? (form.exportExperience as ExportRow[]) : [];
 [2m 26[0m |   const qualitySystems = Array.isArray(form.qualitySystems) ? 
(form.qualitySystems as string[]) : [];
 [2m 27[0m | 
 [2m 28[0m |   return (
 [2m 29[0m |     <div className="mt-6 space-y-8">
 [2m 30[0m |       <p className="text-sm text-slate-600">
 [2m 31[0m |         Add factory evidence, machines, certifications, export 
history, and quality systems to strengthen your seller profile.
 [2m 32[0m |       </p>
 [2m 33[0m | 
 [2m 34[0m |       {/* Company Description */}
 [2m 35[0m |       <Field label="Company description" 
error={errors.companyDescription}>
 [2m 36[0m |         <Textarea
 [2m 37[0m |           value={String(form.companyDescription || "")}
 [2m 38[0m |           onChange={(e) => onFieldChange("companyDescription", 
e.target.value)}
 [2m 39[0m |           rows={4}
 [2m 40[0m |           className={errors.companyDescription ? 
"border-red-300" : ""}
 [2m 41[0m |         />
 [2m 42[0m |       </Field>
 [2m 43[0m | 
 [2m 44[0m |       {/* Factory Gallery */}
 [2m 45[0m |       <div className="rounded-lg border border-slate-200 
bg-slate-50/50 p-5">
 [2m 46[0m |         <h3 className="mb-1 text-sm font-bold uppercase 
tracking-wide text-slate-500">Factory Gallery</h3>
 [2m 47[0m |         <p className="mb-4 text-xs text-slate-500">
 [2m 48[0m |           Upload photos of your factory, machines, and 
facilities. Buyers trust sellers with real visual evidence.
 [2m 49[0m |         </p>
 [2m 50[0m |         <div className="grid gap-4 lg:grid-cols-2">
 [2m 51[0m |           {FACTORY_PHOTO_CATEGORIES.map((category) => {
 [2m 52[0m |             const limits = FACTORY_PHOTO_LIMITS[category];
 [2m 53[0m |             return (
 [2m 54[0m |               <ImageUploadGrid
 [2m 55[0m |                 key={category}
 [2m 56[0m |                 category={category}
 [2m 57[0m |                 label={`${category} Photos`}
 [2m 58[0m |                 required={limits ? limits.min > 0 : false}
 [2m 59[0m |                 images={images[category] || []}
 [2m 60[0m |                 min={limits?.min ?? 0}
 [2m 61[0m |                 max={limits?.max ?? 5}
 [2m 62[0m |                 error={errors[`factoryPhotos_${category}`] || 
errors.factoryPhotos}
 [2m 63[0m |                 onChange={(value) => onImagesChange(category, 
value)}
 [2m 64[0m |               />
 [2m 65[0m |             );
 [2m 66[0m |           })}
 [2m 67[0m |         </div>
 [2m 68[0m |       </div>
 [2m 69[0m | 
 [2m 70[0m |       {/* Machines */}
 [2m 71[0m |       <div className="rounded-lg border border-slate-200 
bg-slate-50/50 p-5">
 [2m 72[0m |         <MachinesEditor
 [2m 73[0m |           rows={machines}
 [2m 74[0m |           errors={errors}
 [2m 75[0m |           onChange={(value) => onFieldChange("machines", value)}
 [2m 76[0m |         />
 [2m 77[0m |       </div>
 [2m 78[0m | 
 [2m 79[0m |       {/* Certifications */}
 [2m 80[0m |       <div className="rounded-lg border border-slate-200 
bg-slate-50/50 p-5">
 [2m 81[0m |         <CertificationsEditor
 [2m 82[0m |           rows={certifications}
 [2m 83[0m |           errors={errors}
 [2m 84[0m |           onChange={(value) => onFieldChange("certifications", 
value)}
 [2m 85[0m |         />
 [2m 86[0m |       </div>
 [2m 87[0m | 
 [2m 88[0m |       {/* Export Experience */}
 [2m 89[0m |       <div className="rounded-lg border border-slate-200 
bg-slate-50/50 p-5">
 [2m 90[0m |         <ExportExperienceEditor
 [2m 91[0m |           rows={exportExperience}
 [2m 92[0m |           errors={errors}
 [2m 93[0m |           onChange={(value) => 
onFieldChange("exportExperience", value)}
 [2m 94[0m |         />
 [2m 95[0m |       </div>
 [2m 96[0m | 
 [2m 97[0m |       {/* Quality Systems */}
 [2m 98[0m |       <div className="rounded-lg border border-slate-200 
bg-slate-50/50 p-5">
 [2m 99[0m |         <Field label="Quality systems">
 [2m100[0m |           <MultiSelectChips
 [2m101[0m |             options={QUALITY_SYSTEM_OPTIONS}
 [2m102[0m |             value={qualitySystems}
 [2m103[0m |             onChange={(value) => 
onFieldChange("qualitySystems", value)}
 [2m104[0m |           />
 [2m105[0m |         </Field>
 [2m106[0m |       </div>
 [2m107[0m | 
 [2m108[0m |       {/* Factory Tour Video */}
 [2m109[0m |       <div className="rounded-lg border border-slate-200 
bg-slate-50/50 p-5">
 [2m110[0m |         <VideoUploadField
 [2m111[0m |           video={video}
 [2m112[0m |           videoUrl={String(form.factoryTourUrl || "")}
 [2m113[0m |           onVideoChange={onVideoChange}
 [2m114[0m |           onUrlChange={(url) => {
 [2m115[0m |             onVideoUrlChange(url);
 [2m116[0m |             if (!url && video) onVideoChange(null);
 [2m117[0m |           }}
 [2m118[0m |         />
 [2m119[0m |       </div>
 [2m120[0m |     </div>
 [2m121[0m |   );
 [2m122[0m | }"use client";
 [2m123[0m | 
 [2m124[0m | import { Textarea } from "@/components/ui/textarea";
 [2m125[0m | import { Field, MultiSelectChips } from 
"@/components/onboarding/OnboardingV3Wizard";
 [2m126[0m | import { QUALITY_SYSTEM_OPTIONS, FACTORY_PHOTO_CATEGORIES, 
FACTORY_PHOTO_LIMITS } from "@/lib/marketplace/onboarding-v3";
     : [33;1m                                                           
^^^^^^^^^^|^^^^^^^^^[0m
     :                                                                      
[33;1m`-- [33;1m`FACTORY_PHOTO_LIMITS` redefined here[0m[0m
 [2m127[0m | import { ImageUploadGrid } from "./ImageUploadGrid";
 [2m128[0m | import { VideoUploadField } from "./VideoUploadField";
 [2m128[0m | import { MachinesEditor } from "./MachinesEditor";
     `----

  [31mx[0m the name `ImageUploadGrid` is defined multiple times
     ,-[[36;1;4mC:\FREELANCING\Custom 
Tolerance\components\onboarding\seller\ProfileCompletionStep.tsx[0m:3:1]
 [2m  3[0m | import { Textarea } from "@/components/ui/textarea";
 [2m  4[0m | import { Field, MultiSelectChips } from 
"@/components/onboarding/OnboardingV3Wizard";
 [2m  5[0m | import { QUALITY_SYSTEM_OPTIONS, FACTORY_PHOTO_CATEGORIES, 
FACTORY_PHOTO_LIMITS } from "@/lib/marketplace/onboarding-v3";
 [2m  6[0m | import { ImageUploadGrid } from "./ImageUploadGrid";
     : [31;1m         ^^^^^^^|^^^^^^^[0m
     :                 [31;1m`-- [31;1mprevious definition of 
`ImageUploadGrid` here[0m[0m
 [2m  7[0m | import { VideoUploadField } from "./VideoUploadField";
 [2m  8[0m | import { MachinesEditor } from "./MachinesEditor";
 [2m  9[0m | import { CertificationsEditor } from "./CertificationsEditor";
 [2m 10[0m | import { ExportExperienceEditor } from 
"./ExportExperienceEditor";
 [2m 11[0m | import type { StepProps, MachineRow, CertificationRow, 
ExportRow } from "./types";
 [2m 12[0m | 
 [2m 13[0m | export function ProfileCompletionStep({
 [2m 14[0m |   form,
 [2m 15[0m |   errors,
 [2m 16[0m |   images,
 [2m 17[0m |   video,
 [2m 18[0m |   onFieldChange,
 [2m 19[0m |   onImagesChange,
 [2m 20[0m |   onVideoChange,
 [2m 21[0m |   onVideoUrlChange,
 [2m 22[0m | }: StepProps) {
 [2m 23[0m |   const machines = Array.isArray(form.machines) ? 
(form.machines as MachineRow[]) : [];
 [2m 24[0m |   const certifications = Array.isArray(form.certifications) ? 
(form.certifications as CertificationRow[]) : [];
 [2m 25[0m |   const exportExperience = Array.isArray(form.exportExperience) 
? (form.exportExperience as ExportRow[]) : [];
 [2m 26[0m |   const qualitySystems = Array.isArray(form.qualitySystems) ? 
(form.qualitySystems as string[]) : [];
 [2m 27[0m | 
 [2m 28[0m |   return (
 [2m 29[0m |     <div className="mt-6 space-y-8">
 [2m 30[0m |       <p className="text-sm text-slate-600">
 [2m 31[0m |         Add factory evidence, machines, certifications, export 
history, and quality systems to strengthen your seller profile.
 [2m 32[0m |       </p>
 [2m 33[0m | 
 [2m 34[0m |       {/* Company Description */}
 [2m 35[0m |       <Field label="Company description" 
error={errors.companyDescription}>
 [2m 36[0m |         <Textarea
 [2m 37[0m |           value={String(form.companyDescription || "")}
 [2m 38[0m |           onChange={(e) => onFieldChange("companyDescription", 
e.target.value)}
 [2m 39[0m |           rows={4}
 [2m 40[0m |           className={errors.companyDescription ? 
"border-red-300" : ""}
 [2m 41[0m |         />
 [2m 42[0m |       </Field>
 [2m 43[0m | 
 [2m 44[0m |       {/* Factory Gallery */}
 [2m 45[0m |       <div className="rounded-lg border border-slate-200 
bg-slate-50/50 p-5">
 [2m 46[0m |         <h3 className="mb-1 text-sm font-bold uppercase 
tracking-wide text-slate-500">Factory Gallery</h3>
 [2m 47[0m |         <p className="mb-4 text-xs text-slate-500">
 [2m 48[0m |           Upload photos of your factory, machines, and 
facilities. Buyers trust sellers with real visual evidence.
 [2m 49[0m |         </p>
 [2m 50[0m |         <div className="grid gap-4 lg:grid-cols-2">
 [2m 51[0m |           {FACTORY_PHOTO_CATEGORIES.map((category) => {
 [2m 52[0m |             const limits = FACTORY_PHOTO_LIMITS[category];
 [2m 53[0m |             return (
 [2m 54[0m |               <ImageUploadGrid
 [2m 55[0m |                 key={category}
 [2m 56[0m |                 category={category}
 [2m 57[0m |                 label={`${category} Photos`}
 [2m 58[0m |                 required={limits ? limits.min > 0 : false}
 [2m 59[0m |                 images={images[category] || []}
 [2m 60[0m |                 min={limits?.min ?? 0}
 [2m 61[0m |                 max={limits?.max ?? 5}
 [2m 62[0m |                 error={errors[`factoryPhotos_${category}`] || 
errors.factoryPhotos}
 [2m 63[0m |                 onChange={(value) => onImagesChange(category, 
value)}
 [2m 64[0m |               />
 [2m 65[0m |             );
 [2m 66[0m |           })}
 [2m 67[0m |         </div>
 [2m 68[0m |       </div>
 [2m 69[0m | 
 [2m 70[0m |       {/* Machines */}
 [2m 71[0m |       <div className="rounded-lg border border-slate-200 
bg-slate-50/50 p-5">
 [2m 72[0m |         <MachinesEditor
 [2m 73[0m |           rows={machines}
 [2m 74[0m |           errors={errors}
 [2m 75[0m |           onChange={(value) => onFieldChange("machines", value)}
 [2m 76[0m |         />
 [2m 77[0m |       </div>
 [2m 78[0m | 
 [2m 79[0m |       {/* Certifications */}
 [2m 80[0m |       <div className="rounded-lg border border-slate-200 
bg-slate-50/50 p-5">
 [2m 81[0m |         <CertificationsEditor
 [2m 82[0m |           rows={certifications}
 [2m 83[0m |           errors={errors}
 [2m 84[0m |           onChange={(value) => onFieldChange("certifications", 
value)}
 [2m 85[0m |         />
 [2m 86[0m |       </div>
 [2m 87[0m | 
 [2m 88[0m |       {/* Export Experience */}
 [2m 89[0m |       <div className="rounded-lg border border-slate-200 
bg-slate-50/50 p-5">
 [2m 90[0m |         <ExportExperienceEditor
 [2m 91[0m |           rows={exportExperience}
 [2m 92[0m |           errors={errors}
 [2m 93[0m |           onChange={(value) => 
onFieldChange("exportExperience", value)}
 [2m 94[0m |         />
 [2m 95[0m |       </div>
 [2m 96[0m | 
 [2m 97[0m |       {/* Quality Systems */}
 [2m 98[0m |       <div className="rounded-lg border border-slate-200 
bg-slate-50/50 p-5">
 [2m 99[0m |         <Field label="Quality systems">
 [2m100[0m |           <MultiSelectChips
 [2m101[0m |             options={QUALITY_SYSTEM_OPTIONS}
 [2m102[0m |             value={qualitySystems}
 [2m103[0m |             onChange={(value) => 
onFieldChange("qualitySystems", value)}
 [2m104[0m |           />
 [2m105[0m |         </Field>
 [2m106[0m |       </div>
 [2m107[0m | 
 [2m108[0m |       {/* Factory Tour Video */}
 [2m109[0m |       <div className="rounded-lg border border-slate-200 
bg-slate-50/50 p-5">
 [2m110[0m |         <VideoUploadField
 [2m111[0m |           video={video}
 [2m112[0m |           videoUrl={String(form.factoryTourUrl || "")}
 [2m113[0m |           onVideoChange={onVideoChange}
 [2m114[0m |           onUrlChange={(url) => {
 [2m115[0m |             onVideoUrlChange(url);
 [2m116[0m |             if (!url && video) onVideoChange(null);
 [2m117[0m |           }}
 [2m118[0m |         />
 [2m119[0m |       </div>
 [2m120[0m |     </div>
 [2m121[0m |   );
 [2m122[0m | }"use client";
 [2m123[0m | 
 [2m124[0m | import { Textarea } from "@/components/ui/textarea";
 [2m125[0m | import { Field, MultiSelectChips } from 
"@/components/onboarding/OnboardingV3Wizard";
 [2m126[0m | import { QUALITY_SYSTEM_OPTIONS, FACTORY_PHOTO_CATEGORIES, 
FACTORY_PHOTO_LIMITS } from "@/lib/marketplace/onboarding-v3";
 [2m127[0m | import { ImageUploadGrid } from "./ImageUploadGrid";
     : [33;1m         ^^^^^^^|^^^^^^^[0m
     :                 [33;1m`-- [33;1m`ImageUploadGrid` redefined 
here[0m[0m
 [2m128[0m | import { VideoUploadField } from "./VideoUploadField";
 [2m129[0m | import { MachinesEditor } from "./MachinesEditor";
 [2m129[0m | import { CertificationsEditor } from "./CertificationsEditor";
     `----

  [31mx[0m the name `VideoUploadField` is defined multiple times
     ,-[[36;1;4mC:\FREELANCING\Custom 
Tolerance\components\onboarding\seller\ProfileCompletionStep.tsx[0m:4:1]
 [2m  4[0m | import { Field, MultiSelectChips } from 
"@/components/onboarding/OnboardingV3Wizard";
 [2m  5[0m | import { QUALITY_SYSTEM_OPTIONS, FACTORY_PHOTO_CATEGORIES, 
FACTORY_PHOTO_LIMITS } from "@/lib/marketplace/onboarding-v3";
 [2m  6[0m | import { ImageUploadGrid } from "./ImageUploadGrid";
 [2m  7[0m | import { VideoUploadField } from "./VideoUploadField";
     : [31;1m         ^^^^^^^^|^^^^^^^[0m
     :                  [31;1m`-- [31;1mprevious definition of 
`VideoUploadField` here[0m[0m
 [2m  8[0m | import { MachinesEditor } from "./MachinesEditor";
 [2m  9[0m | import { CertificationsEditor } from "./CertificationsEditor";
 [2m 10[0m | import { ExportExperienceEditor } from 
"./ExportExperienceEditor";
 [2m 11[0m | import type { StepProps, MachineRow, CertificationRow, 
ExportRow } from "./types";
 [2m 12[0m | 
 [2m 13[0m | export function ProfileCompletionStep({
 [2m 14[0m |   form,
 [2m 15[0m |   errors,
 [2m 16[0m |   images,
 [2m 17[0m |   video,
 [2m 18[0m |   onFieldChange,
 [2m 19[0m |   onImagesChange,
 [2m 20[0m |   onVideoChange,
 [2m 21[0m |   onVideoUrlChange,
 [2m 22[0m | }: StepProps) {
 [2m 23[0m |   const machines = Array.isArray(form.machines) ? 
(form.machines as MachineRow[]) : [];
 [2m 24[0m |   const certifications = Array.isArray(form.certifications) ? 
(form.certifications as CertificationRow[]) : [];
 [2m 25[0m |   const exportExperience = Array.isArray(form.exportExperience) 
? (form.exportExperience as ExportRow[]) : [];
 [2m 26[0m |   const qualitySystems = Array.isArray(form.qualitySystems) ? 
(form.qualitySystems as string[]) : [];
 [2m 27[0m | 
 [2m 28[0m |   return (
 [2m 29[0m |     <div className="mt-6 space-y-8">
 [2m 30[0m |       <p className="text-sm text-slate-600">
 [2m 31[0m |         Add factory evidence, machines, certifications, export 
history, and quality systems to strengthen your seller profile.
 [2m 32[0m |       </p>
 [2m 33[0m | 
 [2m 34[0m |       {/* Company Description */}
 [2m 35[0m |       <Field label="Company description" 
error={errors.companyDescription}>
 [2m 36[0m |         <Textarea
 [2m 37[0m |           value={String(form.companyDescription || "")}
 [2m 38[0m |           onChange={(e) => onFieldChange("companyDescription", 
e.target.value)}
 [2m 39[0m |           rows={4}
 [2m 40[0m |           className={errors.companyDescription ? 
"border-red-300" : ""}
 [2m 41[0m |         />
 [2m 42[0m |       </Field>
 [2m 43[0m | 
 [2m 44[0m |       {/* Factory Gallery */}
 [2m 45[0m |       <div className="rounded-lg border border-slate-200 
bg-slate-50/50 p-5">
 [2m 46[0m |         <h3 className="mb-1 text-sm font-bold uppercase 
tracking-wide text-slate-500">Factory Gallery</h3>
 [2m 47[0m |         <p className="mb-4 text-xs text-slate-500">
 [2m 48[0m |           Upload photos of your factory, machines, and 
facilities. Buyers trust sellers with real visual evidence.
 [2m 49[0m |         </p>
 [2m 50[0m |         <div className="grid gap-4 lg:grid-cols-2">
 [2m 51[0m |           {FACTORY_PHOTO_CATEGORIES.map((category) => {
 [2m 52[0m |             const limits = FACTORY_PHOTO_LIMITS[category];
 [2m 53[0m |             return (
 [2m 54[0m |               <ImageUploadGrid
 [2m 55[0m |                 key={category}
 [2m 56[0m |                 category={category}
 [2m 57[0m |                 label={`${category} Photos`}
 [2m 58[0m |                 required={limits ? limits.min > 0 : false}
 [2m 59[0m |                 images={images[category] || []}
 [2m 60[0m |                 min={limits?.min ?? 0}
 [2m 61[0m |                 max={limits?.max ?? 5}
 [2m 62[0m |                 error={errors[`factoryPhotos_${category}`] || 
errors.factoryPhotos}
 [2m 63[0m |                 onChange={(value) => onImagesChange(category, 
value)}
 [2m 64[0m |               />
 [2m 65[0m |             );
 [2m 66[0m |           })}
 [2m 67[0m |         </div>
 [2m 68[0m |       </div>
 [2m 69[0m | 
 [2m 70[0m |       {/* Machines */}
 [2m 71[0m |       <div className="rounded-lg border border-slate-200 
bg-slate-50/50 p-5">
 [2m 72[0m |         <MachinesEditor
 [2m 73[0m |           rows={machines}
 [2m 74[0m |           errors={errors}
 [2m 75[0m |           onChange={(value) => onFieldChange("machines", value)}
 [2m 76[0m |         />
 [2m 77[0m |       </div>
 [2m 78[0m | 
 [2m 79[0m |       {/* Certifications */}
 [2m 80[0m |       <div className="rounded-lg border border-slate-200 
bg-slate-50/50 p-5">
 [2m 81[0m |         <CertificationsEditor
 [2m 82[0m |           rows={certifications}
 [2m 83[0m |           errors={errors}
 [2m 84[0m |           onChange={(value) => onFieldChange("certifications", 
value)}
 [2m 85[0m |         />
 [2m 86[0m |       </div>
 [2m 87[0m | 
 [2m 88[0m |       {/* Export Experience */}
 [2m 89[0m |       <div className="rounded-lg border border-slate-200 
bg-slate-50/50 p-5">
 [2m 90[0m |         <ExportExperienceEditor
 [2m 91[0m |           rows={exportExperience}
 [2m 92[0m |           errors={errors}
 [2m 93[0m |           onChange={(value) => 
onFieldChange("exportExperience", value)}
 [2m 94[0m |         />
 [2m 95[0m |       </div>
 [2m 96[0m | 
 [2m 97[0m |       {/* Quality Systems */}
 [2m 98[0m |       <div className="rounded-lg border border-slate-200 
bg-slate-50/50 p-5">
 [2m 99[0m |         <Field label="Quality systems">
 [2m100[0m |           <MultiSelectChips
 [2m101[0m |             options={QUALITY_SYSTEM_OPTIONS}
 [2m102[0m |             value={qualitySystems}
 [2m103[0m |             onChange={(value) => 
onFieldChange("qualitySystems", value)}
 [2m104[0m |           />
 [2m105[0m |         </Field>
 [2m106[0m |       </div>
 [2m107[0m | 
 [2m108[0m |       {/* Factory Tour Video */}
 [2m109[0m |       <div className="rounded-lg border border-slate-200 
bg-slate-50/50 p-5">
 [2m110[0m |         <VideoUploadField
 [2m111[0m |           video={video}
 [2m112[0m |           videoUrl={String(form.factoryTourUrl || "")}
 [2m113[0m |           onVideoChange={onVideoChange}
 [2m114[0m |           onUrlChange={(url) => {
 [2m115[0m |             onVideoUrlChange(url);
 [2m116[0m |             if (!url && video) onVideoChange(null);
 [2m117[0m |           }}
 [2m118[0m |         />
 [2m119[0m |       </div>
 [2m120[0m |     </div>
 [2m121[0m |   );
 [2m122[0m | }"use client";
 [2m123[0m | 
 [2m124[0m | import { Textarea } from "@/components/ui/textarea";
 [2m125[0m | import { Field, MultiSelectChips } from 
"@/components/onboarding/OnboardingV3Wizard";
 [2m126[0m | import { QUALITY_SYSTEM_OPTIONS, FACTORY_PHOTO_CATEGORIES, 
FACTORY_PHOTO_LIMITS } from "@/lib/marketplace/onboarding-v3";
 [2m127[0m | import { ImageUploadGrid } from "./ImageUploadGrid";
 [2m128[0m | import { VideoUploadField } from "./VideoUploadField";
     : [33;1m         ^^^^^^^^|^^^^^^^[0m
     :                  [33;1m`-- [33;1m`VideoUploadField` redefined 
here[0m[0m
 [2m129[0m | import { MachinesEditor } from "./MachinesEditor";
 [2m130[0m | import { CertificationsEditor } from "./CertificationsEditor";
 [2m130[0m | import { ExportExperienceEditor } from 
"./ExportExperienceEditor";
     `----

  [31mx[0m the name `MachinesEditor` is defined multiple times
     ,-[[36;1;4mC:\FREELANCING\Custom 
Tolerance\components\onboarding\seller\ProfileCompletionStep.tsx[0m:5:1]
 [2m  5[0m | import { QUALITY_SYSTEM_OPTIONS, FACTORY_PHOTO_CATEGORIES, 
FACTORY_PHOTO_LIMITS } from "@/lib/marketplace/onboarding-v3";
 [2m  6[0m | import { ImageUploadGrid } from "./ImageUploadGrid";
 [2m  7[0m | import { VideoUploadField } from "./VideoUploadField";
 [2m  8[0m | import { MachinesEditor } from "./MachinesEditor";
     : [31;1m         ^^^^^^^|^^^^^^[0m
     :                 [31;1m`-- [31;1mprevious definition of 
`MachinesEditor` here[0m[0m
 [2m  9[0m | import { CertificationsEditor } from "./CertificationsEditor";
 [2m 10[0m | import { ExportExperienceEditor } from 
"./ExportExperienceEditor";
 [2m 11[0m | import type { StepProps, MachineRow, CertificationRow, 
ExportRow } from "./types";
 [2m 12[0m | 
 [2m 13[0m | export function ProfileCompletionStep({
 [2m 14[0m |   form,
 [2m 15[0m |   errors,
 [2m 16[0m |   images,
 [2m 17[0m |   video,
 [2m 18[0m |   onFieldChange,
 [2m 19[0m |   onImagesChange,
 [2m 20[0m |   onVideoChange,
 [2m 21[0m |   onVideoUrlChange,
 [2m 22[0m | }: StepProps) {
 [2m 23[0m |   const machines = Array.isArray(form.machines) ? 
(form.machines as MachineRow[]) : [];
 [2m 24[0m |   const certifications = Array.isArray(form.certifications) ? 
(form.certifications as CertificationRow[]) : [];
 [2m 25[0m |   const exportExperience = Array.isArray(form.exportExperience) 
? (form.exportExperience as ExportRow[]) : [];
 [2m 26[0m |   const qualitySystems = Array.isArray(form.qualitySystems) ? 
(form.qualitySystems as string[]) : [];
 [2m 27[0m | 
 [2m 28[0m |   return (
 [2m 29[0m |     <div className="mt-6 space-y-8">
 [2m 30[0m |       <p className="text-sm text-slate-600">
 [2m 31[0m |         Add factory evidence, machines, certifications, export 
history, and quality systems to strengthen your seller profile.
 [2m 32[0m |       </p>
 [2m 33[0m | 
 [2m 34[0m |       {/* Company Description */}
 [2m 35[0m |       <Field label="Company description" 
error={errors.companyDescription}>
 [2m 36[0m |         <Textarea
 [2m 37[0m |           value={String(form.companyDescription || "")}
 [2m 38[0m |           onChange={(e) => onFieldChange("companyDescription", 
e.target.value)}
 [2m 39[0m |           rows={4}
 [2m 40[0m |           className={errors.companyDescription ? 
"border-red-300" : ""}
 [2m 41[0m |         />
 [2m 42[0m |       </Field>
 [2m 43[0m | 
 [2m 44[0m |       {/* Factory Gallery */}
 [2m 45[0m |       <div className="rounded-lg border border-slate-200 
bg-slate-50/50 p-5">
 [2m 46[0m |         <h3 className="mb-1 text-sm font-bold uppercase 
tracking-wide text-slate-500">Factory Gallery</h3>
 [2m 47[0m |         <p className="mb-4 text-xs text-slate-500">
 [2m 48[0m |           Upload photos of your factory, machines, and 
facilities. Buyers trust sellers with real visual evidence.
 [2m 49[0m |         </p>
 [2m 50[0m |         <div className="grid gap-4 lg:grid-cols-2">
 [2m 51[0m |           {FACTORY_PHOTO_CATEGORIES.map((category) => {
 [2m 52[0m |             const limits = FACTORY_PHOTO_LIMITS[category];
 [2m 53[0m |             return (
 [2m 54[0m |               <ImageUploadGrid
 [2m 55[0m |                 key={category}
 [2m 56[0m |                 category={category}
 [2m 57[0m |                 label={`${category} Photos`}
 [2m 58[0m |                 required={limits ? limits.min > 0 : false}
 [2m 59[0m |                 images={images[category] || []}
 [2m 60[0m |                 min={limits?.min ?? 0}
 [2m 61[0m |                 max={limits?.max ?? 5}
 [2m 62[0m |                 error={errors[`factoryPhotos_${category}`] || 
errors.factoryPhotos}
 [2m 63[0m |                 onChange={(value) => onImagesChange(category, 
value)}
 [2m 64[0m |               />
 [2m 65[0m |             );
 [2m 66[0m |           })}
 [2m 67[0m |         </div>
 [2m 68[0m |       </div>
 [2m 69[0m | 
 [2m 70[0m |       {/* Machines */}
 [2m 71[0m |       <div className="rounded-lg border border-slate-200 
bg-slate-50/50 p-5">
 [2m 72[0m |         <MachinesEditor
 [2m 73[0m |           rows={machines}
 [2m 74[0m |           errors={errors}
 [2m 75[0m |           onChange={(value) => onFieldChange("machines", value)}
 [2m 76[0m |         />
 [2m 77[0m |       </div>
 [2m 78[0m | 
 [2m 79[0m |       {/* Certifications */}
 [2m 80[0m |       <div className="rounded-lg border border-slate-200 
bg-slate-50/50 p-5">
 [2m 81[0m |         <CertificationsEditor
 [2m 82[0m |           rows={certifications}
 [2m 83[0m |           errors={errors}
 [2m 84[0m |           onChange={(value) => onFieldChange("certifications", 
value)}
 [2m 85[0m |         />
 [2m 86[0m |       </div>
 [2m 87[0m | 
 [2m 88[0m |       {/* Export Experience */}
 [2m 89[0m |       <div className="rounded-lg border border-slate-200 
bg-slate-50/50 p-5">
 [2m 90[0m |         <ExportExperienceEditor
 [2m 91[0m |           rows={exportExperience}
 [2m 92[0m |           errors={errors}
 [2m 93[0m |           onChange={(value) => 
onFieldChange("exportExperience", value)}
 [2m 94[0m |         />
 [2m 95[0m |       </div>
 [2m 96[0m | 
 [2m 97[0m |       {/* Quality Systems */}
 [2m 98[0m |       <div className="rounded-lg border border-slate-200 
bg-slate-50/50 p-5">
 [2m 99[0m |         <Field label="Quality systems">
 [2m100[0m |           <MultiSelectChips
 [2m101[0m |             options={QUALITY_SYSTEM_OPTIONS}
 [2m102[0m |             value={qualitySystems}
 [2m103[0m |             onChange={(value) => 
onFieldChange("qualitySystems", value)}
 [2m104[0m |           />
 [2m105[0m |         </Field>
 [2m106[0m |       </div>
 [2m107[0m | 
 [2m108[0m |       {/* Factory Tour Video */}
 [2m109[0m |       <div className="rounded-lg border border-slate-200 
bg-slate-50/50 p-5">
 [2m110[0m |         <VideoUploadField
 [2m111[0m |           video={video}
 [2m112[0m |           videoUrl={String(form.factoryTourUrl || "")}
 [2m113[0m |           onVideoChange={onVideoChange}
 [2m114[0m |           onUrlChange={(url) => {
 [2m115[0m |             onVideoUrlChange(url);
 [2m116[0m |             if (!url && video) onVideoChange(null);
 [2m117[0m |           }}
 [2m118[0m |         />
 [2m119[0m |       </div>
 [2m120[0m |     </div>
 [2m121[0m |   );
 [2m122[0m | }"use client";
 [2m123[0m | 
 [2m124[0m | import { Textarea } from "@/components/ui/textarea";
 [2m125[0m | import { Field, MultiSelectChips } from 
"@/components/onboarding/OnboardingV3Wizard";
 [2m126[0m | import { QUALITY_SYSTEM_OPTIONS, FACTORY_PHOTO_CATEGORIES, 
FACTORY_PHOTO_LIMITS } from "@/lib/marketplace/onboarding-v3";
 [2m127[0m | import { ImageUploadGrid } from "./ImageUploadGrid";
 [2m128[0m | import { VideoUploadField } from "./VideoUploadField";
 [2m129[0m | import { MachinesEditor } from "./MachinesEditor";
     : [33;1m         ^^^^^^^|^^^^^^[0m
     :                 [33;1m`-- [33;1m`MachinesEditor` redefined 
here[0m[0m
 [2m130[0m | import { CertificationsEditor } from "./CertificationsEditor";
 [2m131[0m | import { ExportExperienceEditor } from 
"./ExportExperienceEditor";
 [2m131[0m | import type { StepProps, MachineRow, CertificationRow, 
ExportRow } from "./types";
     `----

  [31mx[0m the name `CertificationsEditor` is defined multiple times
     ,-[[36;1;4mC:\FREELANCING\Custom 
Tolerance\components\onboarding\seller\ProfileCompletionStep.tsx[0m:6:1]
 [2m  6[0m | import { ImageUploadGrid } from "./ImageUploadGrid";
 [2m  7[0m | import { VideoUploadField } from "./VideoUploadField";
 [2m  8[0m | import { MachinesEditor } from "./MachinesEditor";
 [2m  9[0m | import { CertificationsEditor } from "./CertificationsEditor";
     : [31;1m         ^^^^^^^^^^|^^^^^^^^^[0m
     :                    [31;1m`-- [31;1mprevious definition of 
`CertificationsEditor` here[0m[0m
 [2m 10[0m | import { ExportExperienceEditor } from 
"./ExportExperienceEditor";
 [2m 11[0m | import type { StepProps, MachineRow, CertificationRow, 
ExportRow } from "./types";
 [2m 12[0m | 
 [2m 13[0m | export function ProfileCompletionStep({
 [2m 14[0m |   form,
 [2m 15[0m |   errors,
 [2m 16[0m |   images,
 [2m 17[0m |   video,
 [2m 18[0m |   onFieldChange,
 [2m 19[0m |   onImagesChange,
 [2m 20[0m |   onVideoChange,
 [2m 21[0m |   onVideoUrlChange,
 [2m 22[0m | }: StepProps) {
 [2m 23[0m |   const machines = Array.isArray(form.machines) ? 
(form.machines as MachineRow[]) : [];
 [2m 24[0m |   const certifications = Array.isArray(form.certifications) ? 
(form.certifications as CertificationRow[]) : [];
 [2m 25[0m |   const exportExperience = Array.isArray(form.exportExperience) 
? (form.exportExperience as ExportRow[]) : [];
 [2m 26[0m |   const qualitySystems = Array.isArray(form.qualitySystems) ? 
(form.qualitySystems as string[]) : [];
 [2m 27[0m | 
 [2m 28[0m |   return (
 [2m 29[0m |     <div className="mt-6 space-y-8">
 [2m 30[0m |       <p className="text-sm text-slate-600">
 [2m 31[0m |         Add factory evidence, machines, certifications, export 
history, and quality systems to strengthen your seller profile.
 [2m 32[0m |       </p>
 [2m 33[0m | 
 [2m 34[0m |       {/* Company Description */}
 [2m 35[0m |       <Field label="Company description" 
error={errors.companyDescription}>
 [2m 36[0m |         <Textarea
 [2m 37[0m |           value={String(form.companyDescription || "")}
 [2m 38[0m |           onChange={(e) => onFieldChange("companyDescription", 
e.target.value)}
 [2m 39[0m |           rows={4}
 [2m 40[0m |           className={errors.companyDescription ? 
"border-red-300" : ""}
 [2m 41[0m |         />
 [2m 42[0m |       </Field>
 [2m 43[0m | 
 [2m 44[0m |       {/* Factory Gallery */}
 [2m 45[0m |       <div className="rounded-lg border border-slate-200 
bg-slate-50/50 p-5">
 [2m 46[0m |         <h3 className="mb-1 text-sm font-bold uppercase 
tracking-wide text-slate-500">Factory Gallery</h3>
 [2m 47[0m |         <p className="mb-4 text-xs text-slate-500">
 [2m 48[0m |           Upload photos of your factory, machines, and 
facilities. Buyers trust sellers with real visual evidence.
 [2m 49[0m |         </p>
 [2m 50[0m |         <div className="grid gap-4 lg:grid-cols-2">
 [2m 51[0m |           {FACTORY_PHOTO_CATEGORIES.map((category) => {
 [2m 52[0m |             const limits = FACTORY_PHOTO_LIMITS[category];
 [2m 53[0m |             return (
 [2m 54[0m |               <ImageUploadGrid
 [2m 55[0m |                 key={category}
 [2m 56[0m |                 category={category}
 [2m 57[0m |                 label={`${category} Photos`}
 [2m 58[0m |                 required={limits ? limits.min > 0 : false}
 [2m 59[0m |                 images={images[category] || []}
 [2m 60[0m |                 min={limits?.min ?? 0}
 [2m 61[0m |                 max={limits?.max ?? 5}
 [2m 62[0m |                 error={errors[`factoryPhotos_${category}`] || 
errors.factoryPhotos}
 [2m 63[0m |                 onChange={(value) => onImagesChange(category, 
value)}
 [2m 64[0m |               />
 [2m 65[0m |             );
 [2m 66[0m |           })}
 [2m 67[0m |         </div>
 [2m 68[0m |       </div>
 [2m 69[0m | 
 [2m 70[0m |       {/* Machines */}
 [2m 71[0m |       <div className="rounded-lg border border-slate-200 
bg-slate-50/50 p-5">
 [2m 72[0m |         <MachinesEditor
 [2m 73[0m |           rows={machines}
 [2m 74[0m |           errors={errors}
 [2m 75[0m |           onChange={(value) => onFieldChange("machines", value)}
 [2m 76[0m |         />
 [2m 77[0m |       </div>
 [2m 78[0m | 
 [2m 79[0m |       {/* Certifications */}
 [2m 80[0m |       <div className="rounded-lg border border-slate-200 
bg-slate-50/50 p-5">
 [2m 81[0m |         <CertificationsEditor
 [2m 82[0m |           rows={certifications}
 [2m 83[0m |           errors={errors}
 [2m 84[0m |           onChange={(value) => onFieldChange("certifications", 
value)}
 [2m 85[0m |         />
 [2m 86[0m |       </div>
 [2m 87[0m | 
 [2m 88[0m |       {/* Export Experience */}
 [2m 89[0m |       <div className="rounded-lg border border-slate-200 
bg-slate-50/50 p-5">
 [2m 90[0m |         <ExportExperienceEditor
 [2m 91[0m |           rows={exportExperience}
 [2m 92[0m |           errors={errors}
 [2m 93[0m |           onChange={(value) => 
onFieldChange("exportExperience", value)}
 [2m 94[0m |         />
 [2m 95[0m |       </div>
 [2m 96[0m | 
 [2m 97[0m |       {/* Quality Systems */}
 [2m 98[0m |       <div className="rounded-lg border border-slate-200 
bg-slate-50/50 p-5">
 [2m 99[0m |         <Field label="Quality systems">
 [2m100[0m |           <MultiSelectChips
 [2m101[0m |             options={QUALITY_SYSTEM_OPTIONS}
 [2m102[0m |             value={qualitySystems}
 [2m103[0m |             onChange={(value) => 
onFieldChange("qualitySystems", value)}
 [2m104[0m |           />
 [2m105[0m |         </Field>
 [2m106[0m |       </div>
 [2m107[0m | 
 [2m108[0m |       {/* Factory Tour Video */}
 [2m109[0m |       <div className="rounded-lg border border-slate-200 
bg-slate-50/50 p-5">
 [2m110[0m |         <VideoUploadField
 [2m111[0m |           video={video}
 [2m112[0m |           videoUrl={String(form.factoryTourUrl || "")}
 [2m113[0m |           onVideoChange={onVideoChange}
 [2m114[0m |           onUrlChange={(url) => {
 [2m115[0m |             onVideoUrlChange(url);
 [2m116[0m |             if (!url && video) onVideoChange(null);
 [2m117[0m |           }}
 [2m118[0m |         />
 [2m119[0m |       </div>
 [2m120[0m |     </div>
 [2m121[0m |   );
 [2m122[0m | }"use client";
 [2m123[0m | 
 [2m124[0m | import { Textarea } from "@/components/ui/textarea";
 [2m125[0m | import { Field, MultiSelectChips } from 
"@/components/onboarding/OnboardingV3Wizard";
 [2m126[0m | import { QUALITY_SYSTEM_OPTIONS, FACTORY_PHOTO_CATEGORIES, 
FACTORY_PHOTO_LIMITS } from "@/lib/marketplace/onboarding-v3";
 [2m127[0m | import { ImageUploadGrid } from "./ImageUploadGrid";
 [2m128[0m | import { VideoUploadField } from "./VideoUploadField";
 [2m129[0m | import { MachinesEditor } from "./MachinesEditor";
 [2m130[0m | import { CertificationsEditor } from "./CertificationsEditor";
     : [33;1m         ^^^^^^^^^^|^^^^^^^^^[0m
     :                    [33;1m`-- [33;1m`CertificationsEditor` redefined 
here[0m[0m
 [2m131[0m | import { ExportExperienceEditor } from 
"./ExportExperienceEditor";
 [2m132[0m | import type { StepProps, MachineRow, CertificationRow, 
ExportRow } from "./types";
 [2m132[0m | 
     `----

  [31mx[0m the name `ExportExperienceEditor` is defined multiple times
     ,-[[36;1;4mC:\FREELANCING\Custom 
Tolerance\components\onboarding\seller\ProfileCompletionStep.tsx[0m:7:1]
 [2m  7[0m | import { VideoUploadField } from "./VideoUploadField";
 [2m  8[0m | import { MachinesEditor } from "./MachinesEditor";
 [2m  9[0m | import { CertificationsEditor } from "./CertificationsEditor";
 [2m 10[0m | import { ExportExperienceEditor } from 
"./ExportExperienceEditor";
     : [31;1m         ^^^^^^^^^^^|^^^^^^^^^^[0m
     :                     [31;1m`-- [31;1mprevious definition of 
`ExportExperienceEditor` here[0m[0m
 [2m 11[0m | import type { StepProps, MachineRow, CertificationRow, 
ExportRow } from "./types";
 [2m 12[0m | 
 [2m 13[0m | export function ProfileCompletionStep({
 [2m 14[0m |   form,
 [2m 15[0m |   errors,
 [2m 16[0m |   images,
 [2m 17[0m |   video,
 [2m 18[0m |   onFieldChange,
 [2m 19[0m |   onImagesChange,
 [2m 20[0m |   onVideoChange,
 [2m 21[0m |   onVideoUrlChange,
 [2m 22[0m | }: StepProps) {
 [2m 23[0m |   const machines = Array.isArray(form.machines) ? 
(form.machines as MachineRow[]) : [];
 [2m 24[0m |   const certifications = Array.isArray(form.certifications) ? 
(form.certifications as CertificationRow[]) : [];
 [2m 25[0m |   const exportExperience = Array.isArray(form.exportExperience) 
? (form.exportExperience as ExportRow[]) : [];
 [2m 26[0m |   const qualitySystems = Array.isArray(form.qualitySystems) ? 
(form.qualitySystems as string[]) : [];
 [2m 27[0m | 
 [2m 28[0m |   return (
 [2m 29[0m |     <div className="mt-6 space-y-8">
 [2m 30[0m |       <p className="text-sm text-slate-600">
 [2m 31[0m |         Add factory evidence, machines, certifications, export 
history, and quality systems to strengthen your seller profile.
 [2m 32[0m |       </p>
 [2m 33[0m | 
 [2m 34[0m |       {/* Company Description */}
 [2m 35[0m |       <Field label="Company description" 
error={errors.companyDescription}>
 [2m 36[0m |         <Textarea
 [2m 37[0m |           value={String(form.companyDescription || "")}
 [2m 38[0m |           onChange={(e) => onFieldChange("companyDescription", 
e.target.value)}
 [2m 39[0m |           rows={4}
 [2m 40[0m |           className={errors.companyDescription ? 
"border-red-300" : ""}
 [2m 41[0m |         />
 [2m 42[0m |       </Field>
 [2m 43[0m | 
 [2m 44[0m |       {/* Factory Gallery */}
 [2m 45[0m |       <div className="rounded-lg border border-slate-200 
bg-slate-50/50 p-5">
 [2m 46[0m |         <h3 className="mb-1 text-sm font-bold uppercase 
tracking-wide text-slate-500">Factory Gallery</h3>
 [2m 47[0m |         <p className="mb-4 text-xs text-slate-500">
 [2m 48[0m |           Upload photos of your factory, machines, and 
facilities. Buyers trust sellers with real visual evidence.
 [2m 49[0m |         </p>
 [2m 50[0m |         <div className="grid gap-4 lg:grid-cols-2">
 [2m 51[0m |           {FACTORY_PHOTO_CATEGORIES.map((category) => {
 [2m 52[0m |             const limits = FACTORY_PHOTO_LIMITS[category];
 [2m 53[0m |             return (
 [2m 54[0m |               <ImageUploadGrid
 [2m 55[0m |                 key={category}
 [2m 56[0m |                 category={category}
 [2m 57[0m |                 label={`${category} Photos`}
 [2m 58[0m |                 required={limits ? limits.min > 0 : false}
 [2m 59[0m |                 images={images[category] || []}
 [2m 60[0m |                 min={limits?.min ?? 0}
 [2m 61[0m |                 max={limits?.max ?? 5}
 [2m 62[0m |                 error={errors[`factoryPhotos_${category}`] || 
errors.factoryPhotos}
 [2m 63[0m |                 onChange={(value) => onImagesChange(category, 
value)}
 [2m 64[0m |               />
 [2m 65[0m |             );
 [2m 66[0m |           })}
 [2m 67[0m |         </div>
 [2m 68[0m |       </div>
 [2m 69[0m | 
 [2m 70[0m |       {/* Machines */}
 [2m 71[0m |       <div className="rounded-lg border border-slate-200 
bg-slate-50/50 p-5">
 [2m 72[0m |         <MachinesEditor
 [2m 73[0m |           rows={machines}
 [2m 74[0m |           errors={errors}
 [2m 75[0m |           onChange={(value) => onFieldChange("machines", value)}
 [2m 76[0m |         />
 [2m 77[0m |       </div>
 [2m 78[0m | 
 [2m 79[0m |       {/* Certifications */}
 [2m 80[0m |       <div className="rounded-lg border border-slate-200 
bg-slate-50/50 p-5">
 [2m 81[0m |         <CertificationsEditor
 [2m 82[0m |           rows={certifications}
 [2m 83[0m |           errors={errors}
 [2m 84[0m |           onChange={(value) => onFieldChange("certifications", 
value)}
 [2m 85[0m |         />
 [2m 86[0m |       </div>
 [2m 87[0m | 
 [2m 88[0m |       {/* Export Experience */}
 [2m 89[0m |       <div className="rounded-lg border border-slate-200 
bg-slate-50/50 p-5">
 [2m 90[0m |         <ExportExperienceEditor
 [2m 91[0m |           rows={exportExperience}
 [2m 92[0m |           errors={errors}
 [2m 93[0m |           onChange={(value) => 
onFieldChange("exportExperience", value)}
 [2m 94[0m |         />
 [2m 95[0m |       </div>
 [2m 96[0m | 
 [2m 97[0m |       {/* Quality Systems */}
 [2m 98[0m |       <div className="rounded-lg border border-slate-200 
bg-slate-50/50 p-5">
 [2m 99[0m |         <Field label="Quality systems">
 [2m100[0m |           <MultiSelectChips
 [2m101[0m |             options={QUALITY_SYSTEM_OPTIONS}
 [2m102[0m |             value={qualitySystems}
 [2m103[0m |             onChange={(value) => 
onFieldChange("qualitySystems", value)}
 [2m104[0m |           />
 [2m105[0m |         </Field>
 [2m106[0m |       </div>
 [2m107[0m | 
 [2m108[0m |       {/* Factory Tour Video */}
 [2m109[0m |       <div className="rounded-lg border border-slate-200 
bg-slate-50/50 p-5">
 [2m110[0m |         <VideoUploadField
 [2m111[0m |           video={video}
 [2m112[0m |           videoUrl={String(form.factoryTourUrl || "")}
 [2m113[0m |           onVideoChange={onVideoChange}
 [2m114[0m |           onUrlChange={(url) => {
 [2m115[0m |             onVideoUrlChange(url);
 [2m116[0m |             if (!url && video) onVideoChange(null);
 [2m117[0m |           }}
 [2m118[0m |         />
 [2m119[0m |       </div>
 [2m120[0m |     </div>
 [2m121[0m |   );
 [2m122[0m | }"use client";
 [2m123[0m | 
 [2m124[0m | import { Textarea } from "@/components/ui/textarea";
 [2m125[0m | import { Field, MultiSelectChips } from 
"@/components/onboarding/OnboardingV3Wizard";
 [2m126[0m | import { QUALITY_SYSTEM_OPTIONS, FACTORY_PHOTO_CATEGORIES, 
FACTORY_PHOTO_LIMITS } from "@/lib/marketplace/onboarding-v3";
 [2m127[0m | import { ImageUploadGrid } from "./ImageUploadGrid";
 [2m128[0m | import { VideoUploadField } from "./VideoUploadField";
 [2m129[0m | import { MachinesEditor } from "./MachinesEditor";
 [2m130[0m | import { CertificationsEditor } from "./CertificationsEditor";
 [2m131[0m | import { ExportExperienceEditor } from 
"./ExportExperienceEditor";
     : [33;1m         ^^^^^^^^^^^|^^^^^^^^^^[0m
     :                     [33;1m`-- [33;1m`ExportExperienceEditor` 
redefined here[0m[0m
 [2m132[0m | import type { StepProps, MachineRow, CertificationRow, 
ExportRow } from "./types";
 [2m133[0m | 
 [2m133[0m | export function ProfileCompletionStep({
     `----

  [31mx[0m the name `ProfileCompletionStep` is defined multiple times
     ,-[[36;1;4mC:\FREELANCING\Custom 
Tolerance\components\onboarding\seller\ProfileCompletionStep.tsx[0m:10:1]
 [2m 10[0m | import { ExportExperienceEditor } from 
"./ExportExperienceEditor";
 [2m 11[0m | import type { StepProps, MachineRow, CertificationRow, 
ExportRow } from "./types";
 [2m 12[0m | 
 [2m 13[0m | export function ProfileCompletionStep({
     : [31;1m                ^^^^^^^^^^|^^^^^^^^^^[0m
     :                           [31;1m`-- [31;1mprevious definition of 
`ProfileCompletionStep` here[0m[0m
 [2m 14[0m |   form,
 [2m 15[0m |   errors,
 [2m 16[0m |   images,
 [2m 17[0m |   video,
 [2m 18[0m |   onFieldChange,
 [2m 19[0m |   onImagesChange,
 [2m 20[0m |   onVideoChange,
 [2m 21[0m |   onVideoUrlChange,
 [2m 22[0m | }: StepProps) {
 [2m 23[0m |   const machines = Array.isArray(form.machines) ? 
(form.machines as MachineRow[]) : [];
 [2m 24[0m |   const certifications = Array.isArray(form.certifications) ? 
(form.certifications as CertificationRow[]) : [];
 [2m 25[0m |   const exportExperience = Array.isArray(form.exportExperience) 
? (form.exportExperience as ExportRow[]) : [];
 [2m 26[0m |   const qualitySystems = Array.isArray(form.qualitySystems) ? 
(form.qualitySystems as string[]) : [];
 [2m 27[0m | 
 [2m 28[0m |   return (
 [2m 29[0m |     <div className="mt-6 space-y-8">
 [2m 30[0m |       <p className="text-sm text-slate-600">
 [2m 31[0m |         Add factory evidence, machines, certifications, export 
history, and quality systems to strengthen your seller profile.
 [2m 32[0m |       </p>
 [2m 33[0m | 
 [2m 34[0m |       {/* Company Description */}
 [2m 35[0m |       <Field label="Company description" 
error={errors.companyDescription}>
 [2m 36[0m |         <Textarea
 [2m 37[0m |           value={String(form.companyDescription || "")}
 [2m 38[0m |           onChange={(e) => onFieldChange("companyDescription", 
e.target.value)}
 [2m 39[0m |           rows={4}
 [2m 40[0m |           className={errors.companyDescription ? 
"border-red-300" : ""}
 [2m 41[0m |         />
 [2m 42[0m |       </Field>
 [2m 43[0m | 
 [2m 44[0m |       {/* Factory Gallery */}
 [2m 45[0m |       <div className="rounded-lg border border-slate-200 
bg-slate-50/50 p-5">
 [2m 46[0m |         <h3 className="mb-1 text-sm font-bold uppercase 
tracking-wide text-slate-500">Factory Gallery</h3>
 [2m 47[0m |         <p className="mb-4 text-xs text-slate-500">
 [2m 48[0m |           Upload photos of your factory, machines, and 
facilities. Buyers trust sellers with real visual evidence.
 [2m 49[0m |         </p>
 [2m 50[0m |         <div className="grid gap-4 lg:grid-cols-2">
 [2m 51[0m |           {FACTORY_PHOTO_CATEGORIES.map((category) => {
 [2m 52[0m |             const limits = FACTORY_PHOTO_LIMITS[category];
 [2m 53[0m |             return (
 [2m 54[0m |               <ImageUploadGrid
 [2m 55[0m |                 key={category}
 [2m 56[0m |                 category={category}
 [2m 57[0m |                 label={`${category} Photos`}
 [2m 58[0m |                 required={limits ? limits.min > 0 : false}
 [2m 59[0m |                 images={images[category] || []}
 [2m 60[0m |                 min={limits?.min ?? 0}
 [2m 61[0m |                 max={limits?.max ?? 5}
 [2m 62[0m |                 error={errors[`factoryPhotos_${category}`] || 
errors.factoryPhotos}
 [2m 63[0m |                 onChange={(value) => onImagesChange(category, 
value)}
 [2m 64[0m |               />
 [2m 65[0m |             );
 [2m 66[0m |           })}
 [2m 67[0m |         </div>
 [2m 68[0m |       </div>
 [2m 69[0m | 
 [2m 70[0m |       {/* Machines */}
 [2m 71[0m |       <div className="rounded-lg border border-slate-200 
bg-slate-50/50 p-5">
 [2m 72[0m |         <MachinesEditor
 [2m 73[0m |           rows={machines}
 [2m 74[0m |           errors={errors}
 [2m 75[0m |           onChange={(value) => onFieldChange("machines", value)}
 [2m 76[0m |         />
 [2m 77[0m |       </div>
 [2m 78[0m | 
 [2m 79[0m |       {/* Certifications */}
 [2m 80[0m |       <div className="rounded-lg border border-slate-200 
bg-slate-50/50 p-5">
 [2m 81[0m |         <CertificationsEditor
 [2m 82[0m |           rows={certifications}
 [2m 83[0m |           errors={errors}
 [2m 84[0m |           onChange={(value) => onFieldChange("certifications", 
value)}
 [2m 85[0m |         />
 [2m 86[0m |       </div>
 [2m 87[0m | 
 [2m 88[0m |       {/* Export Experience */}
 [2m 89[0m |       <div className="rounded-lg border border-slate-200 
bg-slate-50/50 p-5">
 [2m 90[0m |         <ExportExperienceEditor
 [2m 91[0m |           rows={exportExperience}
 [2m 92[0m |           errors={errors}
 [2m 93[0m |           onChange={(value) => 
onFieldChange("exportExperience", value)}
 [2m 94[0m |         />
 [2m 95[0m |       </div>
 [2m 96[0m | 
 [2m 97[0m |       {/* Quality Systems */}
 [2m 98[0m |       <div className="rounded-lg border border-slate-200 
bg-slate-50/50 p-5">
 [2m 99[0m |         <Field label="Quality systems">
 [2m100[0m |           <MultiSelectChips
 [2m101[0m |             options={QUALITY_SYSTEM_OPTIONS}
 [2m102[0m |             value={qualitySystems}
 [2m103[0m |             onChange={(value) => 
onFieldChange("qualitySystems", value)}
 [2m104[0m |           />
 [2m105[0m |         </Field>
 [2m106[0m |       </div>
 [2m107[0m | 
 [2m108[0m |       {/* Factory Tour Video */}
 [2m109[0m |       <div className="rounded-lg border border-slate-200 
bg-slate-50/50 p-5">
 [2m110[0m |         <VideoUploadField
 [2m111[0m |           video={video}
 [2m112[0m |           videoUrl={String(form.factoryTourUrl || "")}
 [2m113[0m |           onVideoChange={onVideoChange}
 [2m114[0m |           onUrlChange={(url) => {
 [2m115[0m |             onVideoUrlChange(url);
 [2m116[0m |             if (!url && video) onVideoChange(null);
 [2m117[0m |           }}
 [2m118[0m |         />
 [2m119[0m |       </div>
 [2m120[0m |     </div>
 [2m121[0m |   );
 [2m122[0m | }"use client";
 [2m123[0m | 
 [2m124[0m | import { Textarea } from "@/components/ui/textarea";
 [2m125[0m | import { Field, MultiSelectChips } from 
"@/components/onboarding/OnboardingV3Wizard";
 [2m126[0m | import { QUALITY_SYSTEM_OPTIONS, FACTORY_PHOTO_CATEGORIES, 
FACTORY_PHOTO_LIMITS } from "@/lib/marketplace/onboarding-v3";
 [2m127[0m | import { ImageUploadGrid } from "./ImageUploadGrid";
 [2m128[0m | import { VideoUploadField } from "./VideoUploadField";
 [2m129[0m | import { MachinesEditor } from "./MachinesEditor";
 [2m130[0m | import { CertificationsEditor } from "./CertificationsEditor";
 [2m131[0m | import { ExportExperienceEditor } from 
"./ExportExperienceEditor";
 [2m132[0m | import type { StepProps, MachineRow, CertificationRow, 
ExportRow } from "./types";
 [2m133[0m | 
 [2m134[0m | export function ProfileCompletionStep({
     : [33;1m                ^^^^^^^^^^|^^^^^^^^^^[0m
     :                           [33;1m`-- [33;1m`ProfileCompletionStep` 
redefined here[0m[0m
 [2m135[0m |   form,
 [2m136[0m |   errors,
 [2m136[0m |   images,
     `----

  [31mx[0m The "use client" directive must be placed before other 
expressions. Move it to the top of the file to resolve this issue.
     ,-[[36;1;4mC:\FREELANCING\Custom 
Tolerance\components\onboarding\seller\ProfileCompletionStep.tsx[0m:119:1]
 [2m119[0m |       </div>
 [2m120[0m |     </div>
 [2m121[0m |   );
 [2m122[0m | }"use client";
     : [31;1m ^^^^^^^^^^^^^[0m
 [2m123[0m | 
 [2m124[0m | import { Textarea } from "@/components/ui/textarea";
 [2m124[0m | import { Field, MultiSelectChips } from 
"@/components/onboarding/OnboardingV3Wizard";
     `----

Import trace for requested module:
./components/onboarding/seller/ProfileCompletionStep.tsx
./app/onboarding/seller/page.tsx

./lib/marketplace/seller-upload-client.ts
Error: 
  [31mx[0m the name `uploadSellerFile` is defined multiple times
     ,-[[36;1;4mC:\FREELANCING\Custom 
Tolerance\lib\marketplace\seller-upload-client.ts[0m:34:1]
 [2m 34[0m |   return "Something went wrong. Please try again.";
 [2m 35[0m | }
 [2m 36[0m | 
 [2m 37[0m | export async function uploadSellerFile(
     : [31;1m                      ^^^^^^^^|^^^^^^^[0m
     :                               [31;1m`-- [31;1mprevious definition of 
`uploadSellerFile` here[0m[0m
 [2m 38[0m |   file: File,
 [2m 39[0m |   bucket: "seller-documents" | "seller-images" | 
"seller-videos",
 [2m 40[0m |   metadata: { documentType?: string; category?: string },
 [2m 41[0m | ): Promise<UploadResult> {
 [2m 42[0m |   const formData = new FormData();
 [2m 43[0m |   formData.append("file", file);
 [2m 44[0m |   formData.append("bucket", bucket);
 [2m 45[0m |   if (metadata.documentType) formData.append("documentType", 
metadata.documentType);
 [2m 46[0m |   if (metadata.category) formData.append("category", 
metadata.category);
 [2m 47[0m | 
 [2m 48[0m |   let response: Response;
 [2m 49[0m |   try {
 [2m 50[0m |     response = await fetch("/api/onboarding/seller/upload", {
 [2m 51[0m |       method: "POST",
 [2m 52[0m |       credentials: "include",
 [2m 53[0m |       body: formData,
 [2m 54[0m |     });
 [2m 55[0m |   } catch {
 [2m 56[0m |     throw new Error("Unable to connect to server. Please check 
your internet connection.");
 [2m 57[0m |   }
 [2m 58[0m | 
 [2m 59[0m |   const { data: payload } = await safeParseJson<{ success?: 
boolean; data?: UploadResult; error?: { message?: string } }>(response);
 [2m 60[0m | 
 [2m 61[0m |   if (!response.ok || !payload?.success) {
 [2m 62[0m |     const serverMessage = payload?.error?.message;
 [2m 63[0m |     throw new Error(serverMessage || 
friendlyHttpError(response.status));
 [2m 64[0m |   }
 [2m 65[0m | 
 [2m 66[0m |   return payload.data as UploadResult;
 [2m 67[0m | }
 [2m 68[0m | 
 [2m 69[0m | export async function deleteSellerUpload(id: string, bucket: 
"seller-documents" | "seller-images" | "seller-videos"): Promise<void> {
 [2m 70[0m |   let response: Response;
 [2m 71[0m |   try {
 [2m 72[0m |     response = await fetch(`/api/onboarding/seller/upload?id=${e
ncodeURIComponent(id)}&bucket=${encodeURIComponent(bucket)}`, {
 [2m 73[0m |       method: "DELETE",
 [2m 74[0m |       credentials: "include",
 [2m 75[0m |     });
 [2m 76[0m |   } catch {
 [2m 77[0m |     throw new Error("Unable to connect to server. Please check 
your internet connection.");
 [2m 78[0m |   }
 [2m 79[0m | 
 [2m 80[0m |   const { data: payload } = await safeParseJson<{ success?: 
boolean; error?: { message?: string } }>(response);
 [2m 81[0m | 
 [2m 82[0m |   if (!response.ok || !payload?.success) {
 [2m 83[0m |     const serverMessage = payload?.error?.message;
 [2m 84[0m |     throw new Error(serverMessage || 
friendlyHttpError(response.status));
 [2m 85[0m |   }
 [2m 86[0m | }
 [2m 87[0m | 
 [2m 88[0m | export async function fetchSellerAssets(includeSigned = false): 
Promise<{
 [2m 89[0m |   documents: Record<string, UploadResult | UploadResult[]>;
 [2m 90[0m |   images: Record<string, UploadResult[]>;
 [2m 91[0m |   video: UploadResult | null;
 [2m 92[0m | }> {
 [2m 93[0m |   let response: Response;
 [2m 94[0m |   try {
 [2m 95[0m |     response = await 
fetch(`/api/onboarding/seller/assets?signed=${includeSigned ? "true" : 
"false"}`, {
 [2m 96[0m |       credentials: "include",
 [2m 97[0m |     });
 [2m 98[0m |   } catch {
 [2m 99[0m |     throw new Error("Unable to connect to server. Please check 
your internet connection.");
 [2m100[0m |   }
 [2m101[0m | 
 [2m102[0m |   const { data: payload } = await safeParseJson<{
 [2m103[0m |     success?: boolean;
 [2m104[0m |     data?: { documents: Record<string, UploadResult | 
UploadResult[]>; images: Record<string, UploadResult[]>; video: UploadResult | 
null };
 [2m105[0m |     error?: { message?: string };
 [2m106[0m |   }>(response);
 [2m107[0m | 
 [2m108[0m |   if (!response.ok || !payload?.success) {
 [2m109[0m |     const serverMessage = payload?.error?.message;
 [2m110[0m |     throw new Error(serverMessage || 
friendlyHttpError(response.status));
 [2m111[0m |   }
 [2m112[0m | 
 [2m113[0m |   return payload.data as {
 [2m114[0m |     documents: Record<string, UploadResult | UploadResult[]>;
 [2m115[0m |     images: Record<string, UploadResult[]>;
 [2m116[0m |     video: UploadResult | null;
 [2m117[0m |   };
 [2m118[0m | }
 [2m119[0m | export type UploadResult = {
 [2m120[0m |   id: string;
 [2m121[0m |   documentType?: string;
 [2m122[0m |   mediaType?: string;
 [2m123[0m |   category?: string;
 [2m124[0m |   originalFilename: string;
 [2m125[0m |   mimeType: string;
 [2m126[0m |   fileSize: number;
 [2m127[0m |   publicUrl?: string | null;
 [2m128[0m |   signedUrl?: string | null;
 [2m129[0m |   storagePath: string;
 [2m130[0m |   bucketName: string;
 [2m131[0m | };
 [2m132[0m | 
 [2m133[0m | export async function uploadSellerFile(
     : [33;1m                      ^^^^^^^^|^^^^^^^[0m
     :                               [33;1m`-- [33;1m`uploadSellerFile` 
redefined here[0m[0m
 [2m134[0m |   file: File,
 [2m135[0m |   bucket: "seller-documents" | "seller-images" | 
"seller-videos",
 [2m135[0m |   metadata: { documentType?: string; category?: string },
     `----

  [31mx[0m the name `deleteSellerUpload` is defined multiple times
     ,-[[36;1;4mC:\FREELANCING\Custom 
Tolerance\lib\marketplace\seller-upload-client.ts[0m:66:1]
 [2m 66[0m |   return payload.data as UploadResult;
 [2m 67[0m | }
 [2m 68[0m | 
 [2m 69[0m | export async function deleteSellerUpload(id: string, bucket: 
"seller-documents" | "seller-images" | "seller-videos"): Promise<void> {
     : [31;1m                      ^^^^^^^^^|^^^^^^^^[0m
     :                                [31;1m`-- [31;1mprevious definition of 
`deleteSellerUpload` here[0m[0m
 [2m 70[0m |   let response: Response;
 [2m 71[0m |   try {
 [2m 72[0m |     response = await fetch(`/api/onboarding/seller/upload?id=${e
ncodeURIComponent(id)}&bucket=${encodeURIComponent(bucket)}`, {
 [2m 73[0m |       method: "DELETE",
 [2m 74[0m |       credentials: "include",
 [2m 75[0m |     });
 [2m 76[0m |   } catch {
 [2m 77[0m |     throw new Error("Unable to connect to server. Please check 
your internet connection.");
 [2m 78[0m |   }
 [2m 79[0m | 
 [2m 80[0m |   const { data: payload } = await safeParseJson<{ success?: 
boolean; error?: { message?: string } }>(response);
 [2m 81[0m | 
 [2m 82[0m |   if (!response.ok || !payload?.success) {
 [2m 83[0m |     const serverMessage = payload?.error?.message;
 [2m 84[0m |     throw new Error(serverMessage || 
friendlyHttpError(response.status));
 [2m 85[0m |   }
 [2m 86[0m | }
 [2m 87[0m | 
 [2m 88[0m | export async function fetchSellerAssets(includeSigned = false): 
Promise<{
 [2m 89[0m |   documents: Record<string, UploadResult | UploadResult[]>;
 [2m 90[0m |   images: Record<string, UploadResult[]>;
 [2m 91[0m |   video: UploadResult | null;
 [2m 92[0m | }> {
 [2m 93[0m |   let response: Response;
 [2m 94[0m |   try {
 [2m 95[0m |     response = await 
fetch(`/api/onboarding/seller/assets?signed=${includeSigned ? "true" : 
"false"}`, {
 [2m 96[0m |       credentials: "include",
 [2m 97[0m |     });
 [2m 98[0m |   } catch {
 [2m 99[0m |     throw new Error("Unable to connect to server. Please check 
your internet connection.");
 [2m100[0m |   }
 [2m101[0m | 
 [2m102[0m |   const { data: payload } = await safeParseJson<{
 [2m103[0m |     success?: boolean;
 [2m104[0m |     data?: { documents: Record<string, UploadResult | 
UploadResult[]>; images: Record<string, UploadResult[]>; video: UploadResult | 
null };
 [2m105[0m |     error?: { message?: string };
 [2m106[0m |   }>(response);
 [2m107[0m | 
 [2m108[0m |   if (!response.ok || !payload?.success) {
 [2m109[0m |     const serverMessage = payload?.error?.message;
 [2m110[0m |     throw new Error(serverMessage || 
friendlyHttpError(response.status));
 [2m111[0m |   }
 [2m112[0m | 
 [2m113[0m |   return payload.data as {
 [2m114[0m |     documents: Record<string, UploadResult | UploadResult[]>;
 [2m115[0m |     images: Record<string, UploadResult[]>;
 [2m116[0m |     video: UploadResult | null;
 [2m117[0m |   };
 [2m118[0m | }
 [2m119[0m | export type UploadResult = {
 [2m120[0m |   id: string;
 [2m121[0m |   documentType?: string;
 [2m122[0m |   mediaType?: string;
 [2m123[0m |   category?: string;
 [2m124[0m |   originalFilename: string;
 [2m125[0m |   mimeType: string;
 [2m126[0m |   fileSize: number;
 [2m127[0m |   publicUrl?: string | null;
 [2m128[0m |   signedUrl?: string | null;
 [2m129[0m |   storagePath: string;
 [2m130[0m |   bucketName: string;
 [2m131[0m | };
 [2m132[0m | 
 [2m133[0m | export async function uploadSellerFile(
 [2m134[0m |   file: File,
 [2m135[0m |   bucket: "seller-documents" | "seller-images" | 
"seller-videos",
 [2m136[0m |   metadata: { documentType?: string; category?: string },
 [2m137[0m | ): Promise<UploadResult> {
 [2m138[0m |   const formData = new FormData();
 [2m139[0m |   formData.append("file", file);
 [2m140[0m |   formData.append("bucket", bucket);
 [2m141[0m |   if (metadata.documentType) formData.append("documentType", 
metadata.documentType);
 [2m142[0m |   if (metadata.category) formData.append("category", 
metadata.category);
 [2m143[0m | 
 [2m144[0m |   const response = await fetch("/api/onboarding/seller/upload", 
{
 [2m145[0m |     method: "POST",
 [2m146[0m |     credentials: "include",
 [2m147[0m |     body: formData,
 [2m148[0m |   });
 [2m149[0m | 
 [2m150[0m |   const payload = await response.json();
 [2m151[0m |   if (!response.ok || !payload.success) {
 [2m152[0m |     throw new Error(payload.error?.message || "Upload failed");
 [2m153[0m |   }
 [2m154[0m | 
 [2m155[0m |   return payload.data as UploadResult;
 [2m156[0m | }
 [2m157[0m | 
 [2m158[0m | export async function deleteSellerUpload(id: string, bucket: 
"seller-documents" | "seller-images" | "seller-videos"): Promise<void> {
     : [33;1m                      ^^^^^^^^^|^^^^^^^^[0m
     :                                [33;1m`-- [33;1m`deleteSellerUpload` 
redefined here[0m[0m
 [2m159[0m |   const response = await fetch(`/api/onboarding/seller/upload?id
=${encodeURIComponent(id)}&bucket=${encodeURIComponent(bucket)}`, {
 [2m160[0m |     method: "DELETE",
 [2m160[0m |     credentials: "include",
     `----

  [31mx[0m the name `fetchSellerAssets` is defined multiple times
     ,-[[36;1;4mC:\FREELANCING\Custom 
Tolerance\lib\marketplace\seller-upload-client.ts[0m:85:1]
 [2m 85[0m |   }
 [2m 86[0m | }
 [2m 87[0m | 
 [2m 88[0m | export async function fetchSellerAssets(includeSigned = false): 
Promise<{
     : [31;1m                      ^^^^^^^^|^^^^^^^^[0m
     :                               [31;1m`-- [31;1mprevious definition of 
`fetchSellerAssets` here[0m[0m
 [2m 89[0m |   documents: Record<string, UploadResult | UploadResult[]>;
 [2m 90[0m |   images: Record<string, UploadResult[]>;
 [2m 91[0m |   video: UploadResult | null;
 [2m 92[0m | }> {
 [2m 93[0m |   let response: Response;
 [2m 94[0m |   try {
 [2m 95[0m |     response = await 
fetch(`/api/onboarding/seller/assets?signed=${includeSigned ? "true" : 
"false"}`, {
 [2m 96[0m |       credentials: "include",
 [2m 97[0m |     });
 [2m 98[0m |   } catch {
 [2m 99[0m |     throw new Error("Unable to connect to server. Please check 
your internet connection.");
 [2m100[0m |   }
 [2m101[0m | 
 [2m102[0m |   const { data: payload } = await safeParseJson<{
 [2m103[0m |     success?: boolean;
 [2m104[0m |     data?: { documents: Record<string, UploadResult | 
UploadResult[]>; images: Record<string, UploadResult[]>; video: UploadResult | 
null };
 [2m105[0m |     error?: { message?: string };
 [2m106[0m |   }>(response);
 [2m107[0m | 
 [2m108[0m |   if (!response.ok || !payload?.success) {
 [2m109[0m |     const serverMessage = payload?.error?.message;
 [2m110[0m |     throw new Error(serverMessage || 
friendlyHttpError(response.status));
 [2m111[0m |   }
 [2m112[0m | 
 [2m113[0m |   return payload.data as {
 [2m114[0m |     documents: Record<string, UploadResult | UploadResult[]>;
 [2m115[0m |     images: Record<string, UploadResult[]>;
 [2m116[0m |     video: UploadResult | null;
 [2m117[0m |   };
 [2m118[0m | }
 [2m119[0m | export type UploadResult = {
 [2m120[0m |   id: string;
 [2m121[0m |   documentType?: string;
 [2m122[0m |   mediaType?: string;
 [2m123[0m |   category?: string;
 [2m124[0m |   originalFilename: string;
 [2m125[0m |   mimeType: string;
 [2m126[0m |   fileSize: number;
 [2m127[0m |   publicUrl?: string | null;
 [2m128[0m |   signedUrl?: string | null;
 [2m129[0m |   storagePath: string;
 [2m130[0m |   bucketName: string;
 [2m131[0m | };
 [2m132[0m | 
 [2m133[0m | export async function uploadSellerFile(
 [2m134[0m |   file: File,
 [2m135[0m |   bucket: "seller-documents" | "seller-images" | 
"seller-videos",
 [2m136[0m |   metadata: { documentType?: string; category?: string },
 [2m137[0m | ): Promise<UploadResult> {
 [2m138[0m |   const formData = new FormData();
 [2m139[0m |   formData.append("file", file);
 [2m140[0m |   formData.append("bucket", bucket);
 [2m141[0m |   if (metadata.documentType) formData.append("documentType", 
metadata.documentType);
 [2m142[0m |   if (metadata.category) formData.append("category", 
metadata.category);
 [2m143[0m | 
 [2m144[0m |   const response = await fetch("/api/onboarding/seller/upload", 
{
 [2m145[0m |     method: "POST",
 [2m146[0m |     credentials: "include",
 [2m147[0m |     body: formData,
 [2m148[0m |   });
 [2m149[0m | 
 [2m150[0m |   const payload = await response.json();
 [2m151[0m |   if (!response.ok || !payload.success) {
 [2m152[0m |     throw new Error(payload.error?.message || "Upload failed");
 [2m153[0m |   }
 [2m154[0m | 
 [2m155[0m |   return payload.data as UploadResult;
 [2m156[0m | }
 [2m157[0m | 
 [2m158[0m | export async function deleteSellerUpload(id: string, bucket: 
"seller-documents" | "seller-images" | "seller-videos"): Promise<void> {
 [2m159[0m |   const response = await fetch(`/api/onboarding/seller/upload?id
=${encodeURIComponent(id)}&bucket=${encodeURIComponent(bucket)}`, {
 [2m160[0m |     method: "DELETE",
 [2m161[0m |     credentials: "include",
 [2m162[0m |   });
 [2m163[0m | 
 [2m164[0m |   const payload = await response.json();
 [2m165[0m |   if (!response.ok || !payload.success) {
 [2m166[0m |     throw new Error(payload.error?.message || "Delete failed");
 [2m167[0m |   }
 [2m168[0m | }
 [2m169[0m | 
 [2m170[0m | export async function fetchSellerAssets(includeSigned = false): 
Promise<{
     : [33;1m                      ^^^^^^^^|^^^^^^^^[0m
     :                               [33;1m`-- [33;1m`fetchSellerAssets` 
redefined here[0m[0m
 [2m171[0m |   documents: Record<string, UploadResult | UploadResult[]>;
 [2m172[0m |   images: Record<string, UploadResult[]>;
 [2m172[0m |   video: UploadResult | null;
     `----

Import trace for requested module:
./lib/marketplace/seller-upload-client.ts
./app/onboarding/seller/page.tsx


> Build failed because of webpack errors
